 coremon

 Timestamp is 5ecb69d7 (Mon May 25 15:46:47 2020)

 Preferred load address is 0000000180000000

 Start         Length     Name                   Class
 0001:00000000 000046baH .text$di                CODE
 0001:000046c0 0001db88H .text$mn                CODE
 0001:00022250 000023c4H .text$x                 CODE
 0001:00024620 000014daH .text$yd                CODE
 0002:00000000 00000109H .CRT$XCA                DATA
 0002:00000110 00000109H .CRT$XCL                DATA
 0002:00000220 0000038cH .CRT$XCU                DATA
 0002:000005b0 00000109H .CRT$XCZ                DATA
 0002:000006c0 00000109H .CRT$XIA                DATA
 0002:000007d0 00000109H .CRT$XIAA               DATA
 0002:000008e0 00000109H .CRT$XIC                DATA
 0002:000009f0 00000109H .CRT$XIZ                DATA
 0002:00000b00 00011fa8H .rdata                  DATA
 0002:00012aa8 00000186H .rdata$debug            DATA
 0002:00012c30 00000f07H .rdata$r                DATA
 0002:00013b38 00000109H .rtc$IAA                DATA
 0002:00013c48 000001beH .rtc$IMZ                DATA
 0002:00013e08 00000109H .rtc$IZZ                DATA
 0002:00013f18 00000109H .rtc$TAA                DATA
 0002:00014028 000001beH .rtc$TMZ                DATA
 0002:000141e8 00000109H .rtc$TZZ                DATA
 0002:000142f8 00003625H .xdata                  DATA
 0002:00017920 00000200H .xdata$x                DATA
 0002:00017b20 00000109H ATL$__a                 DATA
 0002:00017c30 00000109H ATL$__z                 DATA
 0002:00017d40 00000a97H .edata                  DATA
 0003:00000000 00000168H .data                   DATA
 0003:00000170 000007e7H .data$r                 DATA
 0003:00000960 000032c8H .bss                    DATA
 0004:00000000 00002af0H .pdata                  DATA
 0005:00000000 00000a68H .idata$5                DATA
 0005:00000a68 0000008cH .idata$2                DATA
 0005:00000af4 00000014H .idata$3                DATA
 0005:00000b08 00000a68H .idata$4                DATA
 0005:00001570 00001493H .idata$6                DATA
 0006:00000000 000001c0H .rsrc$01                DATA
 0006:000001c0 00000769H .rsrc$02                DATA

  Address         Publics by Value              Rva+Base               Lib:Object

 0000:00000000       __guard_fids_table         0000000000000000     <absolute>
 0000:00000000       __guard_flags              0000000000000000     <absolute>
 0000:00000000       __guard_fids_count         0000000000000000     <absolute>
 0000:00000000       ___safe_se_handler_count   0000000000000000     <absolute>
 0000:00000000       ___safe_se_handler_table   0000000000000000     <absolute>
 0000:00000000       __ImageBase                0000000180000000     <linker-defined>
 0001:000046c0       ??0BitConverter@@QEAA@XZ   00000001800056c0 f   BitConverter.obj
 0001:000046e0       ??1BitConverter@@QEAA@XZ   00000001800056e0 f   BitConverter.obj
 0001:000046f0       ?ToUInt32@BitConverter@@SAIAEAV?$CArray@EAEBE@@H@Z 00000001800056f0 f   BitConverter.obj
 0001:000047a0       ?ToInt8@BitConverter@@SAHAEAV?$CArray@EAEBE@@H@Z 00000001800057a0 f   BitConverter.obj
 0001:00004850       ?ToInt32@BitConverter@@SAHAEAV?$CArray@EAEBE@@H@Z 0000000180005850 f   BitConverter.obj
 0001:00004900       ?ToUInt16@BitConverter@@SAGAEAV?$CArray@EAEBE@@H@Z 0000000180005900 f   BitConverter.obj
 0001:000049b0       ?ToInt16@BitConverter@@SAFAEAV?$CArray@EAEBE@@H@Z 00000001800059b0 f   BitConverter.obj
 0001:00004a60       ?ToSingle@BitConverter@@SAMAEAV?$CArray@EAEBE@@H@Z 0000000180005a60 f   BitConverter.obj
 0001:00004b20       ?ToStringFromUTF8@BitConverter@@SA?AV?$CStringT@_WV?$StrTraitMFC_DLL@_WV?$ChTraitsCRT@_W@ATL@@@@@ATL@@AEAV?$CArray@EAEBE@@HH@Z 0000000180005b20 f   BitConverter.obj
 0001:00004ca0       ?convertUTF8@BitConverter@@SAHAEAV?$CStringT@_WV?$StrTraitMFC_DLL@_WV?$ChTraitsCRT@_W@ATL@@@@@ATL@@PEADH@Z 0000000180005ca0 f   BitConverter.obj
 0001:00004f80       ??0?$CTraceCategoryEx@$0CAAA@$0A@@ATL@@QEAA@PEB_W@Z 0000000180005f80 f i BitConverter.obj
 0001:00004fd0       ??A?$CArray@EAEBE@@QEAAAEAE_J@Z 0000000180005fd0 f i BitConverter.obj
 0001:00005020       ?ElementAt@?$CArray@EAEBE@@QEAAAEAE_J@Z 0000000180006020 f i BitConverter.obj
 0001:000050d0       ?GetData@?$CArray@EAEBE@@QEAAPEAEXZ 00000001800060d0 f i BitConverter.obj
 0001:000050f0       ?RegisterCategory@CTrace@ATL@@SAXPEB_WI@Z 00000001800060f0 f i BitConverter.obj
 0001:00005200       cmon_create_robot          0000000180006200 f   coremon.obj
 0001:00005280       cmon_delete_robot          0000000180006280 f   coremon.obj
 0001:000052d0       cmon_start_remote_control  00000001800062d0 f   coremon.obj
 0001:00005330       cmon_stop_remote_control   0000000180006330 f   coremon.obj
 0001:00005390       cmon_get_robot_address     0000000180006390 f   coremon.obj
 0001:00005490       cmon_get_robot_connection_status 0000000180006490 f   coremon.obj
 0001:000054f0       cmon_execute_command       00000001800064f0 f   coremon.obj
 0001:00005550       cmon_execute_instruction   0000000180006550 f   coremon.obj
 0001:000055b0       cmon_get_lock_status       00000001800065b0 f   coremon.obj
 0001:00005630       cmon_get_error_status      0000000180006630 f   coremon.obj
 0001:000056a0       cmon_get_tcr_mode          00000001800066a0 f   coremon.obj
 0001:00005710       cmon_get_hold_status       0000000180006710 f   coremon.obj
 0001:00005780       cmon_get_hold_done_status  0000000180006780 f   coremon.obj
 0001:000057f0       cmon_get_moving_status     00000001800067f0 f   coremon.obj
 0001:00005860       cmon_get_tp_enable_status  0000000180006860 f   coremon.obj
 0001:000058d0       cmon_get_motor_on_status   00000001800068d0 f   coremon.obj
 0001:00005940       cmon_get_inching_status    0000000180006940 f   coremon.obj
 0001:000059b0       cmon_get_teach_coordinate  00000001800069b0 f   coremon.obj
 0001:00005a20       cmon_get_teach_speed       0000000180006a20 f   coremon.obj
 0001:00005a90       cmon_get_joint_position    0000000180006a90 f   coremon.obj
 0001:00005b40       cmon_get_trans_position    0000000180006b40 f   coremon.obj
 0001:00005bf0       cmon_get_din               0000000180006bf0 f   coremon.obj
 0001:00005ca0       cmon_get_dout              0000000180006ca0 f   coremon.obj
 0001:00005d50       cmon_get_maintask_name     0000000180006d50 f   coremon.obj
 0001:00005e60       cmon_get_maintask_cur_step 0000000180006e60 f   coremon.obj
 0001:00005ed0       cmon_get_maintask_move_step 0000000180006ed0 f   coremon.obj
 0001:00005ef0       cmon_get_maintask_step_count 0000000180006ef0 f   coremon.obj
 0001:00005f60       cmon_get_maintask_cycle    0000000180006f60 f   coremon.obj
 0001:00005fd0       cmon_get_maintask_cur_cycle 0000000180006fd0 f   coremon.obj
 0001:00006040       cmon_get_maintask_status   0000000180007040 f   coremon.obj
 0001:000060b0       cmon_get_subtask_name      00000001800070b0 f   coremon.obj
 0001:000061c0       cmon_get_subtask_cur_step  00000001800071c0 f   coremon.obj
 0001:00006230       cmon_get_subtask_step_count 0000000180007230 f   coremon.obj
 0001:000062a0       cmon_get_subtask_cycle     00000001800072a0 f   coremon.obj
 0001:00006310       cmon_get_subtask_cur_cycle 0000000180007310 f   coremon.obj
 0001:00006380       cmon_get_program_list      0000000180007380 f   coremon.obj
 0001:00006480       cmon_get_program_steps     0000000180007480 f   coremon.obj
 0001:00006560       cmon_set_program_steps     0000000180007560 f   coremon.obj
 0001:000065d0       cmon_get_cur_velocity      00000001800075d0 f   coremon.obj
 0001:00006680       cmon_get_cur_torque        0000000180007680 f   coremon.obj
 0001:00006730       cmon_get_cur_position      0000000180007730 f   coremon.obj
 0001:000067e0       cmon_set_log_start         00000001800077e0 f   coremon.obj
 0001:00006840       cmon_get_log_cur_velocity  0000000180007840 f   coremon.obj
 0001:000068b0       cmon_get_log_cur_torque    00000001800078b0 f   coremon.obj
 0001:00006920       cmon_get_log_cur_position  0000000180007920 f   coremon.obj
 0001:00006990       cmon_set_lock              0000000180007990 f   coremon.obj
 0001:000069f0       cmon_set_unlock            00000001800079f0 f   coremon.obj
 0001:00006a50       cmon_set_motor_on          0000000180007a50 f   coremon.obj
 0001:00006ab0       cmon_set_teach_mode        0000000180007ab0 f   coremon.obj
 0001:00006b10       cmon_set_tp_enable         0000000180007b10 f   coremon.obj
 0001:00006b70       cmon_set_teach_coordinate  0000000180007b70 f   coremon.obj
 0001:00006bd0       cmon_set_teach_speed       0000000180007bd0 f   coremon.obj
 0001:00006c30       cmon_reset_error           0000000180007c30 f   coremon.obj
 0001:00006c90       cmon_set_inching_on        0000000180007c90 f   coremon.obj
 0001:00006cf0       cmon_set_jog_on            0000000180007cf0 f   coremon.obj
 0001:00006d60       cmon_set_jog_off           0000000180007d60 f   coremon.obj
 0001:00006dd0       cmon_get_slog_size         0000000180007dd0 f   coremon.obj
 0001:00006e40       cmon_get_slog              0000000180007e40 f   coremon.obj
 0001:00006f40       cmon_get_number_data       0000000180007f40 f   coremon.obj
 0001:00006fb0       cmon_set_number_data       0000000180007fb0 f   coremon.obj
 0001:000071d0       cmon_get_error_code        00000001800081d0 f   coremon.obj
 0001:00007230       getRobot                   0000000180008230 f   coremon.obj
 0001:00007280       cmon_get_string_data       0000000180008280 f   coremon.obj
 0001:00007b00       ??$_Allocate@D@std@@YAPEAD_KPEAD@Z 0000000180008b00 f i coremon.obj
 0001:00007b80       ??$_Allocate@U_Container_proxy@std@@@std@@YAPEAU_Container_proxy@0@_KPEAU10@@Z 0000000180008b80 f i coremon.obj
 0001:00007c10       ??$_Debug_pointer@D@std@@YAXPEBDPEB_WI@Z 0000000180008c10 f i coremon.obj
 0001:00007c70       ??$addressof@D@std@@YAPEADAEAD@Z 0000000180008c70 f i coremon.obj
 0001:00007c80       ??$construct@PEADAEAPEAD@?$_Wrap_alloc@V?$allocator@D@std@@@std@@QEAAXPEAPEADAEAPEAD@Z 0000000180008c80 f i coremon.obj
 0001:00007ce0       ??$construct@PEADAEAPEAD@?$allocator@D@std@@QEAAXPEAPEADAEAPEAD@Z 0000000180008ce0 f i coremon.obj
 0001:00007d90       ??$construct@PEADAEAPEAD@?$allocator_traits@V?$allocator@D@std@@@std@@SAXAEAV?$allocator@D@1@PEAPEADAEAPEAD@Z 0000000180008d90 f i coremon.obj
 0001:00007df0       ??$construct@U_Container_proxy@std@@U12@@?$allocator@U_Container_proxy@std@@@std@@QEAAXPEAU_Container_proxy@1@$$QEAU21@@Z 0000000180008df0 f i coremon.obj
 0001:00007ea0       ??$destroy@PEAD@?$_Wrap_alloc@V?$allocator@D@std@@@std@@QEAAXPEAPEAD@Z 0000000180008ea0 f i coremon.obj
 0001:00007ef0       ??$destroy@PEAD@?$allocator@D@std@@QEAAXPEAPEAD@Z 0000000180008ef0 f i coremon.obj
 0001:00007f00       ??$destroy@PEAD@?$allocator_traits@V?$allocator@D@std@@@std@@SAXAEAV?$allocator@D@1@PEAPEAD@Z 0000000180008f00 f i coremon.obj
 0001:00007f50       ??$destroy@U_Container_proxy@std@@@?$allocator@U_Container_proxy@std@@@std@@QEAAXPEAU_Container_proxy@1@@Z 0000000180008f50 f i coremon.obj
 0001:00007f60       ??$forward@AEAPEAD@std@@YAAEAPEADAEAPEAD@Z 0000000180008f60 f i coremon.obj
 0001:00007f70       ??$forward@U_Container_proxy@std@@@std@@YA$$QEAU_Container_proxy@0@AEAU10@@Z 0000000180008f70 f i coremon.obj
 0001:00007f80       ??0?$CTraceCategoryEx@$0CAAAA@$0A@@ATL@@QEAA@PEB_W@Z 0000000180008f80 f i coremon.obj
 0001:00007fd0       ??0?$_String_alloc@$0A@U?$_String_base_types@DV?$allocator@D@std@@@std@@@std@@QEAA@AEBV?$allocator@D@1@@Z 0000000180008fd0 f i coremon.obj
 0001:00008030       ??0?$_String_val@U?$_Simple_types@D@std@@@std@@QEAA@XZ 0000000180009030 f i coremon.obj
 0001:000080a0       ??0?$_Wrap_alloc@V?$allocator@D@std@@@std@@QEAA@XZ 00000001800090a0 f i coremon.obj
 0001:000080e0       ??0?$allocator@D@std@@QEAA@XZ 00000001800090e0 f i coremon.obj
 0001:000080f0       ??0?$allocator@U_Container_proxy@std@@@std@@QEAA@XZ 00000001800090f0 f i coremon.obj
 0001:00008100       ??0?$basic_string@DU?$char_traits@D@std@@V?$allocator@D@2@@std@@QEAA@PEBD@Z 0000000180009100 f i coremon.obj
 0001:00008190       ??0_Container_proxy@std@@QEAA@XZ 0000000180009190 f i coremon.obj
 0001:000081c0       ??0_Generic_error_category@std@@QEAA@XZ 00000001800091c0 f i coremon.obj
 0001:00008220       ??0_Iostream_error_category@std@@QEAA@XZ 0000000180009220 f i coremon.obj
 0001:00008280       ??0_System_error_category@std@@QEAA@XZ 0000000180009280 f i coremon.obj
 0001:000082e0       ??0error_category@std@@QEAA@XZ 00000001800092e0 f i coremon.obj
 0001:00008310       ??0error_condition@std@@QEAA@HAEBVerror_category@1@@Z 0000000180009310 f i coremon.obj
 0001:00008350       ??1?$_String_alloc@$0A@U?$_String_base_types@DV?$allocator@D@std@@@std@@@std@@QEAA@XZ 0000000180009350 f i coremon.obj
 0001:000083a0       ??1?$_String_val@U?$_Simple_types@D@std@@@std@@QEAA@XZ 00000001800093a0 f i coremon.obj
 0001:000083e0       ??1_Generic_error_category@std@@UEAA@XZ 00000001800093e0 f i coremon.obj
 0001:00008420       ??1_Iostream_error_category@std@@UEAA@XZ 0000000180009420 f i coremon.obj
 0001:00008460       ??1_System_error_category@std@@UEAA@XZ 0000000180009460 f i coremon.obj
 0001:000084a0       ??1error_category@std@@UEAA@XZ 00000001800094a0 f i coremon.obj
 0001:000084c0       ??2@YAPEAX_KPEAX@Z         00000001800094c0 f i coremon.obj
 0001:000084e0       ??3@YAXPEAX0@Z             00000001800094e0 f i coremon.obj
 0001:000084f0       ??8error_category@std@@QEBA_NAEBV01@@Z 00000001800094f0 f i coremon.obj
 0001:00008550       ??8error_condition@std@@QEBA_NAEBV01@@Z 0000000180009550 f i coremon.obj
 0001:00008610       ??_E_Generic_error_category@std@@UEAAPEAXI@Z 0000000180009610 f i coremon.obj
 0001:00008610       ??_G_Generic_error_category@std@@UEAAPEAXI@Z 0000000180009610 f i coremon.obj
 0001:00008670       ??_G_Iostream_error_category@std@@UEAAPEAXI@Z 0000000180009670 f i coremon.obj
 0001:00008670       ??_E_Iostream_error_category@std@@UEAAPEAXI@Z 0000000180009670 f i coremon.obj
 0001:000086d0       ??_G_System_error_category@std@@UEAAPEAXI@Z 00000001800096d0 f i coremon.obj
 0001:000086d0       ??_E_System_error_category@std@@UEAAPEAXI@Z 00000001800096d0 f i coremon.obj
 0001:00008730       ??_Eerror_category@std@@UEAAPEAXI@Z 0000000180009730 f i coremon.obj
 0001:00008730       ??_Gerror_category@std@@UEAAPEAXI@Z 0000000180009730 f i coremon.obj
 0001:00008790       ?RStatus@XRobot@@QEAAAEBVRobotStatus@@XZ 0000000180009790 f i coremon.obj
 0001:000087b0       ?_Alloc_proxy@?$_String_alloc@$0A@U?$_String_base_types@DV?$allocator@D@std@@@std@@@std@@QEAAXXZ 00000001800097b0 f i coremon.obj
 0001:00008860       ?_Copy@?$basic_string@DU?$char_traits@D@std@@V?$allocator@D@2@@std@@QEAAX_K0@Z 0000000180009860 f i coremon.obj
 0001:00008b00       ?_Eos@?$basic_string@DU?$char_traits@D@std@@V?$allocator@D@2@@std@@QEAAX_K@Z 0000000180009b00 f i coremon.obj
 0001:00008b70       ?_Free_proxy@?$_String_alloc@$0A@U?$_String_base_types@DV?$allocator@D@std@@@std@@@std@@QEAAXXZ 0000000180009b70 f i coremon.obj
 0001:00008c10       ?_Getal@?$_String_alloc@$0A@U?$_String_base_types@DV?$allocator@D@std@@@std@@@std@@QEBA?AU?$_Wrap_alloc@V?$allocator@D@std@@@2@XZ 0000000180009c10 f i coremon.obj
 0001:00008c60       ?_Grow@?$basic_string@DU?$char_traits@D@std@@V?$allocator@D@2@@std@@QEAA_N_K_N@Z 0000000180009c60 f i coremon.obj
 0001:00008da0       ?_Inside@?$basic_string@DU?$char_traits@D@std@@V?$allocator@D@2@@std@@QEAA_NPEBD@Z 0000000180009da0 f i coremon.obj
 0001:00008e20       ?_Myptr@?$_String_val@U?$_Simple_types@D@std@@@std@@QEAAPEADXZ 0000000180009e20 f i coremon.obj
 0001:00008e90       ?_Myptr@?$_String_val@U?$_Simple_types@D@std@@@std@@QEBAPEBDXZ 0000000180009e90 f i coremon.obj
 0001:00008f00       ?_Tidy@?$basic_string@DU?$char_traits@D@std@@V?$allocator@D@2@@std@@QEAAX_N_K@Z 0000000180009f00 f i coremon.obj
 0001:00009040       ?_Xlen@?$basic_string@DU?$char_traits@D@std@@V?$allocator@D@2@@std@@QEBAXXZ 000000018000a040 f i coremon.obj
 0001:00009080       ?_Xran@?$basic_string@DU?$char_traits@D@std@@V?$allocator@D@2@@std@@QEBAXXZ 000000018000a080 f i coremon.obj
 0001:000090c0       ?allocate@?$_Wrap_alloc@V?$allocator@D@std@@@std@@QEAAPEAD_K@Z 000000018000a0c0 f i coremon.obj
 0001:00009110       ?allocate@?$allocator@D@std@@QEAAPEAD_K@Z 000000018000a110 f i coremon.obj
 0001:00009160       ?allocate@?$allocator@U_Container_proxy@std@@@std@@QEAAPEAU_Container_proxy@2@_K@Z 000000018000a160 f i coremon.obj
 0001:000091b0       ?assign@?$basic_string@DU?$char_traits@D@std@@V?$allocator@D@2@@std@@QEAAAEAV12@AEBV12@_K1@Z 000000018000a1b0 f i coremon.obj
 0001:00009310       ?assign@?$basic_string@DU?$char_traits@D@std@@V?$allocator@D@2@@std@@QEAAAEAV12@PEBD@Z 000000018000a310 f i coremon.obj
 0001:00009390       ?assign@?$basic_string@DU?$char_traits@D@std@@V?$allocator@D@2@@std@@QEAAAEAV12@PEBD_K@Z 000000018000a390 f i coremon.obj
 0001:000094a0       ?assign@?$char_traits@D@std@@SAXAEADAEBD@Z 000000018000a4a0 f i coremon.obj
 0001:000094d0       ?category@error_code@std@@QEBAAEBVerror_category@2@XZ 000000018000a4d0 f i coremon.obj
 0001:000094f0       ?category@error_condition@std@@QEBAAEBVerror_category@2@XZ 000000018000a4f0 f i coremon.obj
 0001:00009510       ?copy@?$char_traits@D@std@@SAPEADPEADPEBD_K@Z 000000018000a510 f i coremon.obj
 0001:00009590       ?deallocate@?$_Wrap_alloc@V?$allocator@D@std@@@std@@QEAAXPEAD_K@Z 000000018000a590 f i coremon.obj
 0001:000095f0       ?deallocate@?$allocator@D@std@@QEAAXPEAD_K@Z 000000018000a5f0 f i coremon.obj
 0001:00009640       ?deallocate@?$allocator@U_Container_proxy@std@@@std@@QEAAXPEAU_Container_proxy@2@_K@Z 000000018000a640 f i coremon.obj
 0001:00009690       ?default_error_condition@_System_error_category@std@@UEBA?AVerror_condition@2@H@Z 000000018000a690 f i coremon.obj
 0001:00009730       ?default_error_condition@error_category@std@@UEBA?AVerror_condition@2@H@Z 000000018000a730 f i coremon.obj
 0001:00009790       ?equivalent@error_category@std@@UEBA_NAEBVerror_code@2@H@Z 000000018000a790 f i coremon.obj
 0001:00009820       ?equivalent@error_category@std@@UEBA_NHAEBVerror_condition@2@@Z 000000018000a820 f i coremon.obj
 0001:00009890       ?erase@?$basic_string@DU?$char_traits@D@std@@V?$allocator@D@2@@std@@QEAAAEAV12@_K0@Z 000000018000a890 f i coremon.obj
 0001:000099b0       ?erase@?$basic_string@DU?$char_traits@D@std@@V?$allocator@D@2@@std@@QEAAAEAV12@_K@Z 000000018000a9b0 f i coremon.obj
 0001:00009a20       ?generic_category@std@@YAAEBVerror_category@1@XZ 000000018000aa20 f i coremon.obj
 0001:00009a30       ?getCurJoint@RobotStatus@@QEBAPEBMXZ 000000018000aa30 f i coremon.obj
 0001:00009a60       ?getCurPosition@RobotStatus@@QEBAPEBJXZ 000000018000aa60 f i coremon.obj
 0001:00009a90       ?getCurTorque@RobotStatus@@QEBAPEBFXZ 000000018000aa90 f i coremon.obj
 0001:00009ac0       ?getCurTrans@RobotStatus@@QEBAPEBMXZ 000000018000aac0 f i coremon.obj
 0001:00009af0       ?getCurVelocity@RobotStatus@@QEBAPEBJXZ 000000018000aaf0 f i coremon.obj
 0001:00009b20       ?getID@XRobot@@QEAAHXZ     000000018000ab20 f i coremon.obj
 0001:00009b40       ?length@?$char_traits@D@std@@SA_KPEBD@Z 000000018000ab40 f i coremon.obj
 0001:00009bb0       ?max_size@?$_Wrap_alloc@V?$allocator@D@std@@@std@@QEBA_KXZ 000000018000abb0 f i coremon.obj
 0001:00009bf0       ?max_size@?$allocator@D@std@@QEBA_KXZ 000000018000abf0 f i coremon.obj
 0001:00009c10       ?max_size@?$allocator_traits@V?$allocator@D@std@@@std@@SA_KAEBV?$allocator@D@2@@Z 000000018000ac10 f i coremon.obj
 0001:00009c50       ?max_size@?$basic_string@DU?$char_traits@D@std@@V?$allocator@D@2@@std@@QEBA_KXZ 000000018000ac50 f i coremon.obj
 0001:00009cd0       ?message@_Generic_error_category@std@@UEBA?AV?$basic_string@DU?$char_traits@D@std@@V?$allocator@D@2@@2@H@Z 000000018000acd0 f i coremon.obj
 0001:00009d80       ?message@_Iostream_error_category@std@@UEBA?AV?$basic_string@DU?$char_traits@D@std@@V?$allocator@D@2@@2@H@Z 000000018000ad80 f i coremon.obj
 0001:00009e30       ?message@_System_error_category@std@@UEBA?AV?$basic_string@DU?$char_traits@D@std@@V?$allocator@D@2@@2@H@Z 000000018000ae30 f i coremon.obj
 0001:00009ee0       ?move@?$char_traits@D@std@@SAPEADPEADPEBD_K@Z 000000018000aee0 f i coremon.obj
 0001:00009f60       ?name@_Generic_error_category@std@@UEBAPEBDXZ 000000018000af60 f i coremon.obj
 0001:00009f80       ?name@_Iostream_error_category@std@@UEBAPEBDXZ 000000018000af80 f i coremon.obj
 0001:00009fa0       ?name@_System_error_category@std@@UEBAPEBDXZ 000000018000afa0 f i coremon.obj
 0001:00009fc0       ?size@?$basic_string@DU?$char_traits@D@std@@V?$allocator@D@2@@std@@QEBA_KXZ 000000018000afc0 f i coremon.obj
 0001:00009fe0       ?system_category@std@@YAAEBVerror_category@1@XZ 000000018000afe0 f i coremon.obj
 0001:00009ff0       ?value@error_code@std@@QEBAHXZ 000000018000aff0 f i coremon.obj
 0001:0000a010       ?value@error_condition@std@@QEBAHXZ 000000018000b010 f i coremon.obj
 0001:0000a030       ExtRawDllMain              000000018000b030 f   dllmain.obj
 0001:0000a0d0       DllMain                    000000018000b0d0 f   dllmain.obj
 0001:0000a280       ?_AfxInitManaged@@YAHXZ    000000018000b280 f i dllmain.obj
 0001:0000a290       ??$AtlAdd@H@ATL@@YAJPEAHHH@Z 000000018000b290 f i dllmain.obj
 0001:0000a310       ??$AtlAdd@K@ATL@@YAJPEAKKK@Z 000000018000b310 f i dllmain.obj
 0001:0000a390       ??$AtlAdd@_K@ATL@@YAJPEA_K_K1@Z 000000018000b390 f i dllmain.obj
 0001:0000a410       ??$AtlAlignUp@H@ATL@@YAHHK@Z 000000018000b410 f i dllmain.obj
 0001:0000a440       ??$AtlMultiply@K@ATL@@YAJPEAKKK@Z 000000018000b440 f i dllmain.obj
 0001:0000a4c0       ??$AtlMultiply@_K@ATL@@YAJPEA_K_K1@Z 000000018000b4c0 f i dllmain.obj
 0001:0000a560       ??0?$CSimpleArray@GV?$CSimpleArrayEqualHelper@G@ATL@@@ATL@@QEAA@XZ 000000018000b560 f i dllmain.obj
 0001:0000a5a0       ??0?$CTraceCategoryEx@$00$0A@@ATL@@QEAA@PEB_W@Z 000000018000b5a0 f i dllmain.obj
 0001:0000a5f0       ??0?$CTraceCategoryEx@$01$0A@@ATL@@QEAA@PEB_W@Z 000000018000b5f0 f i dllmain.obj
 0001:0000a640       ??0?$CTraceCategoryEx@$03$0A@@ATL@@QEAA@PEB_W@Z 000000018000b640 f i dllmain.obj
 0001:0000a690       ??0?$CTraceCategoryEx@$07$0A@@ATL@@QEAA@PEB_W@Z 000000018000b690 f i dllmain.obj
 0001:0000a6e0       ??0?$CTraceCategoryEx@$0BA@$0A@@ATL@@QEAA@PEB_W@Z 000000018000b6e0 f i dllmain.obj
 0001:0000a730       ??0?$CTraceCategoryEx@$0BAA@$0A@@ATL@@QEAA@PEB_W@Z 000000018000b730 f i dllmain.obj
 0001:0000a780       ??0?$CTraceCategoryEx@$0BAAA@$0A@@ATL@@QEAA@PEB_W@Z 000000018000b780 f i dllmain.obj
 0001:0000a7d0       ??0?$CTraceCategoryEx@$0BAAAA@$0A@@ATL@@QEAA@PEB_W@Z 000000018000b7d0 f i dllmain.obj
 0001:0000a820       ??0?$CTraceCategoryEx@$0BAAAAA@$0A@@ATL@@QEAA@PEB_W@Z 000000018000b820 f i dllmain.obj
 0001:0000a870       ??0?$CTraceCategoryEx@$0CA@$0A@@ATL@@QEAA@PEB_W@Z 000000018000b870 f i dllmain.obj
 0001:0000a8c0       ??0?$CTraceCategoryEx@$0CAA@$0A@@ATL@@QEAA@PEB_W@Z 000000018000b8c0 f i dllmain.obj
 0001:0000a910       ??0?$CTraceCategoryEx@$0CAAAAA@$0A@@ATL@@QEAA@PEB_W@Z 000000018000b910 f i dllmain.obj
 0001:0000a960       ??0?$CTraceCategoryEx@$0EA@$0A@@ATL@@QEAA@PEB_W@Z 000000018000b960 f i dllmain.obj
 0001:0000a9b0       ??0?$CTraceCategoryEx@$0EAA@$0A@@ATL@@QEAA@PEB_W@Z 000000018000b9b0 f i dllmain.obj
 0001:0000aa00       ??0?$CTraceCategoryEx@$0EAAA@$0A@@ATL@@QEAA@PEB_W@Z 000000018000ba00 f i dllmain.obj
 0001:0000aa50       ??0?$CTraceCategoryEx@$0EAAAA@$0A@@ATL@@QEAA@PEB_W@Z 000000018000ba50 f i dllmain.obj
 0001:0000aaa0       ??0?$CTraceCategoryEx@$0EAAAAA@$0A@@ATL@@QEAA@PEB_W@Z 000000018000baa0 f i dllmain.obj
 0001:0000aaf0       ??0?$CTraceCategoryEx@$0IA@$0A@@ATL@@QEAA@PEB_W@Z 000000018000baf0 f i dllmain.obj
 0001:0000ab40       ??0?$CTraceCategoryEx@$0IAA@$0A@@ATL@@QEAA@PEB_W@Z 000000018000bb40 f i dllmain.obj
 0001:0000ab90       ??0?$CTraceCategoryEx@$0IAAA@$0A@@ATL@@QEAA@PEB_W@Z 000000018000bb90 f i dllmain.obj
 0001:0000abe0       ??0?$CTraceCategoryEx@$0IAAAA@$0A@@ATL@@QEAA@PEB_W@Z 000000018000bbe0 f i dllmain.obj
 0001:0000ac30       ??0CAtlComModule@ATL@@QEAA@XZ 000000018000bc30 f i dllmain.obj
 0001:0000ada0       ??0CAtlStringMgr@ATL@@QEAA@PEAUIAtlMemMgr@1@@Z 000000018000bda0 f i dllmain.obj
 0001:0000ae30       ??0CAtlWinModule@ATL@@QEAA@XZ 000000018000be30 f i dllmain.obj
 0001:0000af00       ??0CComCriticalSection@ATL@@QEAA@XZ 000000018000bf00 f i dllmain.obj
 0001:0000af50       ??0CNilStringData@ATL@@QEAA@XZ 000000018000bf50 f i dllmain.obj
 0001:0000afd0       ??0CTraceFileAndLineInfo@ATL@@QEAA@PEBDH@Z 000000018000bfd0 f i dllmain.obj
 0001:0000b010       ??0CWin32Heap@ATL@@QEAA@PEAX@Z 000000018000c010 f i dllmain.obj
 0001:0000b0d0       ??0_ATL_COM_MODULE70@ATL@@QEAA@XZ 000000018000c0d0 f i dllmain.obj
 0001:0000b120       ??0_ATL_WIN_MODULE70@ATL@@QEAA@XZ 000000018000c120 f i dllmain.obj
 0001:0000b190       ??1?$CSimpleArray@GV?$CSimpleArrayEqualHelper@G@ATL@@@ATL@@QEAA@XZ 000000018000c190 f i dllmain.obj
 0001:0000b1d0       ??1CAtlComModule@ATL@@QEAA@XZ 000000018000c1d0 f i dllmain.obj
 0001:0000b230       ??1CAtlStringMgr@ATL@@UEAA@XZ 000000018000c230 f i dllmain.obj
 0001:0000b260       ??1CAtlWinModule@ATL@@QEAA@XZ 000000018000c260 f i dllmain.obj
 0001:0000b2c0       ??1CComCriticalSection@ATL@@QEAA@XZ 000000018000c2c0 f i dllmain.obj
 0001:0000b2d0       ??1CWin32Heap@ATL@@UEAA@XZ 000000018000c2d0 f i dllmain.obj
 0001:0000b3a0       ??1_ATL_COM_MODULE70@ATL@@QEAA@XZ 000000018000c3a0 f i dllmain.obj
 0001:0000b3f0       ??1_ATL_WIN_MODULE70@ATL@@QEAA@XZ 000000018000c3f0 f i dllmain.obj
 0001:0000b460       ??A?$CSimpleArray@GV?$CSimpleArrayEqualHelper@G@ATL@@@ATL@@QEAAAEAGH@Z 000000018000c460 f i dllmain.obj
 0001:0000b540       ??B?$CTraceCategoryEx@$00$0A@@ATL@@QEAAIXZ 000000018000c540 f i dllmain.obj
 0001:0000b550       ??B?$CTraceCategoryEx@$01$0A@@ATL@@QEAAIXZ 000000018000c550 f i dllmain.obj
 0001:0000b560       ??B?$CTraceCategoryEx@$0CA@$0A@@ATL@@QEAAIXZ 000000018000c560 f i dllmain.obj
 0001:0000b570       ??B?$CTypedSimpleList@PEAUCRuntimeClass@@@@QEAAPEAUCRuntimeClass@@XZ 000000018000c570 f i dllmain.obj
 0001:0000b5b0       ??B?$CTypedSimpleList@PEAVCOleObjectFactory@@@@QEAAPEAVCOleObjectFactory@@XZ 000000018000c5b0 f i dllmain.obj
 0001:0000b5f0       ??RCTraceFileAndLineInfo@ATL@@QEBAXHIPEB_WZZ 000000018000c5f0 f i dllmain.obj
 0001:0000b6a0       ??RCTraceFileAndLineInfo@ATL@@QEBAXPEB_WZZ 000000018000c6a0 f i dllmain.obj
 0001:0000b760       ??_ECAtlStringMgr@ATL@@UEAAPEAXI@Z 000000018000c760 f i dllmain.obj
 0001:0000b760       ??_GCAtlStringMgr@ATL@@UEAAPEAXI@Z 000000018000c760 f i dllmain.obj
 0001:0000b7c0       ??_GCWin32Heap@ATL@@UEAAPEAXI@Z 000000018000c7c0 f i dllmain.obj
 0001:0000b7c0       ??_ECWin32Heap@ATL@@UEAAPEAXI@Z 000000018000c7c0 f i dllmain.obj
 0001:0000b820       ?AddRef@CStringData@ATL@@QEAAXXZ 000000018000c820 f i dllmain.obj
 0001:0000b8c0       ?Allocate@CAtlStringMgr@ATL@@UEAAPEAUCStringData@2@HH@Z 000000018000c8c0 f i dllmain.obj
 0001:0000bb90       ?Allocate@CWin32Heap@ATL@@UEAAPEAX_K@Z 000000018000cb90 f i dllmain.obj
 0001:0000bbe0       ?AtlWinModuleInit@ATL@@YAJPEAU_ATL_WIN_MODULE70@1@@Z 000000018000cbe0 f i dllmain.obj
 0001:0000bd20       ?AtlWinModuleTerm@ATL@@YAJPEAU_ATL_WIN_MODULE70@1@PEAUHINSTANCE__@@@Z 000000018000cd20 f i dllmain.obj
 0001:0000be40       ?Clone@CAtlStringMgr@ATL@@UEAAPEAUIAtlStringMgr@2@XZ 000000018000ce40 f i dllmain.obj
 0001:0000be50       ?Free@CAtlStringMgr@ATL@@UEAAXPEAUCStringData@2@@Z 000000018000ce50 f i dllmain.obj
 0001:0000bf60       ?Free@CWin32Heap@ATL@@UEAAXPEAX@Z 000000018000cf60 f i dllmain.obj
 0001:0000c010       ?GetCategoryName@CTrace@ATL@@CAPEA_WI@Z 000000018000d010 f i dllmain.obj
 0001:0000c0b0       ?GetHead@CSimpleList@@QEBAPEAXXZ 000000018000d0b0 f i dllmain.obj
 0001:0000c0d0       ?GetInstance@CAtlStringMgr@ATL@@SAPEAUIAtlStringMgr@2@XZ 000000018000d0d0 f i dllmain.obj
 0001:0000c190       ?GetModuleInstance@CAtlBaseModule@ATL@@QEAAPEAUHINSTANCE__@@XZ 000000018000d190 f i dllmain.obj
 0001:0000c1b0       ?GetNilString@CAtlStringMgr@ATL@@UEAAPEAUCStringData@2@XZ 000000018000d1b0 f i dllmain.obj
 0001:0000c200       ?GetSize@?$CSimpleArray@GV?$CSimpleArrayEqualHelper@G@ATL@@@ATL@@QEBAHXZ 000000018000d200 f i dllmain.obj
 0001:0000c220       ?GetSize@CWin32Heap@ATL@@UEAA_KPEAX@Z 000000018000d220 f i dllmain.obj
 0001:0000c270       ?Init@CComCriticalSection@ATL@@QEAAJXZ 000000018000d270 f i dllmain.obj
 0001:0000c2e0       ?Reallocate@CAtlStringMgr@ATL@@UEAAPEAUCStringData@2@PEAU32@HH@Z 000000018000d2e0 f i dllmain.obj
 0001:0000c610       ?Reallocate@CWin32Heap@ATL@@UEAAPEAXPEAX_K@Z 000000018000d610 f i dllmain.obj
 0001:0000c6c0       ?RemoveAll@?$CSimpleArray@GV?$CSimpleArrayEqualHelper@G@ATL@@@ATL@@QEAAXXZ 000000018000d6c0 f i dllmain.obj
 0001:0000c770       ?SetManager@CNilStringData@ATL@@QEAAXPEAUIAtlStringMgr@2@@Z 000000018000d770 f i dllmain.obj
 0001:0000c810       ?StaticInitialize@CAtlStringMgr@ATL@@CA_NXZ 000000018000d810 f i dllmain.obj
 0001:0000c840       ?Term@CAtlComModule@ATL@@QEAAXXZ 000000018000d840 f i dllmain.obj
 0001:0000c950       ?Term@CAtlWinModule@ATL@@QEAAXXZ 000000018000d950 f i dllmain.obj
 0001:0000c9a0       ?Term@CComCriticalSection@ATL@@QEAAJXZ 000000018000d9a0 f i dllmain.obj
 0001:0000c9f0       ?TraceV@CTrace@ATL@@CAXPEBDHIIPEB_W@Z 000000018000d9f0 f i dllmain.obj
 0001:0000cc80       ?TraceV@CTrace@ATL@@SAXPEBDHIIPEB_WPEAD@Z 000000018000dc80 f i dllmain.obj
 0001:0000cda0       ?_AtlInitializeCriticalSectionEx@ATL@@YAHPEAU_RTL_CRITICAL_SECTION@@KK@Z 000000018000dda0 f i dllmain.obj
 0001:0000ce00       ?_AtlRaiseException@ATL@@YAXKK@Z 000000018000de00 f i dllmain.obj
 0001:0000ce50       HRESULT_FROM_WIN32         000000018000de50 f i dllmain.obj
 0001:0000ceb0       hypot                      000000018000deb0 f i dllmain.obj
 0001:0000cf00       ??0RCMD_HEADER@@QEAA@XZ    000000018000df00 f   RobotProtocol.obj
 0001:0000cf80       ??0RCMD_HEADER@@QEAA@H@Z   000000018000df80 f   RobotProtocol.obj
 0001:0000cfe0       ?init@RCMD_HEADER@@QEAAXH@Z 000000018000dfe0 f   RobotProtocol.obj
 0001:0000d010       ?appendData@RCMD_HEADER@@QEAAXH@Z 000000018000e010 f   RobotProtocol.obj
 0001:0000d0b0       ?appendData@RCMD_HEADER@@QEAAXI@Z 000000018000e0b0 f   RobotProtocol.obj
 0001:0000d150       ?appendData@RCMD_HEADER@@QEAAXPEAIH@Z 000000018000e150 f   RobotProtocol.obj
 0001:0000d1d0       ?appendData@RCMD_HEADER@@QEAAXM@Z 000000018000e1d0 f   RobotProtocol.obj
 0001:0000d270       ?appendData@RCMD_HEADER@@QEAAXPEAMH@Z 000000018000e270 f   RobotProtocol.obj
 0001:0000d2f0       ?appendData@RCMD_HEADER@@QEAAXAEAV?$CStringT@_WV?$StrTraitMFC_DLL@_WV?$ChTraitsCRT@_W@ATL@@@@@ATL@@@Z 000000018000e2f0 f   RobotProtocol.obj
 0001:0000d460       ?appendData@RCMD_HEADER@@QEAAXPEBDH@Z 000000018000e460 f   RobotProtocol.obj
 0001:0000d510       ?setHeaderByte@RCMD_HEADER@@QEAAXPEAD@Z 000000018000e510 f   RobotProtocol.obj
 0001:0000d560       ?dataSize@RCMD_HEADER@@QEAAHXZ 000000018000e560 f   RobotProtocol.obj
 0001:0000d580       ?getBytes@RCMD_HEADER@@QEAAHAEAV?$CArray@EAEBE@@@Z 000000018000e580 f   RobotProtocol.obj
 0001:0000d840       ??$DumpElements@E@@YAXAEAVCDumpContext@@PEBE_J@Z 000000018000e840 f i RobotProtocol.obj
 0001:0000d930       ??$SerializeElements@E@@YAXAEAVCArchive@@PEAE_J@Z 000000018000e930 f i RobotProtocol.obj
 0001:0000dbc0       ??0?$CArray@EAEBE@@QEAA@XZ 000000018000ebc0 f i RobotProtocol.obj
 0001:0000dc60       ??1?$CArray@EAEBE@@UEAA@XZ 000000018000ec60 f i RobotProtocol.obj
 0001:0000dd40       ??_E?$CArray@EAEBE@@UEAAPEAXI@Z 000000018000ed40 f i RobotProtocol.obj
 0001:0000dd40       ??_G?$CArray@EAEBE@@UEAAPEAXI@Z 000000018000ed40 f i RobotProtocol.obj
 0001:0000dda0       ?Add@?$CArray@EAEBE@@QEAA_JAEBE@Z 000000018000eda0 f i RobotProtocol.obj
 0001:0000de10       ?AfxCrtErrorCheck@@YAHH@Z  000000018000ee10 f i RobotProtocol.obj
 0001:0000dea0       ?AssertValid@?$CArray@EAEBE@@UEBAXXZ 000000018000eea0 f i RobotProtocol.obj
 0001:0000e030       ?Dump@?$CArray@EAEBE@@UEBAXAEAVCDumpContext@@@Z 000000018000f030 f i RobotProtocol.obj
 0001:0000e120       ?GetSize@?$CArray@EAEBE@@QEBA_JXZ 000000018000f120 f i RobotProtocol.obj
 0001:0000e140       ?Serialize@?$CArray@EAEBE@@UEAAXAEAVCArchive@@@Z 000000018000f140 f i RobotProtocol.obj
 0001:0000e220       ?SetAtGrow@?$CArray@EAEBE@@QEAAX_JAEBE@Z 000000018000f220 f i RobotProtocol.obj
 0001:0000e310       ?SetSize@?$CArray@EAEBE@@QEAAX_J0@Z 000000018000f310 f i RobotProtocol.obj
 0001:0000eb30       ?memcpy_s@Checked@ATL@@YAXPEAX_KPEBX1@Z 000000018000fb30 f i RobotProtocol.obj
 0001:0000eba0       ??0RobotStatus@@QEAA@XZ    000000018000fba0 f   RobotStatus.obj
 0001:0000ec00       ??1RobotStatus@@QEAA@XZ    000000018000fc00 f   RobotStatus.obj
 0001:0000ec60       ?isError@RobotStatus@@QEBA_NXZ 000000018000fc60 f   RobotStatus.obj
 0001:0000ecb0       ?tcrMode@RobotStatus@@QEBAHXZ 000000018000fcb0 f   RobotStatus.obj
 0001:0000ecf0       ?isHold@RobotStatus@@QEBA_NXZ 000000018000fcf0 f   RobotStatus.obj
 0001:0000ed40       ?isMoving@RobotStatus@@QEBA_NXZ 000000018000fd40 f   RobotStatus.obj
 0001:0000ed90       ?hasUC@RobotStatus@@QEBA_NXZ 000000018000fd90 f   RobotStatus.obj
 0001:0000ede0       ?getCoordinate@RobotStatus@@QEBAHXZ 000000018000fde0 f   RobotStatus.obj
 0001:0000ee20       ?getTeachSpeed@RobotStatus@@QEBAHXZ 000000018000fe20 f   RobotStatus.obj
 0001:0000ee60       ?isTPEnable@RobotStatus@@QEBA_NXZ 000000018000fe60 f   RobotStatus.obj
 0001:0000eeb0       ?isMotorOn@RobotStatus@@QEBA_NXZ 000000018000feb0 f   RobotStatus.obj
 0001:0000ef00       ?isInching@RobotStatus@@QEBA_NXZ 000000018000ff00 f   RobotStatus.obj
 0001:0000ef50       ?isHoldDone@RobotStatus@@QEBA_NXZ 000000018000ff50 f   RobotStatus.obj
 0001:0000f0a0       ??0CXRException@@QEAA@XZ   00000001800100a0 f   XRException.obj
 0001:0000f100       ??0CXRException@@QEAA@W4XR_EXCEPTION@@@Z 0000000180010100 f   XRException.obj
 0001:0000f160       ??1CXRException@@UEAA@XZ   0000000180010160 f   XRException.obj
 0001:0000f1e0       ??_GCXRException@@UEAAPEAXI@Z 00000001800101e0 f i XRException.obj
 0001:0000f1e0       ??_ECXRException@@UEAAPEAXI@Z 00000001800101e0 f i XRException.obj
 0001:0000f240       ?procRemoteControl@XRobot@@CAKPEAX@Z 0000000180010240 f   XRobot.obj
 0001:0000f280       ?doRemoteControl@XRobot@@AEAAHXZ 0000000180010280 f   XRobot.obj
 0001:0000f700       ?receiveData@XRobot@@AEAAHAEAURCMD_HEADER@@@Z 0000000180010700 f   XRobot.obj
 0001:0000fb40       ?sendCommandAndWait@XRobot@@AEAAXPEAURCMDPair@@@Z 0000000180010b40 f   XRobot.obj
 0001:0000fc00       ?processReadStatus@XRobot@@AEAAXXZ 0000000180010c00 f   XRobot.obj
 0001:00010420       ??0XRobot@@QEAA@H@Z        0000000180011420 f   XRobot.obj
 0001:00010670       ??1XRobot@@QEAA@XZ         0000000180011670 f   XRobot.obj
 0001:000107d0       ?getServerAddress@XRobot@@QEAA?AV?$CStringT@_WV?$StrTraitMFC_DLL@_WV?$ChTraitsCRT@_W@ATL@@@@@ATL@@XZ 00000001800117d0 f   XRobot.obj
 0001:00010830       ?setServerAddress@XRobot@@QEAAXAEBV?$CStringT@_WV?$StrTraitMFC_DLL@_WV?$ChTraitsCRT@_W@ATL@@@@@ATL@@@Z 0000000180011830 f   XRobot.obj
 0001:00010880       ?isConnected@XRobot@@QEAA_NXZ 0000000180011880 f   XRobot.obj
 0001:000108b0       ?startService@XRobot@@QEAAXXZ 00000001800118b0 f   XRobot.obj
 0001:00010950       ?stopService@XRobot@@QEAAXXZ 0000000180011950 f   XRobot.obj
 0001:000109d0       ?executeCommand@XRobot@@QEAAHPEBD@Z 00000001800119d0 f   XRobot.obj
 0001:00010b30       ?executeInstruction@XRobot@@QEAAHPEBD@Z 0000000180011b30 f   XRobot.obj
 0001:00010d90       ?lock@XRobot@@QEAAHXZ      0000000180011d90 f   XRobot.obj
 0001:00010ed0       ?unLock@XRobot@@QEAAHXZ    0000000180011ed0 f   XRobot.obj
 0001:00011010       ?getLockingStatus@XRobot@@QEAAHAEA_N@Z 0000000180012010 f   XRobot.obj
 0001:00011180       ?setLogStart@XRobot@@QEAAH_N@Z 0000000180012180 f   XRobot.obj
 0001:000112d0       ?getLoggetCurVelocityocity@XRobot@@QEAAHHPEAJ@Z 00000001800122d0 f   XRobot.obj
 0001:00011490       ?getLoggetCurTorqueque@XRobot@@QEAAHHPEAF@Z 0000000180012490 f   XRobot.obj
 0001:00011650       ?getLoggetCurPosition@XRobot@@QEAAHHPEAJ@Z 0000000180012650 f   XRobot.obj
 0001:00011810       ?setJogOn@XRobot@@QEAAHII@Z 0000000180012810 f   XRobot.obj
 0001:00011880       ?setJogOff@XRobot@@QEAAHII@Z 0000000180012880 f   XRobot.obj
 0001:00011900       ?setServoOn@XRobot@@QEAAX_N@Z 0000000180012900 f   XRobot.obj
 0001:00011970       ?setTeachMode@XRobot@@QEAAX_N@Z 0000000180012970 f   XRobot.obj
 0001:000119e0       ?setEnableOn@XRobot@@QEAAX_N@Z 00000001800129e0 f   XRobot.obj
 0001:00011a50       ?setInchingOn@XRobot@@QEAAX_N@Z 0000000180012a50 f   XRobot.obj
 0001:00011ac0       ?resetError@XRobot@@QEAAXXZ 0000000180012ac0 f   XRobot.obj
 0001:00011b50       ?resetEcatError@XRobot@@QEAAXXZ 0000000180012b50 f   XRobot.obj
 0001:00011be0       ?setEMGOn@XRobot@@QEAAX_N@Z 0000000180012be0 f   XRobot.obj
 0001:00011c50       ?setTeachSpeed@XRobot@@QEAAXH@Z 0000000180012c50 f   XRobot.obj
 0001:00011cc0       ?segetCoordinateinate@XRobot@@QEAAXH@Z 0000000180012cc0 f   XRobot.obj
 0001:00011d30       ?getPrograms@XRobot@@QEAA?AV?$CStringT@_WV?$StrTraitMFC_DLL@_WV?$ChTraitsCRT@_W@ATL@@@@@ATL@@XZ 0000000180012d30 f   XRobot.obj
 0001:00011ee0       ?getProgramSteps@XRobot@@QEAA?AV?$CStringT@_WV?$StrTraitMFC_DLL@_WV?$ChTraitsCRT@_W@ATL@@@@@ATL@@PEBD@Z 0000000180012ee0 f   XRobot.obj
 0001:000120c0       ?setProgramSteps@XRobot@@QEAAHPEBD0@Z 00000001800130c0 f   XRobot.obj
 0001:000123d0       ?getSystemLogSize@XRobot@@QEAAHXZ 00000001800133d0 f   XRobot.obj
 0001:00012510       ?getSystemLog@XRobot@@QEAA?AV?$CStringT@_WV?$StrTraitMFC_DLL@_WV?$ChTraitsCRT@_W@ATL@@@@@ATL@@XZ 0000000180013510 f   XRobot.obj
 0001:000126c0       ?getNumberData@XRobot@@QEAAMPEBD@Z 00000001800136c0 f   XRobot.obj
 0001:00012830       ?getErrorCode@XRobot@@QEAAHXZ 0000000180013830 f   XRobot.obj
 0001:00013b70       ??$DumpElements@D@@YAXAEAVCDumpContext@@PEBD_J@Z 0000000180014b70 f i XRobot.obj
 0001:00013c60       ??$DumpElements@PEAURCMDPair@@@@YAXAEAVCDumpContext@@PEBQEAURCMDPair@@_J@Z 0000000180014c60 f i XRobot.obj
 0001:00013d60       ??$SerializeElements@D@@YAXAEAVCArchive@@PEAD_J@Z 0000000180014d60 f i XRobot.obj
 0001:00013ff0       ??$SerializeElements@PEAURCMDPair@@@@YAXAEAVCArchive@@PEAPEAURCMDPair@@_J@Z 0000000180014ff0 f i XRobot.obj
 0001:00014290       ??$_Allocate@V?$basic_string@DU?$char_traits@D@std@@V?$allocator@D@2@@std@@@std@@YAPEAV?$basic_string@DU?$char_traits@D@std@@V?$allocator@D@2@@0@_KPEAV10@@Z 0000000180015290 f i XRobot.obj
 0001:00014320       ??$_Debug_pointer@V?$basic_string@DU?$char_traits@D@std@@V?$allocator@D@2@@std@@@std@@YAXPEAV?$basic_string@DU?$char_traits@D@std@@V?$allocator@D@2@@0@PEB_WI@Z 0000000180015320 f i XRobot.obj
 0001:00014380       ??$_Debug_range2@PEAV?$basic_string@DU?$char_traits@D@std@@V?$allocator@D@2@@std@@@std@@YAXPEAV?$basic_string@DU?$char_traits@D@std@@V?$allocator@D@2@@0@0PEB_WIUrandom_access_iterator_tag@0@@Z 0000000180015380 f i XRobot.obj
 0001:00014430       ??$_Debug_range@PEAV?$basic_string@DU?$char_traits@D@std@@V?$allocator@D@2@@std@@@std@@YAXPEAV?$basic_string@DU?$char_traits@D@std@@V?$allocator@D@2@@0@0PEB_WI@Z 0000000180015430 f i XRobot.obj
 0001:000144b0       ??$_Destroy_range@U?$_Wrap_alloc@V?$allocator@V?$basic_string@DU?$char_traits@D@std@@V?$allocator@D@2@@std@@@std@@@std@@@std@@YAXPEAV?$basic_string@DU?$char_traits@D@std@@V?$allocator@D@2@@0@0AEAU?$_Wrap_alloc@V?$allocator@V?$basic_string@DU?$char_traits@D@std@@V?$allocator@D@2@@std@@@std@@@0@@Z 00000001800154b0 f i XRobot.obj
 0001:00014530       ??$_Destroy_range@U?$_Wrap_alloc@V?$allocator@V?$basic_string@DU?$char_traits@D@std@@V?$allocator@D@2@@std@@@std@@@std@@@std@@YAXPEAV?$basic_string@DU?$char_traits@D@std@@V?$allocator@D@2@@0@0AEAU?$_Wrap_alloc@V?$allocator@V?$basic_string@DU?$char_traits@D@std@@V?$allocator@D@2@@std@@@std@@@0@U_Nonscalar_ptr_iterator_tag@0@@Z 0000000180015530 f i XRobot.obj
 0001:000145b0       ??$_Iter_cat@PEAV?$basic_string@DU?$char_traits@D@std@@V?$allocator@D@2@@std@@@std@@YA?AUrandom_access_iterator_tag@0@AEBQEAV?$basic_string@DU?$char_traits@D@std@@V?$allocator@D@2@@0@@Z 00000001800155b0 f i XRobot.obj
 0001:00014620       ??$_Ptr_cat@V?$basic_string@DU?$char_traits@D@std@@V?$allocator@D@2@@std@@V12@@std@@YA?AU_Nonscalar_ptr_iterator_tag@0@PEAV?$basic_string@DU?$char_traits@D@std@@V?$allocator@D@2@@0@0@Z 0000000180015620 f i XRobot.obj
 0001:00014680       ??$_Rechecked@PEAV?$basic_string@DU?$char_traits@D@std@@V?$allocator@D@2@@std@@PEAV12@@std@@YAAEAPEAV?$basic_string@DU?$char_traits@D@std@@V?$allocator@D@2@@0@AEAPEAV10@PEAV10@@Z 0000000180015680 f i XRobot.obj
 0001:000146b0       ??$_Umove@PEAV?$basic_string@DU?$char_traits@D@std@@V?$allocator@D@2@@std@@@?$vector@V?$basic_string@DU?$char_traits@D@std@@V?$allocator@D@2@@std@@V?$allocator@V?$basic_string@DU?$char_traits@D@std@@V?$allocator@D@2@@std@@@2@@std@@IEAAPEAV?$basic_string@DU?$char_traits@D@std@@V?$allocator@D@2@@1@PEAV21@00@Z 00000001800156b0 f i XRobot.obj
 0001:00014740       ??$_Unchecked@PEAV?$basic_string@DU?$char_traits@D@std@@V?$allocator@D@2@@std@@@std@@YAPEAV?$basic_string@DU?$char_traits@D@std@@V?$allocator@D@2@@0@PEAV10@@Z 0000000180015740 f i XRobot.obj
 0001:00014750       ??$_Uninit_move@PEAV?$basic_string@DU?$char_traits@D@std@@V?$allocator@D@2@@std@@PEAV12@U?$_Wrap_alloc@V?$allocator@V?$basic_string@DU?$char_traits@D@std@@V?$allocator@D@2@@std@@@std@@@2@@std@@YAPEAV?$basic_string@DU?$char_traits@D@std@@V?$allocator@D@2@@0@PEAV10@00AEAU?$_Wrap_alloc@V?$allocator@V?$basic_string@DU?$char_traits@D@std@@V?$allocator@D@2@@std@@@std@@@0@@Z 0000000180015750 f i XRobot.obj
 0001:000147f0       ??$_Uninit_move@PEAV?$basic_string@DU?$char_traits@D@std@@V?$allocator@D@2@@std@@PEAV12@V?$allocator@V?$basic_string@DU?$char_traits@D@std@@V?$allocator@D@2@@std@@@2@V12@@std@@YAPEAV?$basic_string@DU?$char_traits@D@std@@V?$allocator@D@2@@0@PEAV10@00AEAU?$_Wrap_alloc@V?$allocator@V?$basic_string@DU?$char_traits@D@std@@V?$allocator@D@2@@std@@@std@@@0@0U_Nonscalar_ptr_iterator_tag@0@@Z 00000001800157f0 f i XRobot.obj
 0001:000148e0       ??$_Uninitialized_move@PEAV?$basic_string@DU?$char_traits@D@std@@V?$allocator@D@2@@std@@PEAV12@U?$_Wrap_alloc@V?$allocator@V?$basic_string@DU?$char_traits@D@std@@V?$allocator@D@2@@std@@@std@@@2@@std@@YAPEAV?$basic_string@DU?$char_traits@D@std@@V?$allocator@D@2@@0@PEAV10@00AEAU?$_Wrap_alloc@V?$allocator@V?$basic_string@DU?$char_traits@D@std@@V?$allocator@D@2@@std@@@std@@@0@@Z 00000001800158e0 f i XRobot.obj
 0001:00014990       ??$_Val_type@PEAV?$basic_string@DU?$char_traits@D@std@@V?$allocator@D@2@@std@@@std@@YAPEAV?$basic_string@DU?$char_traits@D@std@@V?$allocator@D@2@@0@PEAV10@@Z 0000000180015990 f i XRobot.obj
 0001:000149a0       ??$addressof@$$CBV?$basic_string@DU?$char_traits@D@std@@V?$allocator@D@2@@std@@@std@@YAPEBV?$basic_string@DU?$char_traits@D@std@@V?$allocator@D@2@@0@AEBV10@@Z 00000001800159a0 f i XRobot.obj
 0001:000149b0       ??$construct@U_Container_proxy@std@@U12@@?$_Wrap_alloc@V?$allocator@U_Container_proxy@std@@@std@@@std@@QEAAXPEAU_Container_proxy@1@$$QEAU21@@Z 00000001800159b0 f i XRobot.obj
 0001:00014a10       ??$construct@U_Container_proxy@std@@U12@@?$allocator_traits@V?$allocator@U_Container_proxy@std@@@std@@@std@@SAXAEAV?$allocator@U_Container_proxy@std@@@1@PEAU_Container_proxy@1@$$QEAU31@@Z 0000000180015a10 f i XRobot.obj
 0001:00014a70       ??$construct@V?$basic_string@DU?$char_traits@D@std@@V?$allocator@D@2@@std@@AEAV12@@?$_Wrap_alloc@V?$allocator@V?$basic_string@DU?$char_traits@D@std@@V?$allocator@D@2@@std@@@std@@@std@@QEAAXPEAV?$basic_string@DU?$char_traits@D@std@@V?$allocator@D@2@@1@AEAV21@@Z 0000000180015a70 f i XRobot.obj
 0001:00014ad0       ??$construct@V?$basic_string@DU?$char_traits@D@std@@V?$allocator@D@2@@std@@AEAV12@@?$allocator@V?$basic_string@DU?$char_traits@D@std@@V?$allocator@D@2@@std@@@std@@QEAAXPEAV?$basic_string@DU?$char_traits@D@std@@V?$allocator@D@2@@1@AEAV21@@Z 0000000180015ad0 f i XRobot.obj
 0001:00014b80       ??$construct@V?$basic_string@DU?$char_traits@D@std@@V?$allocator@D@2@@std@@AEAV12@@?$allocator_traits@V?$allocator@V?$basic_string@DU?$char_traits@D@std@@V?$allocator@D@2@@std@@@std@@@std@@SAXAEAV?$allocator@V?$basic_string@DU?$char_traits@D@std@@V?$allocator@D@2@@std@@@1@PEAV?$basic_string@DU?$char_traits@D@std@@V?$allocator@D@2@@1@AEAV31@@Z 0000000180015b80 f i XRobot.obj
 0001:00014be0       ??$construct@V?$basic_string@DU?$char_traits@D@std@@V?$allocator@D@2@@std@@AEBV12@@?$_Wrap_alloc@V?$allocator@V?$basic_string@DU?$char_traits@D@std@@V?$allocator@D@2@@std@@@std@@@std@@QEAAXPEAV?$basic_string@DU?$char_traits@D@std@@V?$allocator@D@2@@1@AEBV21@@Z 0000000180015be0 f i XRobot.obj
 0001:00014c40       ??$construct@V?$basic_string@DU?$char_traits@D@std@@V?$allocator@D@2@@std@@AEBV12@@?$allocator_traits@V?$allocator@V?$basic_string@DU?$char_traits@D@std@@V?$allocator@D@2@@std@@@std@@@std@@SAXAEAV?$allocator@V?$basic_string@DU?$char_traits@D@std@@V?$allocator@D@2@@std@@@1@PEAV?$basic_string@DU?$char_traits@D@std@@V?$allocator@D@2@@1@AEBV31@@Z 0000000180015c40 f i XRobot.obj
 0001:00014ca0       ??$construct@V?$basic_string@DU?$char_traits@D@std@@V?$allocator@D@2@@std@@V12@@?$_Wrap_alloc@V?$allocator@V?$basic_string@DU?$char_traits@D@std@@V?$allocator@D@2@@std@@@std@@@std@@QEAAXPEAV?$basic_string@DU?$char_traits@D@std@@V?$allocator@D@2@@1@$$QEAV21@@Z 0000000180015ca0 f i XRobot.obj
 0001:00014d00       ??$construct@V?$basic_string@DU?$char_traits@D@std@@V?$allocator@D@2@@std@@V12@@?$allocator@V?$basic_string@DU?$char_traits@D@std@@V?$allocator@D@2@@std@@@std@@QEAAXPEAV?$basic_string@DU?$char_traits@D@std@@V?$allocator@D@2@@1@$$QEAV21@@Z 0000000180015d00 f i XRobot.obj
 0001:00014db0       ??$construct@V?$basic_string@DU?$char_traits@D@std@@V?$allocator@D@2@@std@@V12@@?$allocator_traits@V?$allocator@V?$basic_string@DU?$char_traits@D@std@@V?$allocator@D@2@@std@@@std@@@std@@SAXAEAV?$allocator@V?$basic_string@DU?$char_traits@D@std@@V?$allocator@D@2@@std@@@1@PEAV?$basic_string@DU?$char_traits@D@std@@V?$allocator@D@2@@1@$$QEAV31@@Z 0000000180015db0 f i XRobot.obj
 0001:00014e10       ??$destroy@U_Container_proxy@std@@@?$_Wrap_alloc@V?$allocator@U_Container_proxy@std@@@std@@@std@@QEAAXPEAU_Container_proxy@1@@Z 0000000180015e10 f i XRobot.obj
 0001:00014e60       ??$destroy@U_Container_proxy@std@@@?$allocator_traits@V?$allocator@U_Container_proxy@std@@@std@@@std@@SAXAEAV?$allocator@U_Container_proxy@std@@@1@PEAU_Container_proxy@1@@Z 0000000180015e60 f i XRobot.obj
 0001:00014eb0       ??$destroy@V?$basic_string@DU?$char_traits@D@std@@V?$allocator@D@2@@std@@@?$_Wrap_alloc@V?$allocator@V?$basic_string@DU?$char_traits@D@std@@V?$allocator@D@2@@std@@@std@@@std@@QEAAXPEAV?$basic_string@DU?$char_traits@D@std@@V?$allocator@D@2@@1@@Z 0000000180015eb0 f i XRobot.obj
 0001:00014f00       ??$destroy@V?$basic_string@DU?$char_traits@D@std@@V?$allocator@D@2@@std@@@?$allocator@V?$basic_string@DU?$char_traits@D@std@@V?$allocator@D@2@@std@@@std@@QEAAXPEAV?$basic_string@DU?$char_traits@D@std@@V?$allocator@D@2@@1@@Z 0000000180015f00 f i XRobot.obj
 0001:00014f50       ??$destroy@V?$basic_string@DU?$char_traits@D@std@@V?$allocator@D@2@@std@@@?$allocator_traits@V?$allocator@V?$basic_string@DU?$char_traits@D@std@@V?$allocator@D@2@@std@@@std@@@std@@SAXAEAV?$allocator@V?$basic_string@DU?$char_traits@D@std@@V?$allocator@D@2@@std@@@1@PEAV?$basic_string@DU?$char_traits@D@std@@V?$allocator@D@2@@1@@Z 0000000180015f50 f i XRobot.obj
 0001:00014fa0       ??$forward@AEAV?$basic_string@DU?$char_traits@D@std@@V?$allocator@D@2@@std@@@std@@YAAEAV?$basic_string@DU?$char_traits@D@std@@V?$allocator@D@2@@0@AEAV10@@Z 0000000180015fa0 f i XRobot.obj
 0001:00014fb0       ??$forward@AEBV?$basic_string@DU?$char_traits@D@std@@V?$allocator@D@2@@std@@@std@@YAAEBV?$basic_string@DU?$char_traits@D@std@@V?$allocator@D@2@@0@AEBV10@@Z 0000000180015fb0 f i XRobot.obj
 0001:00014fc0       ??$forward@V?$basic_string@DU?$char_traits@D@std@@V?$allocator@D@2@@std@@@std@@YA$$QEAV?$basic_string@DU?$char_traits@D@std@@V?$allocator@D@2@@0@AEAV10@@Z 0000000180015fc0 f i XRobot.obj
 0001:00014fd0       ??$forward@V?$vector@V?$basic_string@DU?$char_traits@D@std@@V?$allocator@D@2@@std@@V?$allocator@V?$basic_string@DU?$char_traits@D@std@@V?$allocator@D@2@@std@@@2@@std@@@std@@YA$$QEAV?$vector@V?$basic_string@DU?$char_traits@D@std@@V?$allocator@D@2@@std@@V?$allocator@V?$basic_string@DU?$char_traits@D@std@@V?$allocator@D@2@@std@@@2@@0@AEAV10@@Z 0000000180015fd0 f i XRobot.obj
 0001:00014fe0       ??$getline@DU?$char_traits@D@std@@V?$allocator@D@2@@std@@YAAEAV?$basic_istream@DU?$char_traits@D@std@@@0@$$QEAV10@AEAV?$basic_string@DU?$char_traits@D@std@@V?$allocator@D@2@@0@D@Z 0000000180015fe0 f i XRobot.obj
 0001:00015350       ??$getline@DU?$char_traits@D@std@@V?$allocator@D@2@@std@@YAAEAV?$basic_istream@DU?$char_traits@D@std@@@0@AEAV10@AEAV?$basic_string@DU?$char_traits@D@std@@V?$allocator@D@2@@0@D@Z 0000000180016350 f i XRobot.obj
 0001:000153b0       ??$move@AEAV?$basic_istream@DU?$char_traits@D@std@@@std@@@std@@YA$$QEAV?$basic_istream@DU?$char_traits@D@std@@@0@AEAV10@@Z 00000001800163b0 f i XRobot.obj
 0001:000153c0       ??0?$CArray@DAEBD@@QEAA@XZ 00000001800163c0 f i XRobot.obj
 0001:00015460       ??0?$CList@PEAURCMDPair@@AEBQEAU1@@@QEAA@_J@Z 0000000180016460 f i XRobot.obj
 0001:00015550       ??0?$_Vector_alloc@$0A@U?$_Vec_base_types@V?$basic_string@DU?$char_traits@D@std@@V?$allocator@D@2@@std@@V?$allocator@V?$basic_string@DU?$char_traits@D@std@@V?$allocator@D@2@@std@@@2@@std@@@std@@QEAA@AEBV?$allocator@V?$basic_string@DU?$char_traits@D@std@@V?$allocator@D@2@@std@@@1@@Z 0000000180016550 f i XRobot.obj
 0001:000155b0       ??0?$_Vector_val@U?$_Simple_types@V?$basic_string@DU?$char_traits@D@std@@V?$allocator@D@2@@std@@@std@@@std@@QEAA@XZ 00000001800165b0 f i XRobot.obj
 0001:00015630       ??0?$_Wrap_alloc@V?$allocator@D@std@@@std@@QEAA@AEBV?$allocator@D@1@@Z 0000000180016630 f i XRobot.obj
 0001:00015680       ??0?$_Wrap_alloc@V?$allocator@U_Container_proxy@std@@@std@@@std@@QEAA@XZ 0000000180016680 f i XRobot.obj
 0001:000156c0       ??0?$_Wrap_alloc@V?$allocator@V?$basic_string@DU?$char_traits@D@std@@V?$allocator@D@2@@std@@@std@@@std@@QEAA@XZ 00000001800166c0 f i XRobot.obj
 0001:00015700       ??0?$allocator@D@std@@QEAA@AEBV01@@Z 0000000180016700 f i XRobot.obj
 0001:00015720       ??0?$allocator@V?$basic_string@DU?$char_traits@D@std@@V?$allocator@D@2@@std@@@std@@QEAA@XZ 0000000180016720 f i XRobot.obj
 0001:00015730       ??0?$basic_string@DU?$char_traits@D@std@@V?$allocator@D@2@@std@@QEAA@$$QEAV01@@Z 0000000180016730 f i XRobot.obj
 0001:000157c0       ??0?$basic_string@DU?$char_traits@D@std@@V?$allocator@D@2@@std@@QEAA@AEBV01@@Z 00000001800167c0 f i XRobot.obj
 0001:00015870       ??0?$basic_string@DU?$char_traits@D@std@@V?$allocator@D@2@@std@@QEAA@XZ 0000000180016870 f i XRobot.obj
 0001:000158e0       ??0?$basic_stringbuf@DU?$char_traits@D@std@@V?$allocator@D@2@@std@@QEAA@AEBV?$basic_string@DU?$char_traits@D@std@@V?$allocator@D@2@@1@H@Z 00000001800168e0 f i XRobot.obj
 0001:000159c0       ??0?$basic_stringstream@DU?$char_traits@D@std@@V?$allocator@D@2@@std@@QEAA@AEBV?$basic_string@DU?$char_traits@D@std@@V?$allocator@D@2@@1@H@Z 00000001800169c0 f i XRobot.obj
 0001:00015b10       ??0?$fpos@H@std@@QEAA@_J@Z 0000000180016b10 f i XRobot.obj
 0001:00015b60       ??0?$vector@V?$basic_string@DU?$char_traits@D@std@@V?$allocator@D@2@@std@@V?$allocator@V?$basic_string@DU?$char_traits@D@std@@V?$allocator@D@2@@std@@@2@@std@@QEAA@$$QEAV01@@Z 0000000180016b60 f i XRobot.obj
 0001:00015c10       ??0?$vector@V?$basic_string@DU?$char_traits@D@std@@V?$allocator@D@2@@std@@V?$allocator@V?$basic_string@DU?$char_traits@D@std@@V?$allocator@D@2@@std@@@2@@std@@QEAA@XZ 0000000180016c10 f i XRobot.obj
 0001:00015c60       ??0CTime@ATL@@QEAA@_J@Z    0000000180016c60 f i XRobot.obj
 0001:00015c90       ??0CTimeSpan@ATL@@QEAA@_J@Z 0000000180016c90 f i XRobot.obj
 0001:00015cc0       ??0RCMDPair@@QEAA@XZ       0000000180016cc0 f i XRobot.obj
 0001:00015d30       ??0_Sentry_base@?$basic_istream@DU?$char_traits@D@std@@@std@@QEAA@AEAV12@@Z 0000000180016d30 f i XRobot.obj
 0001:00015e10       ??0sentry@?$basic_istream@DU?$char_traits@D@std@@@std@@QEAA@AEAV12@_N@Z 0000000180016e10 f i XRobot.obj
 0001:00015e90       ??1?$CArray@DAEBD@@UEAA@XZ 0000000180016e90 f i XRobot.obj
 0001:00015f70       ??1?$CList@PEAURCMDPair@@AEBQEAU1@@@UEAA@XZ 0000000180016f70 f i XRobot.obj
 0001:00016010       ??1?$_Vector_alloc@$0A@U?$_Vec_base_types@V?$basic_string@DU?$char_traits@D@std@@V?$allocator@D@2@@std@@V?$allocator@V?$basic_string@DU?$char_traits@D@std@@V?$allocator@D@2@@std@@@2@@std@@@std@@QEAA@XZ 0000000180017010 f i XRobot.obj
 0001:00016060       ??1?$_Vector_val@U?$_Simple_types@V?$basic_string@DU?$char_traits@D@std@@V?$allocator@D@2@@std@@@std@@@std@@QEAA@XZ 0000000180017060 f i XRobot.obj
 0001:000160a0       ??1?$basic_string@DU?$char_traits@D@std@@V?$allocator@D@2@@std@@QEAA@XZ 00000001800170a0 f i XRobot.obj
 0001:000160f0       ??1?$basic_stringbuf@DU?$char_traits@D@std@@V?$allocator@D@2@@std@@UEAA@XZ 00000001800170f0 f i XRobot.obj
 0001:00016150       ??1?$basic_stringstream@DU?$char_traits@D@std@@V?$allocator@D@2@@std@@UEAA@XZ 0000000180017150 f i XRobot.obj
 0001:00016220       ??1?$vector@V?$basic_string@DU?$char_traits@D@std@@V?$allocator@D@2@@std@@V?$allocator@V?$basic_string@DU?$char_traits@D@std@@V?$allocator@D@2@@std@@@2@@std@@QEAA@XZ 0000000180017220 f i XRobot.obj
 0001:00016270       ??1RCMDPair@@QEAA@XZ       0000000180017270 f i XRobot.obj
 0001:000162d0       ??1RCMD_HEADER@@QEAA@XZ    00000001800172d0 f i XRobot.obj
 0001:00016320       ??1_Sentry_base@?$basic_istream@DU?$char_traits@D@std@@@std@@QEAA@XZ 0000000180017320 f i XRobot.obj
 0001:000163e0       ??1sentry@?$basic_istream@DU?$char_traits@D@std@@@std@@QEAA@XZ 00000001800173e0 f i XRobot.obj
 0001:00016420       ??A?$vector@V?$basic_string@DU?$char_traits@D@std@@V?$allocator@D@2@@std@@V?$allocator@V?$basic_string@DU?$char_traits@D@std@@V?$allocator@D@2@@std@@@2@@std@@QEAAAEAV?$basic_string@DU?$char_traits@D@std@@V?$allocator@D@2@@1@_K@Z 0000000180017420 f i XRobot.obj
 0001:00016540       ??B?$fpos@H@std@@QEBA_JXZ  0000000180017540 f i XRobot.obj
 0001:00016560       ??Bsentry@?$basic_istream@DU?$char_traits@D@std@@@std@@QEBA_NXZ 0000000180017560 f i XRobot.obj
 0001:00016580       ??GCTime@ATL@@QEBA?AVCTimeSpan@1@V01@@Z 0000000180017580 f i XRobot.obj
 0001:000165f0       ??Y?$basic_string@DU?$char_traits@D@std@@V?$allocator@D@2@@std@@QEAAAEAV01@D@Z 00000001800175f0 f i XRobot.obj
 0001:00016640       ??_D?$basic_stringstream@DU?$char_traits@D@std@@V?$allocator@D@2@@std@@QEAAXXZ 0000000180017640 f i XRobot.obj
 0001:000166a0       ??_E?$basic_stringstream@DU?$char_traits@D@std@@V?$allocator@D@2@@std@@$4PPPPPPPM@A@EAAPEAXI@Z 00000001800176a0 f i XRobot.obj
 0001:000166b0       ??_E?$CArray@DAEBD@@UEAAPEAXI@Z 00000001800176b0 f i XRobot.obj
 0001:000166b0       ??_G?$CArray@DAEBD@@UEAAPEAXI@Z 00000001800176b0 f i XRobot.obj
 0001:00016710       ??_E?$CList@PEAURCMDPair@@AEBQEAU1@@@UEAAPEAXI@Z 0000000180017710 f i XRobot.obj
 0001:00016710       ??_G?$CList@PEAURCMDPair@@AEBQEAU1@@@UEAAPEAXI@Z 0000000180017710 f i XRobot.obj
 0001:00016770       ??_G?$basic_string@DU?$char_traits@D@std@@V?$allocator@D@2@@std@@QEAAPEAXI@Z 0000000180017770 f i XRobot.obj
 0001:000167d0       ??_G?$basic_stringbuf@DU?$char_traits@D@std@@V?$allocator@D@2@@std@@UEAAPEAXI@Z 00000001800177d0 f i XRobot.obj
 0001:000167d0       ??_E?$basic_stringbuf@DU?$char_traits@D@std@@V?$allocator@D@2@@std@@UEAAPEAXI@Z 00000001800177d0 f i XRobot.obj
 0001:00016830       ??_G?$basic_stringstream@DU?$char_traits@D@std@@V?$allocator@D@2@@std@@UEAAPEAXI@Z 0000000180017830 f i XRobot.obj
 0001:00016830       ??_E?$basic_stringstream@DU?$char_traits@D@std@@V?$allocator@D@2@@std@@UEAAPEAXI@Z 0000000180017830 f i XRobot.obj
 0001:000168b0       ??_GRCMDPair@@QEAAPEAXI@Z  00000001800178b0 f i XRobot.obj
 0001:00016910       ?AddTail@?$CList@PEAURCMDPair@@AEBQEAU1@@@QEAAPEAU__POSITION@@AEBQEAURCMDPair@@@Z 0000000180017910 f i XRobot.obj
 0001:000169f0       ?AssertValid@?$CArray@DAEBD@@UEBAXXZ 00000001800179f0 f i XRobot.obj
 0001:00016b80       ?AssertValid@?$CList@PEAURCMDPair@@AEBQEAU1@@@UEBAXXZ 0000000180017b80 f i XRobot.obj
 0001:00016cb0       ?Dump@?$CArray@DAEBD@@UEBAXAEAVCDumpContext@@@Z 0000000180017cb0 f i XRobot.obj
 0001:00016da0       ?Dump@?$CList@PEAURCMDPair@@AEBQEAU1@@@UEBAXAEAVCDumpContext@@@Z 0000000180017da0 f i XRobot.obj
 0001:00016ee0       ?FreeNode@?$CList@PEAURCMDPair@@AEBQEAU1@@@IEAAXPEAUCNode@1@@Z 0000000180017ee0 f i XRobot.obj
 0001:00016fa0       ?GetCount@?$CList@PEAURCMDPair@@AEBQEAU1@@@QEBA_JXZ 0000000180017fa0 f i XRobot.obj
 0001:00016fc0       ?GetData@?$CArray@DAEBD@@QEAAPEADXZ 0000000180017fc0 f i XRobot.obj
 0001:00016fe0       ?GetHeadPosition@?$CList@PEAURCMDPair@@AEBQEAU1@@@QEBAPEAU__POSITION@@XZ 0000000180017fe0 f i XRobot.obj
 0001:00017000       ?GetNext@?$CList@PEAURCMDPair@@AEBQEAU1@@@QEAAAEAPEAURCMDPair@@AEAPEAU__POSITION@@@Z 0000000180018000 f i XRobot.obj
 0001:000170a0       ?GetTickCount@CTime@ATL@@SA?AV12@XZ 00000001800180a0 f i XRobot.obj
 0001:000170f0       ?GetTotalSeconds@CTimeSpan@ATL@@QEBA_JXZ 00000001800180f0 f i XRobot.obj
 0001:00017110       ?NewNode@?$CList@PEAURCMDPair@@AEBQEAU1@@@IEAAPEAUCNode@1@PEAU21@0@Z 0000000180018110 f i XRobot.obj
 0001:00017360       ?RemoveAll@?$CList@PEAURCMDPair@@AEBQEAU1@@@QEAAXXZ 0000000180018360 f i XRobot.obj
 0001:00017440       ?RemoveHead@?$CList@PEAURCMDPair@@AEBQEAU1@@@QEAAPEAURCMDPair@@XZ 0000000180018440 f i XRobot.obj
 0001:000175d0       ?Serialize@?$CArray@DAEBD@@UEAAXAEAVCArchive@@@Z 00000001800185d0 f i XRobot.obj
 0001:000176b0       ?Serialize@?$CList@PEAURCMDPair@@AEBQEAU1@@@UEAAXAEAVCArchive@@@Z 00000001800186b0 f i XRobot.obj
 0001:00017870       ?SetSize@?$CArray@DAEBD@@QEAAX_J0@Z 0000000180018870 f i XRobot.obj
 0001:00018090       ?_Alloc_proxy@?$_Vector_alloc@$0A@U?$_Vec_base_types@V?$basic_string@DU?$char_traits@D@std@@V?$allocator@D@2@@std@@V?$allocator@V?$basic_string@DU?$char_traits@D@std@@V?$allocator@D@2@@std@@@2@@std@@@std@@QEAAXXZ 0000000180019090 f i XRobot.obj
 0001:00018140       ?_Assign_rv@?$basic_string@DU?$char_traits@D@std@@V?$allocator@D@2@@std@@QEAAX$$QEAV12@@Z 0000000180019140 f i XRobot.obj
 0001:00018270       ?_Assign_rv@?$vector@V?$basic_string@DU?$char_traits@D@std@@V?$allocator@D@2@@std@@V?$allocator@V?$basic_string@DU?$char_traits@D@std@@V?$allocator@D@2@@std@@@2@@std@@QEAAX$$QEAV12@U?$integral_constant@_N$00@2@@Z 0000000180019270 f i XRobot.obj
 0001:00018340       ?_Chassign@?$basic_string@DU?$char_traits@D@std@@V?$allocator@D@2@@std@@QEAAX_K0D@Z 0000000180019340 f i XRobot.obj
 0001:000183e0       ?_Clrcont@_Iterator_base12@std@@QEAAXXZ 00000001800193e0 f i XRobot.obj
 0001:00018400       ?_Destroy@?$vector@V?$basic_string@DU?$char_traits@D@std@@V?$allocator@D@2@@std@@V?$allocator@V?$basic_string@DU?$char_traits@D@std@@V?$allocator@D@2@@std@@@2@@std@@IEAAXPEAV?$basic_string@DU?$char_traits@D@std@@V?$allocator@D@2@@2@0@Z 0000000180019400 f i XRobot.obj
 0001:00018480       ?_Free_proxy@?$_Vector_alloc@$0A@U?$_Vec_base_types@V?$basic_string@DU?$char_traits@D@std@@V?$allocator@D@2@@std@@V?$allocator@V?$basic_string@DU?$char_traits@D@std@@V?$allocator@D@2@@std@@@2@@std@@@std@@QEAAXXZ 0000000180019480 f i XRobot.obj
 0001:00018520       ?_Getal@?$_Vector_alloc@$0A@U?$_Vec_base_types@V?$basic_string@DU?$char_traits@D@std@@V?$allocator@D@2@@std@@V?$allocator@V?$basic_string@DU?$char_traits@D@std@@V?$allocator@D@2@@std@@@2@@std@@@std@@QEBA?AU?$_Wrap_alloc@V?$allocator@V?$basic_string@DU?$char_traits@D@std@@V?$allocator@D@2@@std@@@std@@@2@XZ 0000000180019520 f i XRobot.obj
 0001:00018570       ?_Getpnext@_Iterator_base12@std@@QEAAPEAPEAU12@XZ 0000000180019570 f i XRobot.obj
 0001:00018590       ?_Getstate@?$basic_stringbuf@DU?$char_traits@D@std@@V?$allocator@D@2@@std@@AEAAHH@Z 0000000180019590 f i XRobot.obj
 0001:00018640       ?_Grow_to@?$vector@V?$basic_string@DU?$char_traits@D@std@@V?$allocator@D@2@@std@@V?$allocator@V?$basic_string@DU?$char_traits@D@std@@V?$allocator@D@2@@std@@@2@@std@@IEBA_K_K@Z 0000000180019640 f i XRobot.obj
 0001:00018730       ?_Init@?$basic_stringbuf@DU?$char_traits@D@std@@V?$allocator@D@2@@std@@IEAAXPEBD_KH@Z 0000000180019730 f i XRobot.obj
 0001:00018930       ?_Inside@?$vector@V?$basic_string@DU?$char_traits@D@std@@V?$allocator@D@2@@std@@V?$allocator@V?$basic_string@DU?$char_traits@D@std@@V?$allocator@D@2@@std@@@2@@std@@IEBA_NPEBV?$basic_string@DU?$char_traits@D@std@@V?$allocator@D@2@@2@@Z 0000000180019930 f i XRobot.obj
 0001:000189b0       ?_Orphan_range@?$vector@V?$basic_string@DU?$char_traits@D@std@@V?$allocator@D@2@@std@@V?$allocator@V?$basic_string@DU?$char_traits@D@std@@V?$allocator@D@2@@std@@@2@@std@@IEBAXPEAV?$basic_string@DU?$char_traits@D@std@@V?$allocator@D@2@@2@0@Z 00000001800199b0 f i XRobot.obj
 0001:00018ad0       ?_Reallocate@?$vector@V?$basic_string@DU?$char_traits@D@std@@V?$allocator@D@2@@std@@V?$allocator@V?$basic_string@DU?$char_traits@D@std@@V?$allocator@D@2@@std@@@2@@std@@IEAAX_K@Z 0000000180019ad0 f i XRobot.obj
 0001:00018c70       ?_Reserve@?$vector@V?$basic_string@DU?$char_traits@D@std@@V?$allocator@D@2@@std@@V?$allocator@V?$basic_string@DU?$char_traits@D@std@@V?$allocator@D@2@@std@@@2@@std@@IEAAX_K@Z 0000000180019c70 f i XRobot.obj
 0001:00018d30       ?_Tidy@?$basic_stringbuf@DU?$char_traits@D@std@@V?$allocator@D@2@@std@@IEAAXXZ 0000000180019d30 f i XRobot.obj
 0001:00018e50       ?_Tidy@?$vector@V?$basic_string@DU?$char_traits@D@std@@V?$allocator@D@2@@std@@V?$allocator@V?$basic_string@DU?$char_traits@D@std@@V?$allocator@D@2@@std@@@2@@std@@IEAAXXZ 0000000180019e50 f i XRobot.obj
 0001:00018f60       ?_Unused_capacity@?$vector@V?$basic_string@DU?$char_traits@D@std@@V?$allocator@D@2@@std@@V?$allocator@V?$basic_string@DU?$char_traits@D@std@@V?$allocator@D@2@@std@@@2@@std@@QEBA_KXZ 0000000180019f60 f i XRobot.obj
 0001:00018f90       ?_Xlen@?$vector@V?$basic_string@DU?$char_traits@D@std@@V?$allocator@D@2@@std@@V?$allocator@V?$basic_string@DU?$char_traits@D@std@@V?$allocator@D@2@@std@@@2@@std@@IEBAXXZ 0000000180019f90 f i XRobot.obj
 0001:00018fd0       ?allocate@?$_Wrap_alloc@V?$allocator@U_Container_proxy@std@@@std@@@std@@QEAAPEAU_Container_proxy@2@_K@Z 0000000180019fd0 f i XRobot.obj
 0001:00019020       ?allocate@?$_Wrap_alloc@V?$allocator@V?$basic_string@DU?$char_traits@D@std@@V?$allocator@D@2@@std@@@std@@@std@@QEAAPEAV?$basic_string@DU?$char_traits@D@std@@V?$allocator@D@2@@2@_K@Z 000000018001a020 f i XRobot.obj
 0001:00019070       ?allocate@?$allocator@V?$basic_string@DU?$char_traits@D@std@@V?$allocator@D@2@@std@@@std@@QEAAPEAV?$basic_string@DU?$char_traits@D@std@@V?$allocator@D@2@@2@_K@Z 000000018001a070 f i XRobot.obj
 0001:000190c0       ?append@?$basic_string@DU?$char_traits@D@std@@V?$allocator@D@2@@std@@QEAAAEAV12@_KD@Z 000000018001a0c0 f i XRobot.obj
 0001:000191b0       ?assign@?$char_traits@D@std@@SAPEADPEAD_KD@Z 000000018001a1b0 f i XRobot.obj
 0001:00019210       ?c_str@?$basic_string@DU?$char_traits@D@std@@V?$allocator@D@2@@std@@QEBAPEBDXZ 000000018001a210 f i XRobot.obj
 0001:00019250       ?capacity@?$vector@V?$basic_string@DU?$char_traits@D@std@@V?$allocator@D@2@@std@@V?$allocator@V?$basic_string@DU?$char_traits@D@std@@V?$allocator@D@2@@std@@@2@@std@@QEBA_KXZ 000000018001a250 f i XRobot.obj
 0001:00019280       ?construct@?$allocator@V?$basic_string@DU?$char_traits@D@std@@V?$allocator@D@2@@std@@@std@@QEAAXPEAV?$basic_string@DU?$char_traits@D@std@@V?$allocator@D@2@@2@AEBV32@@Z 000000018001a280 f i XRobot.obj
 0001:00019320       ?data@CPlex@@QEAAPEAXXZ    000000018001a320 f i XRobot.obj
 0001:00019340       ?deallocate@?$_Wrap_alloc@V?$allocator@U_Container_proxy@std@@@std@@@std@@QEAAXPEAU_Container_proxy@2@_K@Z 000000018001a340 f i XRobot.obj
 0001:000193a0       ?deallocate@?$_Wrap_alloc@V?$allocator@V?$basic_string@DU?$char_traits@D@std@@V?$allocator@D@2@@std@@@std@@@std@@QEAAXPEAV?$basic_string@DU?$char_traits@D@std@@V?$allocator@D@2@@2@_K@Z 000000018001a3a0 f i XRobot.obj
 0001:00019400       ?deallocate@?$allocator@V?$basic_string@DU?$char_traits@D@std@@V?$allocator@D@2@@std@@@std@@QEAAXPEAV?$basic_string@DU?$char_traits@D@std@@V?$allocator@D@2@@2@_K@Z 000000018001a400 f i XRobot.obj
 0001:00019450       ?eof@?$char_traits@D@std@@SAHXZ 000000018001a450 f i XRobot.obj
 0001:00019460       ?eq@?$char_traits@D@std@@SA_NAEBD0@Z 000000018001a460 f i XRobot.obj
 0001:000194d0       ?eq_int_type@?$char_traits@D@std@@SA_NAEBH0@Z 000000018001a4d0 f i XRobot.obj
 0001:00019530       ?length@?$basic_string@DU?$char_traits@D@std@@V?$allocator@D@2@@std@@QEBA_KXZ 000000018001a530 f i XRobot.obj
 0001:00019550       ?max_size@?$_Wrap_alloc@V?$allocator@V?$basic_string@DU?$char_traits@D@std@@V?$allocator@D@2@@std@@@std@@@std@@QEBA_KXZ 000000018001a550 f i XRobot.obj
 0001:00019590       ?max_size@?$allocator@V?$basic_string@DU?$char_traits@D@std@@V?$allocator@D@2@@std@@@std@@QEBA_KXZ 000000018001a590 f i XRobot.obj
 0001:000195b0       ?max_size@?$allocator_traits@V?$allocator@V?$basic_string@DU?$char_traits@D@std@@V?$allocator@D@2@@std@@@std@@@std@@SA_KAEBV?$allocator@V?$basic_string@DU?$char_traits@D@std@@V?$allocator@D@2@@std@@@2@@Z 000000018001a5b0 f i XRobot.obj
 0001:000195f0       ?max_size@?$vector@V?$basic_string@DU?$char_traits@D@std@@V?$allocator@D@2@@std@@V?$allocator@V?$basic_string@DU?$char_traits@D@std@@V?$allocator@D@2@@std@@@2@@std@@QEBA_KXZ 000000018001a5f0 f i XRobot.obj
 0001:00019640       ?not_eof@?$char_traits@D@std@@SAHAEBH@Z 000000018001a640 f i XRobot.obj
 0001:000196c0       ?overflow@?$basic_stringbuf@DU?$char_traits@D@std@@V?$allocator@D@2@@std@@MEAAHH@Z 000000018001a6c0 f i XRobot.obj
 0001:00019d20       ?pbackfail@?$basic_stringbuf@DU?$char_traits@D@std@@V?$allocator@D@2@@std@@MEAAHH@Z 000000018001ad20 f i XRobot.obj
 0001:00019ea0       ?push_back@?$vector@V?$basic_string@DU?$char_traits@D@std@@V?$allocator@D@2@@std@@V?$allocator@V?$basic_string@DU?$char_traits@D@std@@V?$allocator@D@2@@std@@@2@@std@@QEAAXAEBV?$basic_string@DU?$char_traits@D@std@@V?$allocator@D@2@@2@@Z 000000018001aea0 f i XRobot.obj
 0001:0001a080       ?seekoff@?$basic_stringbuf@DU?$char_traits@D@std@@V?$allocator@D@2@@std@@MEAA?AV?$fpos@H@2@_JHH@Z 000000018001b080 f i XRobot.obj
 0001:0001a4c0       ?seekpos@?$basic_stringbuf@DU?$char_traits@D@std@@V?$allocator@D@2@@std@@MEAA?AV?$fpos@H@2@V32@H@Z 000000018001b4c0 f i XRobot.obj
 0001:0001a7b0       ?select_on_container_copy_construction@?$_Wrap_alloc@V?$allocator@D@std@@@std@@QEBA?AU12@XZ 000000018001b7b0 f i XRobot.obj
 0001:0001a810       ?select_on_container_copy_construction@?$allocator@D@std@@QEBA?AV12@XZ 000000018001b810 f i XRobot.obj
 0001:0001a860       ?select_on_container_copy_construction@?$allocator_traits@V?$allocator@D@std@@@std@@SA?AV?$allocator@D@2@AEBV32@@Z 000000018001b860 f i XRobot.obj
 0001:0001a8b0       ?size@?$vector@V?$basic_string@DU?$char_traits@D@std@@V?$allocator@D@2@@std@@V?$allocator@V?$basic_string@DU?$char_traits@D@std@@V?$allocator@D@2@@std@@@2@@std@@QEBA_KXZ 000000018001b8b0 f i XRobot.obj
 0001:0001a8e0       ?to_char_type@?$char_traits@D@std@@SADAEBH@Z 000000018001b8e0 f i XRobot.obj
 0001:0001a900       ?to_int_type@?$char_traits@D@std@@SAHAEBD@Z 000000018001b900 f i XRobot.obj
 0001:0001a920       ?underflow@?$basic_stringbuf@DU?$char_traits@D@std@@V?$allocator@D@2@@std@@MEAAHXZ 000000018001b920 f i XRobot.obj
 0001:0001aae0       ??0XRobotDoc@@AEAA@XZ      000000018001bae0 f   XRobotDoc.obj
 0001:0001ab20       ?getInstance@XRobotDoc@@SAPEAV1@XZ 000000018001bb20 f   XRobotDoc.obj
 0001:0001abb0       ?clean@XRobotDoc@@SAXXZ    000000018001bbb0 f   XRobotDoc.obj
 0001:0001ac30       ??1XRobotDoc@@QEAA@XZ      000000018001bc30 f   XRobotDoc.obj
 0001:0001ad00       ?getRobotCount@XRobotDoc@@QEAAHXZ 000000018001bd00 f   XRobotDoc.obj
 0001:0001ad40       ?addRobot@XRobotDoc@@QEAAPEAVXRobot@@XZ 000000018001bd40 f   XRobotDoc.obj
 0001:0001ae30       ?deleteRobot@XRobotDoc@@QEAAHPEAVXRobot@@@Z 000000018001be30 f   XRobotDoc.obj
 0001:0001af20       ?getRobot@XRobotDoc@@QEAAPEAVXRobot@@H@Z 000000018001bf20 f   XRobotDoc.obj
 0001:0001b0f0       ??$DumpElements@PEAVXRobot@@@@YAXAEAVCDumpContext@@PEBQEAVXRobot@@_J@Z 000000018001c0f0 f i XRobotDoc.obj
 0001:0001b1f0       ??$SerializeElements@PEAVXRobot@@@@YAXAEAVCArchive@@PEAPEAVXRobot@@_J@Z 000000018001c1f0 f i XRobotDoc.obj
 0001:0001b490       ??0?$CArray@PEAVXRobot@@AEBQEAV1@@@QEAA@XZ 000000018001c490 f i XRobotDoc.obj
 0001:0001b530       ??1?$CArray@PEAVXRobot@@AEBQEAV1@@@UEAA@XZ 000000018001c530 f i XRobotDoc.obj
 0001:0001b610       ??A?$CArray@PEAVXRobot@@AEBQEAV1@@@QEAAAEAPEAVXRobot@@_J@Z 000000018001c610 f i XRobotDoc.obj
 0001:0001b660       ??_G?$CArray@PEAVXRobot@@AEBQEAV1@@@UEAAPEAXI@Z 000000018001c660 f i XRobotDoc.obj
 0001:0001b660       ??_E?$CArray@PEAVXRobot@@AEBQEAV1@@@UEAAPEAXI@Z 000000018001c660 f i XRobotDoc.obj
 0001:0001b6c0       ??_GXRobot@@QEAAPEAXI@Z    000000018001c6c0 f i XRobotDoc.obj
 0001:0001b720       ??_GXRobotDoc@@QEAAPEAXI@Z 000000018001c720 f i XRobotDoc.obj
 0001:0001b780       ?Add@?$CArray@PEAVXRobot@@AEBQEAV1@@@QEAA_JAEBQEAVXRobot@@@Z 000000018001c780 f i XRobotDoc.obj
 0001:0001b7f0       ?AssertValid@?$CArray@PEAVXRobot@@AEBQEAV1@@@UEBAXXZ 000000018001c7f0 f i XRobotDoc.obj
 0001:0001b980       ?Dump@?$CArray@PEAVXRobot@@AEBQEAV1@@@UEBAXAEAVCDumpContext@@@Z 000000018001c980 f i XRobotDoc.obj
 0001:0001ba70       ?ElementAt@?$CArray@PEAVXRobot@@AEBQEAV1@@@QEAAAEAPEAVXRobot@@_J@Z 000000018001ca70 f i XRobotDoc.obj
 0001:0001bb20       ?GetSize@?$CArray@PEAVXRobot@@AEBQEAV1@@@QEBA_JXZ 000000018001cb20 f i XRobotDoc.obj
 0001:0001bb40       ?RemoveAll@?$CArray@PEAVXRobot@@AEBQEAV1@@@QEAAXXZ 000000018001cb40 f i XRobotDoc.obj
 0001:0001bb90       ?RemoveAt@?$CArray@PEAVXRobot@@AEBQEAV1@@@QEAAX_J0@Z 000000018001cb90 f i XRobotDoc.obj
 0001:0001bdc0       ?Serialize@?$CArray@PEAVXRobot@@AEBQEAV1@@@UEAAXAEAVCArchive@@@Z 000000018001cdc0 f i XRobotDoc.obj
 0001:0001bea0       ?SetAtGrow@?$CArray@PEAVXRobot@@AEBQEAV1@@@QEAAX_JAEBQEAVXRobot@@@Z 000000018001cea0 f i XRobotDoc.obj
 0001:0001bf90       ?SetSize@?$CArray@PEAVXRobot@@AEBQEAV1@@@QEAAX_J0@Z 000000018001cf90 f i XRobotDoc.obj
 0001:0001c7f0       ?memmove_s@Checked@ATL@@YAXPEAX_KPEBX1@Z 000000018001d7f0 f i XRobotDoc.obj
 0001:0001c85a       ??3@YAXPEAX@Z              000000018001d85a f   mfc120ud:mfc120ud.dll
 0001:0001c860       ??_U@YAPEAX_K@Z            000000018001d860 f   mfc120ud:mfc120ud.dll
 0001:0001c866       ??_V@YAXPEAX@Z             000000018001d866 f   mfc120ud:mfc120ud.dll
 0001:0001c86c       ?AfxAssertFailedLine@@YAHPEBDH@Z 000000018001d86c f   mfc120ud:mfc120ud.dll
 0001:0001c872       ?AfxThrowInvalidArgException@@YAXXZ 000000018001d872 f   mfc120ud:mfc120ud.dll
 0001:0001c878       ?GetBuffer@?$CSimpleStringT@_W$00@ATL@@QEAAPEA_WXZ 000000018001d878 f   mfc120ud:mfc120ud.dll
 0001:0001c87e       ?GetLength@?$CSimpleStringT@_W$00@ATL@@QEBAHXZ 000000018001d87e f   mfc120ud:mfc120ud.dll
 0001:0001c884       ?ReleaseBuffer@?$CSimpleStringT@_W$00@ATL@@QEAAXH@Z 000000018001d884 f   mfc120ud:mfc120ud.dll
 0001:0001c88a       ?SetString@?$CSimpleStringT@_W$00@ATL@@QEAAXPEB_WH@Z 000000018001d88a f   mfc120ud:mfc120ud.dll
 0001:0001c890       ??0?$CStringT@_WV?$StrTraitMFC_DLL@_WV?$ChTraitsCRT@_W@ATL@@@@@ATL@@QEAA@XZ 000000018001d890 f   mfc120ud:mfc120ud.dll
 0001:0001c896       ??0?$CStringT@_WV?$StrTraitMFC_DLL@_WV?$ChTraitsCRT@_W@ATL@@@@@ATL@@QEAA@AEBV01@@Z 000000018001d896 f   mfc120ud:mfc120ud.dll
 0001:0001c89c       ??1?$CStringT@_WV?$StrTraitMFC_DLL@_WV?$ChTraitsCRT@_W@ATL@@@@@ATL@@QEAA@XZ 000000018001d89c f   mfc120ud:mfc120ud.dll
 0001:0001c8a2       ??2@YAPEAX_K@Z             000000018001d8a2 f   mfc120ud:mfc120ud.dll
 0001:0001c8a8       ?GetBuffer@?$CSimpleStringT@D$00@ATL@@QEAAPEADXZ 000000018001d8a8 f   mfc120ud:mfc120ud.dll
 0001:0001c8ae       ??0?$CStringT@DV?$StrTraitMFC_DLL@DV?$ChTraitsCRT@D@ATL@@@@@ATL@@QEAA@PEB_W@Z 000000018001d8ae f   mfc120ud:mfc120ud.dll
 0001:0001c8b4       ??1?$CStringT@DV?$StrTraitMFC_DLL@DV?$ChTraitsCRT@D@ATL@@@@@ATL@@QEAA@XZ 000000018001d8b4 f   mfc120ud:mfc120ud.dll
 0001:0001c8ba       ??B?$CSimpleStringT@_W$00@ATL@@QEBAPEB_WXZ 000000018001d8ba f   mfc120ud:mfc120ud.dll
 0001:0001c8c0       ?GetAt@?$CSimpleStringT@_W$00@ATL@@QEBA_WH@Z 000000018001d8c0 f   mfc120ud:mfc120ud.dll
 0001:0001c8c6       ??0?$CStringT@_WV?$StrTraitMFC_DLL@_WV?$ChTraitsCRT@_W@ATL@@@@@ATL@@QEAA@PEBD@Z 000000018001d8c6 f   mfc120ud:mfc120ud.dll
 0001:0001c8cc       ?Format@?$CStringT@_WV?$StrTraitMFC_DLL@_WV?$ChTraitsCRT@_W@ATL@@@@@ATL@@QEAAXPEB_WZZ 000000018001d8cc f   mfc120ud:mfc120ud.dll
 0001:0001c8d2       ??2CObject@@SAPEAX_KPEBDH@Z 000000018001d8d2 f   mfc120ud:mfc120ud.dll
 0001:0001c8d8       ?AfxGetModuleState@@YAPEAVAFX_MODULE_STATE@@XZ 000000018001d8d8 f   mfc120ud:mfc120ud.dll
 0001:0001c8de       ??0CDynLinkLibrary@@QEAA@AEAUAFX_EXTENSION_MODULE@@H@Z 000000018001d8de f   mfc120ud:mfc120ud.dll
 0001:0001c8e4       ?AfxInitExtensionModule@@YAHAEAUAFX_EXTENSION_MODULE@@PEAUHINSTANCE__@@@Z 000000018001d8e4 f   mfc120ud:mfc120ud.dll
 0001:0001c8ea       ?AfxTermExtensionModule@@YAXAEAUAFX_EXTENSION_MODULE@@H@Z 000000018001d8ea f   mfc120ud:mfc120ud.dll
 0001:0001c8f0       ?AfxAssertValidObject@@YAXPEBVCObject@@PEBDH@Z 000000018001d8f0 f   mfc120ud:mfc120ud.dll
 0001:0001c8f6       ?AfxThrowMemoryException@@YAXXZ 000000018001d8f6 f   mfc120ud:mfc120ud.dll
 0001:0001c8fc       ?GetRuntimeClass@CObject@@UEBAPEAUCRuntimeClass@@XZ 000000018001d8fc f   mfc120ud:mfc120ud.dll
 0001:0001c902       ??1CObject@@UEAA@XZ        000000018001d902 f   mfc120ud:mfc120ud.dll
 0001:0001c908       ??3CObject@@SAXPEAX@Z      000000018001d908 f   mfc120ud:mfc120ud.dll
 0001:0001c90e       ??0CObject@@IEAA@XZ        000000018001d90e f   mfc120ud:mfc120ud.dll
 0001:0001c914       ?Serialize@CObject@@UEAAXAEAVCArchive@@@Z 000000018001d914 f   mfc120ud:mfc120ud.dll
 0001:0001c91a       ?AssertValid@CObject@@UEBAXXZ 000000018001d91a f   mfc120ud:mfc120ud.dll
 0001:0001c920       ?Dump@CObject@@UEBAXAEAVCDumpContext@@@Z 000000018001d920 f   mfc120ud:mfc120ud.dll
 0001:0001c926       ?AfxIsValidAddress@@YAHPEBX_KH@Z 000000018001d926 f   mfc120ud:mfc120ud.dll
 0001:0001c92c       ??_U@YAPEAX_KPEBDH@Z       000000018001d92c f   mfc120ud:mfc120ud.dll
 0001:0001c932       ?IsStoring@CArchive@@QEBAHXZ 000000018001d932 f   mfc120ud:mfc120ud.dll
 0001:0001c938       ?EnsureRead@CArchive@@QEAAXPEAXI@Z 000000018001d938 f   mfc120ud:mfc120ud.dll
 0001:0001c93e       ?Write@CArchive@@QEAAXPEBXI@Z 000000018001d93e f   mfc120ud:mfc120ud.dll
 0001:0001c944       ?ReadCount@CArchive@@QEAA_KXZ 000000018001d944 f   mfc120ud:mfc120ud.dll
 0001:0001c94a       ?WriteCount@CArchive@@QEAAX_K@Z 000000018001d94a f   mfc120ud:mfc120ud.dll
 0001:0001c950       ?GetDepth@CDumpContext@@QEBAHXZ 000000018001d950 f   mfc120ud:mfc120ud.dll
 0001:0001c956       ??6CDumpContext@@QEAAAEAV0@PEBD@Z 000000018001d956 f   mfc120ud:mfc120ud.dll
 0001:0001c95c       ??6CDumpContext@@QEAAAEAV0@_J@Z 000000018001d95c f   mfc120ud:mfc120ud.dll
 0001:0001c962       ?GetRuntimeClass@CException@@UEBAPEAUCRuntimeClass@@XZ 000000018001d962 f   mfc120ud:mfc120ud.dll
 0001:0001c968       ??0CException@@QEAA@XZ     000000018001d968 f   mfc120ud:mfc120ud.dll
 0001:0001c96e       ?GetErrorMessage@CException@@UEBAHPEA_WIPEAI@Z 000000018001d96e f   mfc120ud:mfc120ud.dll
 0001:0001c974       ?GetErrorMessage@CException@@UEAAHPEA_WIPEAI@Z 000000018001d974 f   mfc120ud:mfc120ud.dll
 0001:0001c97a       ?ReportError@CException@@UEAAHII@Z 000000018001d97a f   mfc120ud:mfc120ud.dll
 0001:0001c980       ??1CException@@UEAA@XZ     000000018001d980 f   mfc120ud:mfc120ud.dll
 0001:0001c986       ??3CException@@SAXPEAX@Z   000000018001d986 f   mfc120ud:mfc120ud.dll
 0001:0001c98c       ??2CObject@@SAPEAX_K@Z     000000018001d98c f   mfc120ud:mfc120ud.dll
 0001:0001c992       ?Delete@CException@@QEAAXXZ 000000018001d992 f   mfc120ud:mfc120ud.dll
 0001:0001c998       ??4?$CStringT@_WV?$StrTraitMFC_DLL@_WV?$ChTraitsCRT@_W@ATL@@@@@ATL@@QEAAAEAV01@AEBV01@@Z 000000018001d998 f   mfc120ud:mfc120ud.dll
 0001:0001c99e       ??4?$CStringT@_WV?$StrTraitMFC_DLL@_WV?$ChTraitsCRT@_W@ATL@@@@@ATL@@QEAAAEAV01@PEB_W@Z 000000018001d99e f   mfc120ud:mfc120ud.dll
 0001:0001c9a4       ?Trim@?$CStringT@_WV?$StrTraitMFC_DLL@_WV?$ChTraitsCRT@_W@ATL@@@@@ATL@@QEAAAEAV12@XZ 000000018001d9a4 f   mfc120ud:mfc120ud.dll
 0001:0001c9aa       ?Create@CPlex@@SAPEAU1@AEAPEAU1@_K1@Z 000000018001d9aa f   mfc120ud:mfc120ud.dll
 0001:0001c9b0       ?FreeDataChain@CPlex@@QEAAXXZ 000000018001d9b0 f   mfc120ud:mfc120ud.dll
 0001:0001c9b6       ?AfxMessageBox@@YAHPEB_WII@Z 000000018001d9b6 f   mfc120ud:mfc120ud.dll
 0001:0001c9bc       ??0CMutex@@QEAA@HPEB_WPEAU_SECURITY_ATTRIBUTES@@@Z 000000018001d9bc f   mfc120ud:mfc120ud.dll
 0001:0001c9c2       ??1CMutex@@UEAA@XZ         000000018001d9c2 f   mfc120ud:mfc120ud.dll
 0001:0001c9c8       ??0CEvent@@QEAA@HHPEB_WPEAU_SECURITY_ATTRIBUTES@@@Z 000000018001d9c8 f   mfc120ud:mfc120ud.dll
 0001:0001c9ce       ?SetEvent@CEvent@@QEAAHXZ  000000018001d9ce f   mfc120ud:mfc120ud.dll
 0001:0001c9d4       ?ResetEvent@CEvent@@QEAAHXZ 000000018001d9d4 f   mfc120ud:mfc120ud.dll
 0001:0001c9e0       ??1CComBSTR@ATL@@QEAA@XZ   000000018001d9e0 f i mfcs120ud:nolib.obj
 0001:0001ca20       ??1stringdispid@CComTypeInfoHolder@ATL@@QEAA@XZ 000000018001da20 f i mfcs120ud:nolib.obj
 0001:0001ca60       ??_Estringdispid@CComTypeInfoHolder@ATL@@QEAAPEAXI@Z 000000018001da60 f i mfcs120ud:nolib.obj
 0001:0001cb00       IsolationAwareActivateActCtx 000000018001db00 f i mfcs120ud:nolib.obj
 0001:0001cb40       IsolationAwareCreateActCtxW 000000018001db40 f i mfcs120ud:nolib.obj
 0001:0001cb70       IsolationAwareDeactivateActCtx 000000018001db70 f i mfcs120ud:nolib.obj
 0001:0001cbb0       IsolationAwareFindActCtxSectionStringW 000000018001dbb0 f i mfcs120ud:nolib.obj
 0001:0001cc10       IsolationAwarePrivatenPgViNgRzlnPgpgk 000000018001dc10 f i mfcs120ud:nolib.obj
 0001:0001cc90       IsolationAwareQueryActCtxW 000000018001dc90 f i mfcs120ud:nolib.obj
 0001:0001cd00       IsolationAwareUnregisterClassW 000000018001dd00 f i mfcs120ud:nolib.obj
 0001:0001cdf0       WinbaseIsolationAwarePrivatetRgzlnPgpgk 000000018001ddf0 f i mfcs120ud:nolib.obj
 0001:0001d080       ?AfxSocketInit@@YAHPEAUWSAData@@@Z 000000018001e080 f   mfcs120ud:sockexp.obj
 0001:0001d0bc       wcscpy_s                   000000018001e0bc f   msvcrtd:MSVCR120D.dll
 0001:0001d0c2       _CrtDbgReportW             000000018001e0c2 f   msvcrtd:MSVCR120D.dll
 0001:0001d0d0       _RTC_AllocaHelper          000000018001e0d0 f   msvcrtd:stack.obj
 0001:0001d110       _RTC_CheckStackVars        000000018001e110 f   msvcrtd:stack.obj
 0001:0001d1a0       _RTC_CheckStackVars2       000000018001e1a0 f   msvcrtd:stack.obj
 0001:0001d2b0       _RTC_InitBase              000000018001e2b0 f   msvcrtd:init.obj
 0001:0001d2f0       _RTC_Shutdown              000000018001e2f0 f   msvcrtd:init.obj
 0001:0001d314       __CxxFrameHandler3         000000018001e314 f   msvcrtd:MSVCR120D.dll
 0001:0001d31a       _purecall                  000000018001e31a f   msvcrtd:MSVCR120D.dll
 0001:0001d320       __atonexitinit             000000018001e320 f   msvcrtd:atonexit.obj
 0001:0001d410       _onexit                    000000018001e410 f   msvcrtd:atonexit.obj
 0001:0001d4e0       atexit                     000000018001e4e0 f   msvcrtd:atonexit.obj
 0001:0001d514       memcpy                     000000018001e514 f   msvcrtd:MSVCR120D.dll
 0001:0001d51a       strcpy                     000000018001e51a f   msvcrtd:MSVCR120D.dll
 0001:0001d520       strlen                     000000018001e520 f   msvcrtd:MSVCR120D.dll
[...]
 0005:00000288       __imp_?setp@?$basic_streambuf@DU?$char_traits@D@std@@@std@@IEAAXPEAD00@Z 0000000180048288     msvcprtd:MSVCP120D.dll
 0005:00000290       __imp_??0_Container_base12@std@@QEAA@XZ 0000000180048290     msvcprtd:MSVCP120D.dll
 0005:00000298       __imp_??1_Container_base12@std@@QEAA@XZ 0000000180048298     msvcprtd:MSVCP120D.dll
 0005:000002a0       __imp_?_Orphan_all@_Container_base12@std@@QEAAXXZ 00000001800482a0     msvcprtd:MSVCP120D.dll
 0005:000002a8       __imp_?_Xbad_alloc@std@@YAXXZ 00000001800482a8     msvcprtd:MSVCP120D.dll
 0005:000002b0       __imp_?_Xlength_error@std@@YAXPEBD@Z 00000001800482b0     msvcprtd:MSVCP120D.dll
 0005:000002b8       __imp_?_Xout_of_range@std@@YAXPEBD@Z 00000001800482b8     msvcprtd:MSVCP120D.dll
 0005:000002c0       __imp_??0id@locale@std@@QEAA@_K@Z 00000001800482c0     msvcprtd:MSVCP120D.dll
 0005:000002c8       __imp_?_Syserror_map@std@@YAPEBDH@Z 00000001800482c8     msvcprtd:MSVCP120D.dll
 0005:000002d0       __imp_?_Winerror_map@std@@YAPEBDH@Z 00000001800482d0     msvcprtd:MSVCP120D.dll
 0005:000002d8       __imp_??0_Lockit@std@@QEAA@H@Z 00000001800482d8     msvcprtd:MSVCP120D.dll
 0005:000002e0       __imp_??1_Lockit@std@@QEAA@XZ 00000001800482e0     msvcprtd:MSVCP120D.dll
 0005:000002e8       __imp_?_Getpfirst@_Container_base12@std@@QEBAPEAPEAU_Iterator_base12@2@XZ 00000001800482e8     msvcprtd:MSVCP120D.dll
 0005:000002f0       __imp_?_Swap_all@_Container_base12@std@@QEAAXAEAU12@@Z 00000001800482f0     msvcprtd:MSVCP120D.dll
 0005:000002f8       __imp_??Bios_base@std@@QEBA_NXZ 00000001800482f8     msvcprtd:MSVCP120D.dll
 0005:00000300       __imp_??0?$basic_streambuf@DU?$char_traits@D@std@@@std@@IEAA@XZ 0000000180048300     msvcprtd:MSVCP120D.dll
 0005:00000308       __imp_??1?$basic_streambuf@DU?$char_traits@D@std@@@std@@UEAA@XZ 0000000180048308     msvcprtd:MSVCP120D.dll
 0005:00000310       __imp_?sbumpc@?$basic_streambuf@DU?$char_traits@D@std@@@std@@QEAAHXZ 0000000180048310     msvcprtd:MSVCP120D.dll
 0005:00000318       __imp_?sgetc@?$basic_streambuf@DU?$char_traits@D@std@@@std@@QEAAHXZ 0000000180048318     msvcprtd:MSVCP120D.dll
 0005:00000320       __imp_?snextc@?$basic_streambuf@DU?$char_traits@D@std@@@std@@QEAAHXZ 0000000180048320     msvcprtd:MSVCP120D.dll
 0005:00000328       __imp_?eback@?$basic_streambuf@DU?$char_traits@D@std@@@std@@IEBAPEADXZ 0000000180048328     msvcprtd:MSVCP120D.dll
 0005:00000330       __imp_?gptr@?$basic_streambuf@DU?$char_traits@D@std@@@std@@IEBAPEADXZ 0000000180048330     msvcprtd:MSVCP120D.dll
 0005:00000338       __imp_?pbase@?$basic_streambuf@DU?$char_traits@D@std@@@std@@IEBAPEADXZ 0000000180048338     msvcprtd:MSVCP120D.dll
 0005:00000340       __imp_?pptr@?$basic_streambuf@DU?$char_traits@D@std@@@std@@IEBAPEADXZ 0000000180048340     msvcprtd:MSVCP120D.dll
 0005:00000348       __imp_?egptr@?$basic_streambuf@DU?$char_traits@D@std@@@std@@IEBAPEADXZ 0000000180048348     msvcprtd:MSVCP120D.dll
 0005:00000350       __imp_?gbump@?$basic_streambuf@DU?$char_traits@D@std@@@std@@IEAAXH@Z 0000000180048350     msvcprtd:MSVCP120D.dll
 0005:00000358       __imp_?setg@?$basic_streambuf@DU?$char_traits@D@std@@@std@@IEAAXPEAD00@Z 0000000180048358     msvcprtd:MSVCP120D.dll
 0005:00000360       __imp_?epptr@?$basic_streambuf@DU?$char_traits@D@std@@@std@@IEBAPEADXZ 0000000180048360     msvcprtd:MSVCP120D.dll
 0005:00000368       __imp_?_Debug_message@std@@YAXPEB_W0I@Z 0000000180048368     msvcprtd:MSVCP120D.dll
 0005:00000370       __imp_?pbump@?$basic_streambuf@DU?$char_traits@D@std@@@std@@IEAAXH@Z 0000000180048370     msvcprtd:MSVCP120D.dll
 0005:00000378       __imp_?setp@?$basic_streambuf@DU?$char_traits@D@std@@@std@@IEAAXPEAD0@Z 0000000180048378     msvcprtd:MSVCP120D.dll
 0005:00000380       \177MSVCP120D_NULL_THUNK_DATA 0000000180048380     msvcprtd:MSVCP120D.dll
 0005:00000420       __imp__CrtSetCheckCount    0000000180048420     msvcrtd:MSVCR120D.dll
 0005:00000428       __imp__initterm            0000000180048428     msvcrtd:MSVCR120D.dll
 0005:00000430       __imp__initterm_e          0000000180048430     msvcrtd:MSVCR120D.dll
 0005:00000438       __imp_?terminate@@YAXXZ    0000000180048438     msvcrtd:MSVCR120D.dll
 0005:00000440       __imp___crt_debugger_hook  0000000180048440     msvcrtd:MSVCR120D.dll
 0005:00000448       __imp___crtUnhandledException 0000000180048448     msvcrtd:MSVCR120D.dll
 0005:00000450       __imp___crtTerminateProcess 0000000180048450     msvcrtd:MSVCR120D.dll
 0005:00000458       __imp___crtCaptureCurrentContext 0000000180048458     msvcrtd:MSVCR120D.dll
 0005:00000460       __imp___crtCapturePreviousContext 0000000180048460     msvcrtd:MSVCR120D.dll
 0005:00000468       __imp_?_type_info_dtor_internal_method@type_info@@QEAAXXZ 0000000180048468     msvcrtd:MSVCR120D.dll
 0005:00000470       __imp___clean_type_info_names_internal 0000000180048470     msvcrtd:MSVCR120D.dll
 0005:00000478       __imp__wmakepath_s         0000000180048478     msvcrtd:MSVCR120D.dll
 0005:00000480       __imp__wsplitpath_s        0000000180048480     msvcrtd:MSVCR120D.dll
 0005:00000488       __imp__free_dbg            0000000180048488     msvcrtd:MSVCR120D.dll
 0005:00000490       __imp__malloc_dbg          0000000180048490     msvcrtd:MSVCR120D.dll
 0005:00000498       __imp___CppXcptFilter      0000000180048498     msvcrtd:MSVCR120D.dll
 0005:000004a0       __imp__onexit              00000001800484a0     msvcrtd:MSVCR120D.dll
 0005:000004a8       __imp___dllonexit          00000001800484a8     msvcrtd:MSVCR120D.dll
 0005:000004b0       __imp__calloc_dbg          00000001800484b0     msvcrtd:MSVCR120D.dll
 0005:000004b8       __imp__unlock              00000001800484b8     msvcrtd:MSVCR120D.dll
 0005:000004c0       __imp__lock                00000001800484c0     msvcrtd:MSVCR120D.dll
 0005:000004c8       __imp__CRT_RTC_INITW       00000001800484c8     msvcrtd:MSVCR120D.dll
 0005:000004d0       __imp___C_specific_handler 00000001800484d0     msvcrtd:MSVCR120D.dll
 0005:000004d8       __imp_memmove_s            00000001800484d8     msvcrtd:MSVCR120D.dll
 0005:000004e0       __imp__time64              00000001800484e0     msvcrtd:MSVCR120D.dll
 0005:000004e8       __imp_strerror             00000001800484e8     msvcrtd:MSVCR120D.dll
 0005:000004f0       __imp__invalid_parameter   00000001800484f0     msvcrtd:MSVCR120D.dll
 0005:000004f8       __imp_memcpy_s             00000001800484f8     msvcrtd:MSVCR120D.dll
 0005:00000500       __imp__hypot               0000000180048500     msvcrtd:MSVCR120D.dll
 0005:00000508       __imp_free                 0000000180048508     msvcrtd:MSVCR120D.dll
 0005:00000510       __imp__vsnwprintf_s        0000000180048510     msvcrtd:MSVCR120D.dll
 0005:00000518       __imp_swprintf_s           0000000180048518     msvcrtd:MSVCR120D.dll
 0005:00000520       __imp_memset               0000000180048520     msvcrtd:MSVCR120D.dll
 0005:00000528       __imp__CxxThrowException   0000000180048528     msvcrtd:MSVCR120D.dll
 0005:00000530       __imp_memmove              0000000180048530     msvcrtd:MSVCR120D.dll
 0005:00000538       __imp__recalloc            0000000180048538     msvcrtd:MSVCR120D.dll
 0005:00000540       __imp_strlen               0000000180048540     msvcrtd:MSVCR120D.dll
 0005:00000548       __imp_strcpy               0000000180048548     msvcrtd:MSVCR120D.dll
 0005:00000550       __imp_memcpy               0000000180048550     msvcrtd:MSVCR120D.dll
 0005:00000558       __imp__purecall            0000000180048558     msvcrtd:MSVCR120D.dll
 0005:00000560       __imp___CxxFrameHandler3   0000000180048560     msvcrtd:MSVCR120D.dll
 0005:00000568       __imp__CrtDbgReportW       0000000180048568     msvcrtd:MSVCR120D.dll
 0005:00000570       __imp_wcscpy_s             0000000180048570     msvcrtd:MSVCR120D.dll
 0005:00000578       __imp__amsg_exit           0000000180048578     msvcrtd:MSVCR120D.dll
 0005:00000580       \177MSVCR120D_NULL_THUNK_DATA 0000000180048580     msvcrtd:MSVCR120D.dll
 0005:00000618       __imp_SysFreeString        0000000180048618     oleaut32:OLEAUT32.dll
 0005:00000620       \177OLEAUT32_NULL_THUNK_DATA 0000000180048620     oleaut32:OLEAUT32.dll
 0005:00000678       __imp_UnregisterClassW     0000000180048678     user32:USER32.dll
 0005:00000680       \177USER32_NULL_THUNK_DATA 0000000180048680     user32:USER32.dll
 0005:000006d8       __imp_shutdown             00000001800486d8     ws2_32:WS2_32.dll
 0005:000006e0       __imp_setsockopt           00000001800486e0     ws2_32:WS2_32.dll
 0005:000006e8       __imp_gethostbyname        00000001800486e8     ws2_32:WS2_32.dll
 0005:000006f0       __imp_recv                 00000001800486f0     ws2_32:WS2_32.dll
 0005:000006f8       __imp_htons                00000001800486f8     ws2_32:WS2_32.dll
 0005:00000700       __imp_ioctlsocket          0000000180048700     ws2_32:WS2_32.dll
 0005:00000708       __imp_WSAStartup           0000000180048708     ws2_32:WS2_32.dll
 0005:00000710       __imp_socket               0000000180048710     ws2_32:WS2_32.dll
 0005:00000718       __imp_WSAGetLastError      0000000180048718     ws2_32:WS2_32.dll
 0005:00000720       __imp_send                 0000000180048720     ws2_32:WS2_32.dll
 0005:00000728       __imp_closesocket          0000000180048728     ws2_32:WS2_32.dll
 0005:00000730       __imp_connect              0000000180048730     ws2_32:WS2_32.dll
 0005:00000738       \177WS2_32_NULL_THUNK_DATA 0000000180048738     ws2_32:WS2_32.dll
 0005:000007a0       __imp_?AfxAssertFailedLine@@YAHPEBDH@Z 00000001800487a0     mfc120ud:mfc120ud.dll
 0005:000007a8       __imp_?AfxThrowInvalidArgException@@YAXXZ 00000001800487a8     mfc120ud:mfc120ud.dll
 0005:000007b0       __imp_?GetBuffer@?$CSimpleStringT@_W$00@ATL@@QEAAPEA_WXZ 00000001800487b0     mfc120ud:mfc120ud.dll
 0005:000007b8       __imp_?GetLength@?$CSimpleStringT@_W$00@ATL@@QEBAHXZ 00000001800487b8     mfc120ud:mfc120ud.dll
 0005:000007c0       __imp_?ReleaseBuffer@?$CSimpleStringT@_W$00@ATL@@QEAAXH@Z 00000001800487c0     mfc120ud:mfc120ud.dll
 0005:000007c8       __imp_?SetString@?$CSimpleStringT@_W$00@ATL@@QEAAXPEB_WH@Z 00000001800487c8     mfc120ud:mfc120ud.dll
 0005:000007d0       __imp_??0?$CStringT@_WV?$StrTraitMFC_DLL@_WV?$ChTraitsCRT@_W@ATL@@@@@ATL@@QEAA@XZ 00000001800487d0     mfc120ud:mfc120ud.dll
 0005:000007d8       __imp_??0?$CStringT@_WV?$StrTraitMFC_DLL@_WV?$ChTraitsCRT@_W@ATL@@@@@ATL@@QEAA@AEBV01@@Z 00000001800487d8     mfc120ud:mfc120ud.dll
 0005:000007e0       __imp_??1?$CStringT@_WV?$StrTraitMFC_DLL@_WV?$ChTraitsCRT@_W@ATL@@@@@ATL@@QEAA@XZ 00000001800487e0     mfc120ud:mfc120ud.dll
 0005:000007e8       __imp_??2@YAPEAX_K@Z       00000001800487e8     mfc120ud:mfc120ud.dll
 0005:000007f0       __imp_?GetBuffer@?$CSimpleStringT@D$00@ATL@@QEAAPEADXZ 00000001800487f0     mfc120ud:mfc120ud.dll
 0005:000007f8       __imp_??0?$CStringT@DV?$StrTraitMFC_DLL@DV?$ChTraitsCRT@D@ATL@@@@@ATL@@QEAA@PEB_W@Z 00000001800487f8     mfc120ud:mfc120ud.dll
 0005:00000800       __imp_??1?$CStringT@DV?$StrTraitMFC_DLL@DV?$ChTraitsCRT@D@ATL@@@@@ATL@@QEAA@XZ 0000000180048800     mfc120ud:mfc120ud.dll
 0005:00000808       __imp_??B?$CSimpleStringT@_W$00@ATL@@QEBAPEB_WXZ 0000000180048808     mfc120ud:mfc120ud.dll
 0005:00000810       __imp_?GetAt@?$CSimpleStringT@_W$00@ATL@@QEBA_WH@Z 0000000180048810     mfc120ud:mfc120ud.dll
 0005:00000818       __imp_??0?$CStringT@_WV?$StrTraitMFC_DLL@_WV?$ChTraitsCRT@_W@ATL@@@@@ATL@@QEAA@PEBD@Z 0000000180048818     mfc120ud:mfc120ud.dll
 0005:00000820       __imp_?Format@?$CStringT@_WV?$StrTraitMFC_DLL@_WV?$ChTraitsCRT@_W@ATL@@@@@ATL@@QEAAXPEB_WZZ 0000000180048820     mfc120ud:mfc120ud.dll
 0005:00000828       __imp_??2CObject@@SAPEAX_KPEBDH@Z 0000000180048828     mfc120ud:mfc120ud.dll
 0005:00000830       __imp_?AfxGetModuleState@@YAPEAVAFX_MODULE_STATE@@XZ 0000000180048830     mfc120ud:mfc120ud.dll
 0005:00000838       __imp_?AfxInitExtensionModule@@YAHAEAUAFX_EXTENSION_MODULE@@PEAUHINSTANCE__@@@Z 0000000180048838     mfc120ud:mfc120ud.dll
 0005:00000840       __imp_?AfxTermExtensionModule@@YAXAEAUAFX_EXTENSION_MODULE@@H@Z 0000000180048840     mfc120ud:mfc120ud.dll
 0005:00000848       __imp_?AfxAssertValidObject@@YAXPEBVCObject@@PEBDH@Z 0000000180048848     mfc120ud:mfc120ud.dll
 0005:00000850       __imp_?AfxThrowMemoryException@@YAXXZ 0000000180048850     mfc120ud:mfc120ud.dll
 0005:00000858       __imp_?GetRuntimeClass@CObject@@UEBAPEAUCRuntimeClass@@XZ 0000000180048858     mfc120ud:mfc120ud.dll
 0005:00000860       __imp_??1CObject@@UEAA@XZ  0000000180048860     mfc120ud:mfc120ud.dll
 0005:00000868       __imp_??3CObject@@SAXPEAX@Z 0000000180048868     mfc120ud:mfc120ud.dll
 0005:00000870       __imp_??0CObject@@IEAA@XZ  0000000180048870     mfc120ud:mfc120ud.dll
 0005:00000878       __imp_?Serialize@CObject@@UEAAXAEAVCArchive@@@Z 0000000180048878     mfc120ud:mfc120ud.dll
 0005:00000880       __imp_?AssertValid@CObject@@UEBAXXZ 0000000180048880     mfc120ud:mfc120ud.dll
 0005:00000888       __imp_?Dump@CObject@@UEBAXAEAVCDumpContext@@@Z 0000000180048888     mfc120ud:mfc120ud.dll
 0005:00000890       __imp_?AfxIsValidAddress@@YAHPEBX_KH@Z 0000000180048890     mfc120ud:mfc120ud.dll
 0005:00000898       __imp_??_U@YAPEAX_KPEBDH@Z 0000000180048898     mfc120ud:mfc120ud.dll
 0005:000008a0       __imp_?IsStoring@CArchive@@QEBAHXZ 00000001800488a0     mfc120ud:mfc120ud.dll
 0005:000008a8       __imp_?EnsureRead@CArchive@@QEAAXPEAXI@Z 00000001800488a8     mfc120ud:mfc120ud.dll
 0005:000008b0       __imp_?Write@CArchive@@QEAAXPEBXI@Z 00000001800488b0     mfc120ud:mfc120ud.dll
 0005:000008b8       __imp_?ReadCount@CArchive@@QEAA_KXZ 00000001800488b8     mfc120ud:mfc120ud.dll
 0005:000008c0       __imp_?WriteCount@CArchive@@QEAAX_K@Z 00000001800488c0     mfc120ud:mfc120ud.dll
 0005:000008c8       __imp_?GetDepth@CDumpContext@@QEBAHXZ 00000001800488c8     mfc120ud:mfc120ud.dll
 0005:000008d0       __imp_??6CDumpContext@@QEAAAEAV0@PEBD@Z 00000001800488d0     mfc120ud:mfc120ud.dll
 0005:000008d8       __imp_??6CDumpContext@@QEAAAEAV0@_J@Z 00000001800488d8     mfc120ud:mfc120ud.dll
 0005:000008e0       __imp_?GetRuntimeClass@CException@@UEBAPEAUCRuntimeClass@@XZ 00000001800488e0     mfc120ud:mfc120ud.dll
 0005:000008e8       __imp_?ResetEvent@CEvent@@QEAAHXZ 00000001800488e8     mfc120ud:mfc120ud.dll
 0005:000008f0       __imp_?SetEvent@CEvent@@QEAAHXZ 00000001800488f0     mfc120ud:mfc120ud.dll
 0005:000008f8       __imp_??0CEvent@@QEAA@HHPEB_WPEAU_SECURITY_ATTRIBUTES@@@Z 00000001800488f8     mfc120ud:mfc120ud.dll
 0005:00000900       __imp_??1CMutex@@UEAA@XZ   0000000180048900     mfc120ud:mfc120ud.dll
 0005:00000908       __imp_??0CMutex@@QEAA@HPEB_WPEAU_SECURITY_ATTRIBUTES@@@Z 0000000180048908     mfc120ud:mfc120ud.dll
 0005:00000910       __imp_?AfxMessageBox@@YAHPEB_WII@Z 0000000180048910     mfc120ud:mfc120ud.dll
 0005:00000918       __imp_?FreeDataChain@CPlex@@QEAAXXZ 0000000180048918     mfc120ud:mfc120ud.dll
 0005:00000920       __imp_?Create@CPlex@@SAPEAU1@AEAPEAU1@_K1@Z 0000000180048920     mfc120ud:mfc120ud.dll
 0005:00000928       __imp_?Trim@?$CStringT@_WV?$StrTraitMFC_DLL@_WV?$ChTraitsCRT@_W@ATL@@@@@ATL@@QEAAAEAV12@XZ 0000000180048928     mfc120ud:mfc120ud.dll
 0005:00000930       __imp_??4?$CStringT@_WV?$StrTraitMFC_DLL@_WV?$ChTraitsCRT@_W@ATL@@@@@ATL@@QEAAAEAV01@PEB_W@Z 0000000180048930     mfc120ud:mfc120ud.dll
 0005:00000938       __imp_??4?$CStringT@_WV?$StrTraitMFC_DLL@_WV?$ChTraitsCRT@_W@ATL@@@@@ATL@@QEAAAEAV01@AEBV01@@Z 0000000180048938     mfc120ud:mfc120ud.dll
 0005:00000940       __imp_?Delete@CException@@QEAAXXZ 0000000180048940     mfc120ud:mfc120ud.dll
 0005:00000948       __imp_??2CObject@@SAPEAX_K@Z 0000000180048948     mfc120ud:mfc120ud.dll
 0005:00000950       __imp_??3CException@@SAXPEAX@Z 0000000180048950     mfc120ud:mfc120ud.dll
 0005:00000958       __imp_??1CException@@UEAA@XZ 0000000180048958     mfc120ud:mfc120ud.dll
 0005:00000960       __imp_?ReportError@CException@@UEAAHII@Z 0000000180048960     mfc120ud:mfc120ud.dll
 0005:00000968       __imp_?GetErrorMessage@CException@@UEAAHPEA_WIPEAI@Z 0000000180048968     mfc120ud:mfc120ud.dll
 0005:00000970       __imp_?GetErrorMessage@CException@@UEBAHPEA_WIPEAI@Z 0000000180048970     mfc120ud:mfc120ud.dll
 0005:00000978       __imp_??0CDynLinkLibrary@@QEAA@AEAUAFX_EXTENSION_MODULE@@H@Z 0000000180048978     mfc120ud:mfc120ud.dll
 0005:00000980       __imp_?_AfxSocketInit@@YAHPEAUWSAData@@@Z 0000000180048980     mfc120ud:mfc120ud.dll
 0005:00000988       __imp_??0CException@@QEAA@XZ 0000000180048988     mfc120ud:mfc120ud.dll
 0005:00000990       __imp_??_V@YAXPEAX@Z       0000000180048990     mfc120ud:mfc120ud.dll
 0005:00000998       __imp_??_U@YAPEAX_K@Z      0000000180048998     mfc120ud:mfc120ud.dll
 0005:000009a0       __imp_??3@YAXPEAX@Z        00000001800489a0     mfc120ud:mfc120ud.dll
 0005:000009a8       \177mfc120ud_NULL_THUNK_DATA 00000001800489a8     mfc120ud:mfc120ud.dll
 0005:00000a68       __IMPORT_DESCRIPTOR_mfc120ud 0000000180048a68     mfc120ud:mfc120ud.dll
 0005:00000a7c       __IMPORT_DESCRIPTOR_MSVCR120D 0000000180048a7c     msvcrtd:MSVCR120D.dll
 0005:00000a90       __IMPORT_DESCRIPTOR_KERNEL32 0000000180048a90     kernel32:KERNEL32.dll
 0005:00000aa4       __IMPORT_DESCRIPTOR_USER32 0000000180048aa4     user32:USER32.dll
 0005:00000ab8       __IMPORT_DESCRIPTOR_OLEAUT32 0000000180048ab8     oleaut32:OLEAUT32.dll
 0005:00000acc       __IMPORT_DESCRIPTOR_WS2_32 0000000180048acc     ws2_32:WS2_32.dll
 0005:00000ae0       __IMPORT_DESCRIPTOR_MSVCP120D 0000000180048ae0     msvcprtd:MSVCP120D.dll
 0005:00000af4       __NULL_IMPORT_DESCRIPTOR   0000000180048af4     mfc120ud:mfc120ud.dll

 entry point at        0001:0001dca0


 Exports

  ordinal    name

        1    cmon_create_robot
        2    cmon_delete_robot
        3    cmon_execute_command
        4    cmon_execute_instruction
        5    cmon_get_cur_position
        6    cmon_get_cur_torque
        7    cmon_get_cur_velocity
        8    cmon_get_din
        9    cmon_get_dout
       10    cmon_get_error_code
       11    cmon_get_error_status
       12    cmon_get_hold_done_status
       13    cmon_get_hold_status
       14    cmon_get_inching_status
       15    cmon_get_joint_position
       16    cmon_get_lock_status
       17    cmon_get_log_cur_position
       18    cmon_get_log_cur_torque
       19    cmon_get_log_cur_velocity
       20    cmon_get_maintask_cur_cycle
       21    cmon_get_maintask_cur_step
       22    cmon_get_maintask_cycle
       23    cmon_get_maintask_move_step
       24    cmon_get_maintask_name
       25    cmon_get_maintask_status
       26    cmon_get_maintask_step_count
       27    cmon_get_motor_on_status
       28    cmon_get_moving_status
       29    cmon_get_number_data
       30    cmon_get_program_list
       31    cmon_get_program_steps
       32    cmon_get_robot_address
       33    cmon_get_robot_connection_status
       34    cmon_get_slog
       35    cmon_get_slog_size
       36    cmon_get_string_data
       37    cmon_get_subtask_cur_cycle
       38    cmon_get_subtask_cur_step
       39    cmon_get_subtask_cycle
       40    cmon_get_subtask_name
       41    cmon_get_subtask_step_count
       42    cmon_get_tcr_mode
       43    cmon_get_teach_coordinate
       44    cmon_get_teach_speed
       45    cmon_get_tp_enable_status
       46    cmon_get_trans_position
       47    cmon_reset_error
       48    cmon_set_inching_on
       49    cmon_set_jog_off
       50    cmon_set_jog_on
       51    cmon_set_lock
       52    cmon_set_log_start
       53    cmon_set_motor_on
       54    cmon_set_number_data
       55    cmon_set_program_steps
       56    cmon_set_teach_coordinate
       57    cmon_set_teach_mode
       58    cmon_set_teach_speed
       59    cmon_set_tp_enable
       60    cmon_set_unlock
       61    cmon_start_remote_control
       62    cmon_stop_remote_control
