 coremon

 Timestamp is 5e81a4ef (Mon Mar 30 16:51:11 2020)

 Preferred load address is 0000000180000000

 Start         Length     Name                   Class
 0001:00000000 0000469cH .text$di                CODE
 0001:000046a0 0001ddfcH .text$mn                CODE
 0001:000224a0 000023c6H .text$x                 CODE
 0001:00024870 000014daH .text$yd                CODE
 0002:00000000 00000109H .CRT$XCA                DATA
 0002:00000110 00000109H .CRT$XCL                DATA
 0002:00000220 0000038cH .CRT$XCU                DATA
 0002:000005b0 00000109H .CRT$XCZ                DATA
 0002:000006c0 00000109H .CRT$XIA                DATA
 0002:000007d0 00000109H .CRT$XIAA               DATA
 0002:000008e0 00000109H .CRT$XIC                DATA
 0002:000009f0 00000109H .CRT$XIZ                DATA
 0002:00000b00 00011ebbH .rdata                  DATA
 0002:000129bc 00000186H .rdata$debug            DATA
 0002:00012b50 00000f07H .rdata$r                DATA
 0002:00013a58 00000109H .rtc$IAA                DATA
 0002:00013b68 000001beH .rtc$IMZ                DATA
 0002:00013d28 00000109H .rtc$IZZ                DATA
 0002:00013e38 00000109H .rtc$TAA                DATA
 0002:00013f48 000001beH .rtc$TMZ                DATA
 0002:00014108 00000109H .rtc$TZZ                DATA
 0002:00014220 000036c4H .xdata                  DATA
 0002:000178e8 00000200H .xdata$x                DATA
 0002:00017ae8 00000109H ATL$__a                 DATA
 0002:00017bf8 00000109H ATL$__z                 DATA
 0002:00017d10 00000a10H .edata                  DATA
 0003:00000000 00000168H .data                   DATA
 0003:00000170 000007e7H .data$r                 DATA
 0003:00000960 00003058H .bss                    DATA
 0004:00000000 00002b38H .pdata                  DATA
 0005:00000000 00000a60H .idata$5                DATA
 0005:00000a60 0000008cH .idata$2                DATA
 0005:00000aec 00000014H .idata$3                DATA
 0005:00000b00 00000a60H .idata$4                DATA
 0005:00001560 000014b9H .idata$6                DATA
 0006:00000000 000001c0H .rsrc$01                DATA
 0006:000001c0 00000769H .rsrc$02                DATA

  Address         Publics by Value              Rva+Base               Lib:Object

 0000:00000000       ___safe_se_handler_table   0000000000000000     <absolute>
 0000:00000000       __guard_flags              0000000000000000     <absolute>
 0000:00000000       ___safe_se_handler_count   0000000000000000     <absolute>
 0000:00000000       __guard_fids_count         0000000000000000     <absolute>
 0000:00000000       __guard_fids_table         0000000000000000     <absolute>
 0000:00000000       __ImageBase                0000000180000000     <linker-defined>
 0001:000046a0       ??0BitConverter@@QEAA@XZ   00000001800056a0 f   BitConverter.obj
 0001:000046c0       ??1BitConverter@@QEAA@XZ   00000001800056c0 f   BitConverter.obj
 0001:000046d0       ?ToUInt32@BitConverter@@SAIAEAV?$CArray@EAEBE@@H@Z 00000001800056d0 f   BitConverter.obj
 0001:00004780       ?ToInt8@BitConverter@@SAHAEAV?$CArray@EAEBE@@H@Z 0000000180005780 f   BitConverter.obj
 0001:00004830       ?ToInt32@BitConverter@@SAHAEAV?$CArray@EAEBE@@H@Z 0000000180005830 f   BitConverter.obj
 0001:000048e0       ?ToUInt16@BitConverter@@SAGAEAV?$CArray@EAEBE@@H@Z 00000001800058e0 f   BitConverter.obj
 0001:00004990       ?ToInt16@BitConverter@@SAFAEAV?$CArray@EAEBE@@H@Z 0000000180005990 f   BitConverter.obj
 0001:00004a40       ?ToSingle@BitConverter@@SAMAEAV?$CArray@EAEBE@@H@Z 0000000180005a40 f   BitConverter.obj
 0001:00004b00       ?ToStringFromUTF8@BitConverter@@SA?AV?$CStringT@_WV?$StrTraitMFC_DLL@_WV?$ChTraitsCRT@_W@ATL@@@@@ATL@@AEAV?$CArray@EAEBE@@HH@Z 0000000180005b00 f   BitConverter.obj
 0001:00004c80       ?convertUTF8@BitConverter@@SAHAEAV?$CStringT@_WV?$StrTraitMFC_DLL@_WV?$ChTraitsCRT@_W@ATL@@@@@ATL@@PEADH@Z 0000000180005c80 f   BitConverter.obj
 0001:00004f60       ??0?$CTraceCategoryEx@$0CAAA@$0A@@ATL@@QEAA@PEB_W@Z 0000000180005f60 f i BitConverter.obj
 0001:00004fb0       ??A?$CArray@EAEBE@@QEAAAEAE_J@Z 0000000180005fb0 f i BitConverter.obj
 0001:00005000       ?ElementAt@?$CArray@EAEBE@@QEAAAEAE_J@Z 0000000180006000 f i BitConverter.obj
 0001:000050b0       ?GetData@?$CArray@EAEBE@@QEAAPEAEXZ 00000001800060b0 f i BitConverter.obj
 0001:000050d0       ?RegisterCategory@CTrace@ATL@@SAXPEB_WI@Z 00000001800060d0 f i BitConverter.obj
 0001:000051e0       cmon_create_robot          00000001800061e0 f   coremon.obj
 0001:00005260       cmon_delete_robot          0000000180006260 f   coremon.obj
 0001:000052b0       cmon_start_remote_control  00000001800062b0 f   coremon.obj
 0001:00005310       cmon_stop_remote_control   0000000180006310 f   coremon.obj
 0001:00005370       cmon_get_robot_address     0000000180006370 f   coremon.obj
 0001:00005470       cmon_get_robot_connection_status 0000000180006470 f   coremon.obj
 0001:000054d0       cmon_execute_command       00000001800064d0 f   coremon.obj
 0001:00005530       cmon_execute_instruction   0000000180006530 f   coremon.obj
 0001:00005590       cmon_get_lock_status       0000000180006590 f   coremon.obj
 0001:00005610       cmon_get_error_status      0000000180006610 f   coremon.obj
 0001:00005680       cmon_get_tcr_mode          0000000180006680 f   coremon.obj
 0001:000056f0       cmon_get_hold_status       00000001800066f0 f   coremon.obj
 0001:00005760       cmon_get_hold_done_status  0000000180006760 f   coremon.obj
 0001:000057d0       cmon_get_moving_status     00000001800067d0 f   coremon.obj
 0001:00005840       cmon_get_tp_enable_status  0000000180006840 f   coremon.obj
 0001:000058b0       cmon_get_motor_on_status   00000001800068b0 f   coremon.obj
 0001:00005920       cmon_get_inching_status    0000000180006920 f   coremon.obj
 0001:00005990       cmon_get_teach_coordinate  0000000180006990 f   coremon.obj
 0001:00005a00       cmon_get_teach_speed       0000000180006a00 f   coremon.obj
 0001:00005a70       cmon_get_joint_position    0000000180006a70 f   coremon.obj
 0001:00005b20       cmon_get_trans_position    0000000180006b20 f   coremon.obj
 0001:00005bd0       cmon_get_din               0000000180006bd0 f   coremon.obj
 0001:00005c80       cmon_get_dout              0000000180006c80 f   coremon.obj
 0001:00005d30       cmon_get_maintask_name     0000000180006d30 f   coremon.obj
 0001:00005e40       cmon_get_maintask_cur_step 0000000180006e40 f   coremon.obj
 0001:00005eb0       cmon_get_maintask_move_step 0000000180006eb0 f   coremon.obj
 0001:00005ed0       cmon_get_maintask_cycle    0000000180006ed0 f   coremon.obj
 0001:00005f40       cmon_get_maintask_cur_cycle 0000000180006f40 f   coremon.obj
 0001:00005fb0       cmon_get_subtask_name      0000000180006fb0 f   coremon.obj
 0001:000060c0       cmon_get_subtask_cur_step  00000001800070c0 f   coremon.obj
 0001:00006130       cmon_get_subtask_cycle     0000000180007130 f   coremon.obj
 0001:000061a0       cmon_get_subtask_cur_cycle 00000001800071a0 f   coremon.obj
 0001:00006210       cmon_get_program_list      0000000180007210 f   coremon.obj
 0001:00006310       cmon_get_program_steps     0000000180007310 f   coremon.obj
 0001:00006420       cmon_set_program_steps     0000000180007420 f   coremon.obj
 0001:00006490       cmon_get_cur_velocity      0000000180007490 f   coremon.obj
 0001:00006540       cmon_get_cur_torque        0000000180007540 f   coremon.obj
 0001:000065f0       cmon_get_cur_position      00000001800075f0 f   coremon.obj
 0001:000066a0       cmon_set_log_start         00000001800076a0 f   coremon.obj
 0001:00006700       cmon_get_log_cur_velocity  0000000180007700 f   coremon.obj
 0001:00006770       cmon_get_log_cur_torque    0000000180007770 f   coremon.obj
 0001:000067e0       cmon_get_log_cur_position  00000001800077e0 f   coremon.obj
 0001:00006850       cmon_set_lock              0000000180007850 f   coremon.obj
 0001:000068b0       cmon_set_unlock            00000001800078b0 f   coremon.obj
 0001:00006910       cmon_set_motor_on          0000000180007910 f   coremon.obj
 0001:00006970       cmon_set_teach_mode        0000000180007970 f   coremon.obj
 0001:000069d0       cmon_set_tp_enable         00000001800079d0 f   coremon.obj
 0001:00006a30       cmon_set_teach_coordinate  0000000180007a30 f   coremon.obj
 0001:00006a90       cmon_set_teach_speed       0000000180007a90 f   coremon.obj
 0001:00006af0       cmon_reset_error           0000000180007af0 f   coremon.obj
 0001:00006b50       cmon_set_inching_on        0000000180007b50 f   coremon.obj
 0001:00006bb0       cmon_set_jog_on            0000000180007bb0 f   coremon.obj
 0001:00006c20       cmon_set_jog_off           0000000180007c20 f   coremon.obj
 0001:00006c90       cmon_get_slog_size         0000000180007c90 f   coremon.obj
 0001:00006d00       cmon_get_slog              0000000180007d00 f   coremon.obj
 0001:00006e00       cmon_get_number_data       0000000180007e00 f   coremon.obj
 0001:00006e70       cmon_set_number_data       0000000180007e70 f   coremon.obj
 0001:00007090       cmon_get_error_code        0000000180008090 f   coremon.obj
 0001:000070f0       getRobot                   00000001800080f0 f   coremon.obj
 0001:00007140       cmon_get_string_data       0000000180008140 f   coremon.obj
 0001:00007980       ??$_Allocate@D@std@@YAPEAD_KPEAD@Z 0000000180008980 f i coremon.obj
 0001:00007a00       ??$_Allocate@U_Container_proxy@std@@@std@@YAPEAU_Container_proxy@0@_KPEAU10@@Z 0000000180008a00 f i coremon.obj
 0001:00007a90       ??$_Debug_pointer@D@std@@YAXPEBDPEB_WI@Z 0000000180008a90 f i coremon.obj
 0001:00007af0       ??$addressof@D@std@@YAPEADAEAD@Z 0000000180008af0 f i coremon.obj
 0001:00007b00       ??$construct@PEADAEAPEAD@?$_Wrap_alloc@V?$allocator@D@std@@@std@@QEAAXPEAPEADAEAPEAD@Z 0000000180008b00 f i coremon.obj
 0001:00007b60       ??$construct@PEADAEAPEAD@?$allocator@D@std@@QEAAXPEAPEADAEAPEAD@Z 0000000180008b60 f i coremon.obj
 0001:00007c10       ??$construct@PEADAEAPEAD@?$allocator_traits@V?$allocator@D@std@@@std@@SAXAEAV?$allocator@D@1@PEAPEADAEAPEAD@Z 0000000180008c10 f i coremon.obj
 0001:00007c70       ??$construct@U_Container_proxy@std@@U12@@?$allocator@U_Container_proxy@std@@@std@@QEAAXPEAU_Container_proxy@1@$$QEAU21@@Z 0000000180008c70 f i coremon.obj
 0001:00007d20       ??$destroy@PEAD@?$_Wrap_alloc@V?$allocator@D@std@@@std@@QEAAXPEAPEAD@Z 0000000180008d20 f i coremon.obj
 0001:00007d70       ??$destroy@PEAD@?$allocator@D@std@@QEAAXPEAPEAD@Z 0000000180008d70 f i coremon.obj
 0001:00007d80       ??$destroy@PEAD@?$allocator_traits@V?$allocator@D@std@@@std@@SAXAEAV?$allocator@D@1@PEAPEAD@Z 0000000180008d80 f i coremon.obj
 0001:00007dd0       ??$destroy@U_Container_proxy@std@@@?$allocator@U_Container_proxy@std@@@std@@QEAAXPEAU_Container_proxy@1@@Z 0000000180008dd0 f i coremon.obj
 0001:00007de0       ??$forward@AEAPEAD@std@@YAAEAPEADAEAPEAD@Z 0000000180008de0 f i coremon.obj
 0001:00007df0       ??$forward@U_Container_proxy@std@@@std@@YA$$QEAU_Container_proxy@0@AEAU10@@Z 0000000180008df0 f i coremon.obj
 0001:00007e00       ??0?$CTraceCategoryEx@$0CAAAA@$0A@@ATL@@QEAA@PEB_W@Z 0000000180008e00 f i coremon.obj
 0001:00007e50       ??0?$_String_alloc@$0A@U?$_String_base_types@DV?$allocator@D@std@@@std@@@std@@QEAA@AEBV?$allocator@D@1@@Z 0000000180008e50 f i coremon.obj
 0001:00007eb0       ??0?$_String_val@U?$_Simple_types@D@std@@@std@@QEAA@XZ 0000000180008eb0 f i coremon.obj
 0001:00007f20       ??0?$_Wrap_alloc@V?$allocator@D@std@@@std@@QEAA@XZ 0000000180008f20 f i coremon.obj
 0001:00007f60       ??0?$allocator@D@std@@QEAA@XZ 0000000180008f60 f i coremon.obj
 0001:00007f70       ??0?$allocator@U_Container_proxy@std@@@std@@QEAA@XZ 0000000180008f70 f i coremon.obj
 0001:00007f80       ??0?$basic_string@DU?$char_traits@D@std@@V?$allocator@D@2@@std@@QEAA@PEBD@Z 0000000180008f80 f i coremon.obj
 0001:00008010       ??0_Container_proxy@std@@QEAA@XZ 0000000180009010 f i coremon.obj
 0001:00008040       ??0_Generic_error_category@std@@QEAA@XZ 0000000180009040 f i coremon.obj
 0001:000080a0       ??0_Iostream_error_category@std@@QEAA@XZ 00000001800090a0 f i coremon.obj
 0001:00008100       ??0_System_error_category@std@@QEAA@XZ 0000000180009100 f i coremon.obj
 0001:00008160       ??0error_category@std@@QEAA@XZ 0000000180009160 f i coremon.obj
 0001:00008190       ??0error_condition@std@@QEAA@HAEBVerror_category@1@@Z 0000000180009190 f i coremon.obj
 0001:000081d0       ??1?$_String_alloc@$0A@U?$_String_base_types@DV?$allocator@D@std@@@std@@@std@@QEAA@XZ 00000001800091d0 f i coremon.obj
 0001:00008220       ??1?$_String_val@U?$_Simple_types@D@std@@@std@@QEAA@XZ 0000000180009220 f i coremon.obj
 0001:00008260       ??1_Generic_error_category@std@@UEAA@XZ 0000000180009260 f i coremon.obj
 0001:000082a0       ??1_Iostream_error_category@std@@UEAA@XZ 00000001800092a0 f i coremon.obj
 0001:000082e0       ??1_System_error_category@std@@UEAA@XZ 00000001800092e0 f i coremon.obj
 0001:00008320       ??1error_category@std@@UEAA@XZ 0000000180009320 f i coremon.obj
 0001:00008340       ??2@YAPEAX_KPEAX@Z         0000000180009340 f i coremon.obj
 0001:00008360       ??3@YAXPEAX0@Z             0000000180009360 f i coremon.obj
 0001:00008370       ??8error_category@std@@QEBA_NAEBV01@@Z 0000000180009370 f i coremon.obj
 0001:000083d0       ??8error_condition@std@@QEBA_NAEBV01@@Z 00000001800093d0 f i coremon.obj
 0001:00008490       ??_E_Generic_error_category@std@@UEAAPEAXI@Z 0000000180009490 f i coremon.obj
 0001:00008490       ??_G_Generic_error_category@std@@UEAAPEAXI@Z 0000000180009490 f i coremon.obj
 0001:000084f0       ??_G_Iostream_error_category@std@@UEAAPEAXI@Z 00000001800094f0 f i coremon.obj
 0001:000084f0       ??_E_Iostream_error_category@std@@UEAAPEAXI@Z 00000001800094f0 f i coremon.obj
 0001:00008550       ??_G_System_error_category@std@@UEAAPEAXI@Z 0000000180009550 f i coremon.obj
 0001:00008550       ??_E_System_error_category@std@@UEAAPEAXI@Z 0000000180009550 f i coremon.obj
 0001:000085b0       ??_Eerror_category@std@@UEAAPEAXI@Z 00000001800095b0 f i coremon.obj
 0001:000085b0       ??_Gerror_category@std@@UEAAPEAXI@Z 00000001800095b0 f i coremon.obj
 0001:00008610       ?RStatus@XRobot@@QEAAAEBVRobotStatus@@XZ 0000000180009610 f i coremon.obj
 0001:00008630       ?_Alloc_proxy@?$_String_alloc@$0A@U?$_String_base_types@DV?$allocator@D@std@@@std@@@std@@QEAAXXZ 0000000180009630 f i coremon.obj
 0001:000086e0       ?_Copy@?$basic_string@DU?$char_traits@D@std@@V?$allocator@D@2@@std@@QEAAX_K0@Z 00000001800096e0 f i coremon.obj
 0001:00008980       ?_Eos@?$basic_string@DU?$char_traits@D@std@@V?$allocator@D@2@@std@@QEAAX_K@Z 0000000180009980 f i coremon.obj
 0001:000089f0       ?_Free_proxy@?$_String_alloc@$0A@U?$_String_base_types@DV?$allocator@D@std@@@std@@@std@@QEAAXXZ 00000001800099f0 f i coremon.obj
 0001:00008a90       ?_Getal@?$_String_alloc@$0A@U?$_String_base_types@DV?$allocator@D@std@@@std@@@std@@QEBA?AU?$_Wrap_alloc@V?$allocator@D@std@@@2@XZ 0000000180009a90 f i coremon.obj
 0001:00008ae0       ?_Grow@?$basic_string@DU?$char_traits@D@std@@V?$allocator@D@2@@std@@QEAA_N_K_N@Z 0000000180009ae0 f i coremon.obj
 0001:00008c20       ?_Inside@?$basic_string@DU?$char_traits@D@std@@V?$allocator@D@2@@std@@QEAA_NPEBD@Z 0000000180009c20 f i coremon.obj
 0001:00008ca0       ?_Myptr@?$_String_val@U?$_Simple_types@D@std@@@std@@QEAAPEADXZ 0000000180009ca0 f i coremon.obj
 0001:00008d10       ?_Myptr@?$_String_val@U?$_Simple_types@D@std@@@std@@QEBAPEBDXZ 0000000180009d10 f i coremon.obj
 0001:00008d80       ?_Tidy@?$basic_string@DU?$char_traits@D@std@@V?$allocator@D@2@@std@@QEAAX_N_K@Z 0000000180009d80 f i coremon.obj
 0001:00008ec0       ?_Xlen@?$basic_string@DU?$char_traits@D@std@@V?$allocator@D@2@@std@@QEBAXXZ 0000000180009ec0 f i coremon.obj
 0001:00008f00       ?_Xran@?$basic_string@DU?$char_traits@D@std@@V?$allocator@D@2@@std@@QEBAXXZ 0000000180009f00 f i coremon.obj
 0001:00008f40       ?allocate@?$_Wrap_alloc@V?$allocator@D@std@@@std@@QEAAPEAD_K@Z 0000000180009f40 f i coremon.obj
 0001:00008f90       ?allocate@?$allocator@D@std@@QEAAPEAD_K@Z 0000000180009f90 f i coremon.obj
 0001:00008fe0       ?allocate@?$allocator@U_Container_proxy@std@@@std@@QEAAPEAU_Container_proxy@2@_K@Z 0000000180009fe0 f i coremon.obj
 0001:00009030       ?assign@?$basic_string@DU?$char_traits@D@std@@V?$allocator@D@2@@std@@QEAAAEAV12@AEBV12@_K1@Z 000000018000a030 f i coremon.obj
 0001:00009190       ?assign@?$basic_string@DU?$char_traits@D@std@@V?$allocator@D@2@@std@@QEAAAEAV12@PEBD@Z 000000018000a190 f i coremon.obj
 0001:00009210       ?assign@?$basic_string@DU?$char_traits@D@std@@V?$allocator@D@2@@std@@QEAAAEAV12@PEBD_K@Z 000000018000a210 f i coremon.obj
 0001:00009320       ?assign@?$char_traits@D@std@@SAXAEADAEBD@Z 000000018000a320 f i coremon.obj
 0001:00009350       ?category@error_code@std@@QEBAAEBVerror_category@2@XZ 000000018000a350 f i coremon.obj
 0001:00009370       ?category@error_condition@std@@QEBAAEBVerror_category@2@XZ 000000018000a370 f i coremon.obj
 0001:00009390       ?copy@?$char_traits@D@std@@SAPEADPEADPEBD_K@Z 000000018000a390 f i coremon.obj
 0001:00009410       ?deallocate@?$_Wrap_alloc@V?$allocator@D@std@@@std@@QEAAXPEAD_K@Z 000000018000a410 f i coremon.obj
 0001:00009470       ?deallocate@?$allocator@D@std@@QEAAXPEAD_K@Z 000000018000a470 f i coremon.obj
 0001:000094c0       ?deallocate@?$allocator@U_Container_proxy@std@@@std@@QEAAXPEAU_Container_proxy@2@_K@Z 000000018000a4c0 f i coremon.obj
 0001:00009510       ?default_error_condition@_System_error_category@std@@UEBA?AVerror_condition@2@H@Z 000000018000a510 f i coremon.obj
 0001:000095b0       ?default_error_condition@error_category@std@@UEBA?AVerror_condition@2@H@Z 000000018000a5b0 f i coremon.obj
 0001:00009610       ?equivalent@error_category@std@@UEBA_NAEBVerror_code@2@H@Z 000000018000a610 f i coremon.obj
 0001:000096a0       ?equivalent@error_category@std@@UEBA_NHAEBVerror_condition@2@@Z 000000018000a6a0 f i coremon.obj
 0001:00009710       ?erase@?$basic_string@DU?$char_traits@D@std@@V?$allocator@D@2@@std@@QEAAAEAV12@_K0@Z 000000018000a710 f i coremon.obj
 0001:00009830       ?erase@?$basic_string@DU?$char_traits@D@std@@V?$allocator@D@2@@std@@QEAAAEAV12@_K@Z 000000018000a830 f i coremon.obj
 0001:000098a0       ?generic_category@std@@YAAEBVerror_category@1@XZ 000000018000a8a0 f i coremon.obj
 0001:000098b0       ?getCurJoint@RobotStatus@@QEBAPEBMXZ 000000018000a8b0 f i coremon.obj
 0001:000098e0       ?getCurPosition@RobotStatus@@QEBAPEBJXZ 000000018000a8e0 f i coremon.obj
 0001:00009910       ?getCurTorque@RobotStatus@@QEBAPEBFXZ 000000018000a910 f i coremon.obj
 0001:00009940       ?getCurTrans@RobotStatus@@QEBAPEBMXZ 000000018000a940 f i coremon.obj
 0001:00009970       ?getCurVelocity@RobotStatus@@QEBAPEBJXZ 000000018000a970 f i coremon.obj
 0001:000099a0       ?getID@XRobot@@QEAAHXZ     000000018000a9a0 f i coremon.obj
 0001:000099c0       ?length@?$char_traits@D@std@@SA_KPEBD@Z 000000018000a9c0 f i coremon.obj
 0001:00009a30       ?max_size@?$_Wrap_alloc@V?$allocator@D@std@@@std@@QEBA_KXZ 000000018000aa30 f i coremon.obj
 0001:00009a70       ?max_size@?$allocator@D@std@@QEBA_KXZ 000000018000aa70 f i coremon.obj
 0001:00009a90       ?max_size@?$allocator_traits@V?$allocator@D@std@@@std@@SA_KAEBV?$allocator@D@2@@Z 000000018000aa90 f i coremon.obj
 0001:00009ad0       ?max_size@?$basic_string@DU?$char_traits@D@std@@V?$allocator@D@2@@std@@QEBA_KXZ 000000018000aad0 f i coremon.obj
 0001:00009b50       ?message@_Generic_error_category@std@@UEBA?AV?$basic_string@DU?$char_traits@D@std@@V?$allocator@D@2@@2@H@Z 000000018000ab50 f i coremon.obj
 0001:00009c00       ?message@_Iostream_error_category@std@@UEBA?AV?$basic_string@DU?$char_traits@D@std@@V?$allocator@D@2@@2@H@Z 000000018000ac00 f i coremon.obj
 0001:00009cb0       ?message@_System_error_category@std@@UEBA?AV?$basic_string@DU?$char_traits@D@std@@V?$allocator@D@2@@2@H@Z 000000018000acb0 f i coremon.obj
 0001:00009d60       ?move@?$char_traits@D@std@@SAPEADPEADPEBD_K@Z 000000018000ad60 f i coremon.obj
 0001:00009de0       ?name@_Generic_error_category@std@@UEBAPEBDXZ 000000018000ade0 f i coremon.obj
 0001:00009e00       ?name@_Iostream_error_category@std@@UEBAPEBDXZ 000000018000ae00 f i coremon.obj
 0001:00009e20       ?name@_System_error_category@std@@UEBAPEBDXZ 000000018000ae20 f i coremon.obj
 0001:00009e40       ?size@?$basic_string@DU?$char_traits@D@std@@V?$allocator@D@2@@std@@QEBA_KXZ 000000018000ae40 f i coremon.obj
 0001:00009e60       ?system_category@std@@YAAEBVerror_category@1@XZ 000000018000ae60 f i coremon.obj
 0001:00009e70       ?value@error_code@std@@QEBAHXZ 000000018000ae70 f i coremon.obj
 0001:00009e90       ?value@error_condition@std@@QEBAHXZ 000000018000ae90 f i coremon.obj
 0001:00009eb0       ?_AfxInitManaged@@YAHXZ    000000018000aeb0 f i dllmain.obj
 0001:00009ec0       ExtRawDllMain              000000018000aec0 f   dllmain.obj
 0001:00009f60       DllMain                    000000018000af60 f   dllmain.obj
 0001:0000a110       ??$AtlAdd@H@ATL@@YAJPEAHHH@Z 000000018000b110 f i dllmain.obj
 0001:0000a190       ??$AtlAdd@K@ATL@@YAJPEAKKK@Z 000000018000b190 f i dllmain.obj
 0001:0000a210       ??$AtlAdd@_K@ATL@@YAJPEA_K_K1@Z 000000018000b210 f i dllmain.obj
 0001:0000a290       ??$AtlAlignUp@H@ATL@@YAHHK@Z 000000018000b290 f i dllmain.obj
 0001:0000a2c0       ??$AtlMultiply@K@ATL@@YAJPEAKKK@Z 000000018000b2c0 f i dllmain.obj
 0001:0000a340       ??$AtlMultiply@_K@ATL@@YAJPEA_K_K1@Z 000000018000b340 f i dllmain.obj
 0001:0000a3e0       ??0?$CHeapPtr@_WVCCRTAllocator@ATL@@@ATL@@QEAA@XZ 000000018000b3e0 f i dllmain.obj
 0001:0000a420       ??0?$CHeapPtrBase@_WVCCRTAllocator@ATL@@@ATL@@IEAA@XZ 000000018000b420 f i dllmain.obj
 0001:0000a440       ??0?$CSimpleArray@GV?$CSimpleArrayEqualHelper@G@ATL@@@ATL@@QEAA@XZ 000000018000b440 f i dllmain.obj
 0001:0000a480       ??0?$CTraceCategoryEx@$00$0A@@ATL@@QEAA@PEB_W@Z 000000018000b480 f i dllmain.obj
 0001:0000a4d0       ??0?$CTraceCategoryEx@$01$0A@@ATL@@QEAA@PEB_W@Z 000000018000b4d0 f i dllmain.obj
 0001:0000a520       ??0?$CTraceCategoryEx@$03$0A@@ATL@@QEAA@PEB_W@Z 000000018000b520 f i dllmain.obj
 0001:0000a570       ??0?$CTraceCategoryEx@$07$0A@@ATL@@QEAA@PEB_W@Z 000000018000b570 f i dllmain.obj
 0001:0000a5c0       ??0?$CTraceCategoryEx@$0BA@$0A@@ATL@@QEAA@PEB_W@Z 000000018000b5c0 f i dllmain.obj
 0001:0000a610       ??0?$CTraceCategoryEx@$0BAA@$0A@@ATL@@QEAA@PEB_W@Z 000000018000b610 f i dllmain.obj
 0001:0000a660       ??0?$CTraceCategoryEx@$0BAAA@$0A@@ATL@@QEAA@PEB_W@Z 000000018000b660 f i dllmain.obj
 0001:0000a6b0       ??0?$CTraceCategoryEx@$0BAAAA@$0A@@ATL@@QEAA@PEB_W@Z 000000018000b6b0 f i dllmain.obj
 0001:0000a700       ??0?$CTraceCategoryEx@$0BAAAAA@$0A@@ATL@@QEAA@PEB_W@Z 000000018000b700 f i dllmain.obj
 0001:0000a750       ??0?$CTraceCategoryEx@$0CA@$0A@@ATL@@QEAA@PEB_W@Z 000000018000b750 f i dllmain.obj
 0001:0000a7a0       ??0?$CTraceCategoryEx@$0CAA@$0A@@ATL@@QEAA@PEB_W@Z 000000018000b7a0 f i dllmain.obj
 0001:0000a7f0       ??0?$CTraceCategoryEx@$0CAAAAA@$0A@@ATL@@QEAA@PEB_W@Z 000000018000b7f0 f i dllmain.obj
 0001:0000a840       ??0?$CTraceCategoryEx@$0EA@$0A@@ATL@@QEAA@PEB_W@Z 000000018000b840 f i dllmain.obj
 0001:0000a890       ??0?$CTraceCategoryEx@$0EAA@$0A@@ATL@@QEAA@PEB_W@Z 000000018000b890 f i dllmain.obj
 0001:0000a8e0       ??0?$CTraceCategoryEx@$0EAAA@$0A@@ATL@@QEAA@PEB_W@Z 000000018000b8e0 f i dllmain.obj
 0001:0000a930       ??0?$CTraceCategoryEx@$0EAAAA@$0A@@ATL@@QEAA@PEB_W@Z 000000018000b930 f i dllmain.obj
 0001:0000a980       ??0?$CTraceCategoryEx@$0EAAAAA@$0A@@ATL@@QEAA@PEB_W@Z 000000018000b980 f i dllmain.obj
 0001:0000a9d0       ??0?$CTraceCategoryEx@$0IA@$0A@@ATL@@QEAA@PEB_W@Z 000000018000b9d0 f i dllmain.obj
 0001:0000aa20       ??0?$CTraceCategoryEx@$0IAA@$0A@@ATL@@QEAA@PEB_W@Z 000000018000ba20 f i dllmain.obj
 0001:0000aa70       ??0?$CTraceCategoryEx@$0IAAA@$0A@@ATL@@QEAA@PEB_W@Z 000000018000ba70 f i dllmain.obj
 0001:0000aac0       ??0?$CTraceCategoryEx@$0IAAAA@$0A@@ATL@@QEAA@PEB_W@Z 000000018000bac0 f i dllmain.obj
 0001:0000ab10       ??0CAtlComModule@ATL@@QEAA@XZ 000000018000bb10 f i dllmain.obj
 0001:0000ac80       ??0CAtlStringMgr@ATL@@QEAA@PEAUIAtlMemMgr@1@@Z 000000018000bc80 f i dllmain.obj
 0001:0000ad10       ??0CAtlWinModule@ATL@@QEAA@XZ 000000018000bd10 f i dllmain.obj
 0001:0000ade0       ??0CComCriticalSection@ATL@@QEAA@XZ 000000018000bde0 f i dllmain.obj
 0001:0000ae30       ??0CNilStringData@ATL@@QEAA@XZ 000000018000be30 f i dllmain.obj
 0001:0000aeb0       ??0CTraceFileAndLineInfo@ATL@@QEAA@PEBDH@Z 000000018000beb0 f i dllmain.obj
 0001:0000aef0       ??0CWin32Heap@ATL@@QEAA@PEAX@Z 000000018000bef0 f i dllmain.obj
 0001:0000afb0       ??0_ATL_COM_MODULE70@ATL@@QEAA@XZ 000000018000bfb0 f i dllmain.obj
 0001:0000b000       ??0_ATL_WIN_MODULE70@ATL@@QEAA@XZ 000000018000c000 f i dllmain.obj
 0001:0000b070       ??1?$CHeapPtr@_WVCCRTAllocator@ATL@@@ATL@@QEAA@XZ 000000018000c070 f i dllmain.obj
 0001:0000b0b0       ??1?$CHeapPtrBase@_WVCCRTAllocator@ATL@@@ATL@@QEAA@XZ 000000018000c0b0 f i dllmain.obj
 0001:0000b0f0       ??1?$CSimpleArray@GV?$CSimpleArrayEqualHelper@G@ATL@@@ATL@@QEAA@XZ 000000018000c0f0 f i dllmain.obj
 0001:0000b130       ??1CAtlComModule@ATL@@QEAA@XZ 000000018000c130 f i dllmain.obj
 0001:0000b190       ??1CAtlStringMgr@ATL@@UEAA@XZ 000000018000c190 f i dllmain.obj
 0001:0000b1c0       ??1CAtlWinModule@ATL@@QEAA@XZ 000000018000c1c0 f i dllmain.obj
 0001:0000b220       ??1CComCriticalSection@ATL@@QEAA@XZ 000000018000c220 f i dllmain.obj
 0001:0000b230       ??1CWin32Heap@ATL@@UEAA@XZ 000000018000c230 f i dllmain.obj
 0001:0000b300       ??1_ATL_COM_MODULE70@ATL@@QEAA@XZ 000000018000c300 f i dllmain.obj
 0001:0000b350       ??1_ATL_WIN_MODULE70@ATL@@QEAA@XZ 000000018000c350 f i dllmain.obj
 0001:0000b3c0       ??A?$CSimpleArray@GV?$CSimpleArrayEqualHelper@G@ATL@@@ATL@@QEAAAEAGH@Z 000000018000c3c0 f i dllmain.obj
 0001:0000b4a0       ??B?$CHeapPtrBase@_WVCCRTAllocator@ATL@@@ATL@@QEBAPEA_WXZ 000000018000c4a0 f i dllmain.obj
 0001:0000b4c0       ??B?$CTraceCategoryEx@$00$0A@@ATL@@QEAAIXZ 000000018000c4c0 f i dllmain.obj
 0001:0000b4d0       ??B?$CTraceCategoryEx@$01$0A@@ATL@@QEAAIXZ 000000018000c4d0 f i dllmain.obj
 0001:0000b4e0       ??B?$CTraceCategoryEx@$0CA@$0A@@ATL@@QEAAIXZ 000000018000c4e0 f i dllmain.obj
 0001:0000b4f0       ??B?$CTypedSimpleList@PEAUCRuntimeClass@@@@QEAAPEAUCRuntimeClass@@XZ 000000018000c4f0 f i dllmain.obj
 0001:0000b530       ??B?$CTypedSimpleList@PEAVCOleObjectFactory@@@@QEAAPEAVCOleObjectFactory@@XZ 000000018000c530 f i dllmain.obj
 0001:0000b570       ??RCTraceFileAndLineInfo@ATL@@QEBAXHIPEB_WZZ 000000018000c570 f i dllmain.obj
 0001:0000b620       ??RCTraceFileAndLineInfo@ATL@@QEBAXPEB_WZZ 000000018000c620 f i dllmain.obj
 0001:0000b6e0       ??_GCAtlStringMgr@ATL@@UEAAPEAXI@Z 000000018000c6e0 f i dllmain.obj
 0001:0000b6e0       ??_ECAtlStringMgr@ATL@@UEAAPEAXI@Z 000000018000c6e0 f i dllmain.obj
 0001:0000b740       ??_GCWin32Heap@ATL@@UEAAPEAXI@Z 000000018000c740 f i dllmain.obj
 0001:0000b740       ??_ECWin32Heap@ATL@@UEAAPEAXI@Z 000000018000c740 f i dllmain.obj
 0001:0000b7a0       ?AddRef@CStringData@ATL@@QEAAXXZ 000000018000c7a0 f i dllmain.obj
 0001:0000b840       ?Allocate@?$CHeapPtr@_WVCCRTAllocator@ATL@@@ATL@@QEAA_N_K@Z 000000018000c840 f i dllmain.obj
 0001:0000b8d0       ?Allocate@CAtlStringMgr@ATL@@UEAAPEAUCStringData@2@HH@Z 000000018000c8d0 f i dllmain.obj
 0001:0000bba0       ?Allocate@CCRTAllocator@ATL@@SAPEAX_K@Z 000000018000cba0 f i dllmain.obj
 0001:0000bbe0       ?Allocate@CWin32Heap@ATL@@UEAAPEAX_K@Z 000000018000cbe0 f i dllmain.obj
 0001:0000bc30       ?AllocateBytes@?$CHeapPtrBase@_WVCCRTAllocator@ATL@@@ATL@@QEAA_N_K@Z 000000018000cc30 f i dllmain.obj
 0001:0000bcf0       ?AtlWinModuleInit@ATL@@YAJPEAU_ATL_WIN_MODULE70@1@@Z 000000018000ccf0 f i dllmain.obj
 0001:0000be30       ?AtlWinModuleTerm@ATL@@YAJPEAU_ATL_WIN_MODULE70@1@PEAUHINSTANCE__@@@Z 000000018000ce30 f i dllmain.obj
 0001:0000bf50       ?Clone@CAtlStringMgr@ATL@@UEAAPEAUIAtlStringMgr@2@XZ 000000018000cf50 f i dllmain.obj
 0001:0000bf60       ?Free@?$CHeapPtrBase@_WVCCRTAllocator@ATL@@@ATL@@QEAAXXZ 000000018000cf60 f i dllmain.obj
 0001:0000bfb0       ?Free@CAtlStringMgr@ATL@@UEAAXPEAUCStringData@2@@Z 000000018000cfb0 f i dllmain.obj
 0001:0000c0c0       ?Free@CCRTAllocator@ATL@@SAXPEAX@Z 000000018000d0c0 f i dllmain.obj
 0001:0000c100       ?Free@CWin32Heap@ATL@@UEAAXPEAX@Z 000000018000d100 f i dllmain.obj
 0001:0000c1b0       ?GetCategoryName@CTrace@ATL@@CAPEA_WI@Z 000000018000d1b0 f i dllmain.obj
 0001:0000c250       ?GetHead@CSimpleList@@QEBAPEAXXZ 000000018000d250 f i dllmain.obj
 0001:0000c270       ?GetInstance@CAtlStringMgr@ATL@@SAPEAUIAtlStringMgr@2@XZ 000000018000d270 f i dllmain.obj
 0001:0000c330       ?GetModuleInstance@CAtlBaseModule@ATL@@QEAAPEAUHINSTANCE__@@XZ 000000018000d330 f i dllmain.obj
 0001:0000c350       ?GetNilString@CAtlStringMgr@ATL@@UEAAPEAUCStringData@2@XZ 000000018000d350 f i dllmain.obj
 0001:0000c3a0       ?GetSize@?$CSimpleArray@GV?$CSimpleArrayEqualHelper@G@ATL@@@ATL@@QEBAHXZ 000000018000d3a0 f i dllmain.obj
 0001:0000c3c0       ?GetSize@CWin32Heap@ATL@@UEAA_KPEAX@Z 000000018000d3c0 f i dllmain.obj
 0001:0000c410       ?Init@CComCriticalSection@ATL@@QEAAJXZ 000000018000d410 f i dllmain.obj
 0001:0000c480       ?Reallocate@CAtlStringMgr@ATL@@UEAAPEAUCStringData@2@PEAU32@HH@Z 000000018000d480 f i dllmain.obj
 0001:0000c7b0       ?Reallocate@CWin32Heap@ATL@@UEAAPEAXPEAX_K@Z 000000018000d7b0 f i dllmain.obj
 0001:0000c860       ?RemoveAll@?$CSimpleArray@GV?$CSimpleArrayEqualHelper@G@ATL@@@ATL@@QEAAXXZ 000000018000d860 f i dllmain.obj
 0001:0000c910       ?SetManager@CNilStringData@ATL@@QEAAXPEAUIAtlStringMgr@2@@Z 000000018000d910 f i dllmain.obj
 0001:0000c9b0       ?StaticInitialize@CAtlStringMgr@ATL@@CA_NXZ 000000018000d9b0 f i dllmain.obj
 0001:0000c9e0       ?Term@CAtlComModule@ATL@@QEAAXXZ 000000018000d9e0 f i dllmain.obj
 0001:0000caf0       ?Term@CAtlWinModule@ATL@@QEAAXXZ 000000018000daf0 f i dllmain.obj
 0001:0000cb40       ?Term@CComCriticalSection@ATL@@QEAAJXZ 000000018000db40 f i dllmain.obj
 0001:0000cb90       ?TraceV@CTrace@ATL@@CAXPEBDHIIPEB_W@Z 000000018000db90 f i dllmain.obj
 0001:0000cf00       ?TraceV@CTrace@ATL@@SAXPEBDHIIPEB_WPEAD@Z 000000018000df00 f i dllmain.obj
 0001:0000d0c0       ?_AtlInitializeCriticalSectionEx@ATL@@YAHPEAU_RTL_CRITICAL_SECTION@@KK@Z 000000018000e0c0 f i dllmain.obj
 0001:0000d120       ?_AtlRaiseException@ATL@@YAXKK@Z 000000018000e120 f i dllmain.obj
 0001:0000d170       HRESULT_FROM_WIN32         000000018000e170 f i dllmain.obj
 0001:0000d1d0       hypot                      000000018000e1d0 f i dllmain.obj
 0001:0000d220       ??0RCMD_HEADER@@QEAA@XZ    000000018000e220 f   RobotProtocol.obj
 0001:0000d2a0       ??0RCMD_HEADER@@QEAA@H@Z   000000018000e2a0 f   RobotProtocol.obj
 0001:0000d300       ?init@RCMD_HEADER@@QEAAXH@Z 000000018000e300 f   RobotProtocol.obj
 0001:0000d330       ?appendData@RCMD_HEADER@@QEAAXH@Z 000000018000e330 f   RobotProtocol.obj
 0001:0000d3d0       ?appendData@RCMD_HEADER@@QEAAXI@Z 000000018000e3d0 f   RobotProtocol.obj
 0001:0000d470       ?appendData@RCMD_HEADER@@QEAAXPEAIH@Z 000000018000e470 f   RobotProtocol.obj
 0001:0000d4f0       ?appendData@RCMD_HEADER@@QEAAXM@Z 000000018000e4f0 f   RobotProtocol.obj
 0001:0000d590       ?appendData@RCMD_HEADER@@QEAAXPEAMH@Z 000000018000e590 f   RobotProtocol.obj
 0001:0000d610       ?appendData@RCMD_HEADER@@QEAAXAEAV?$CStringT@_WV?$StrTraitMFC_DLL@_WV?$ChTraitsCRT@_W@ATL@@@@@ATL@@@Z 000000018000e610 f   RobotProtocol.obj
 0001:0000d780       ?appendData@RCMD_HEADER@@QEAAXPEBDH@Z 000000018000e780 f   RobotProtocol.obj
 0001:0000d830       ?setHeaderByte@RCMD_HEADER@@QEAAXPEAD@Z 000000018000e830 f   RobotProtocol.obj
 0001:0000d880       ?dataSize@RCMD_HEADER@@QEAAHXZ 000000018000e880 f   RobotProtocol.obj
 0001:0000d8a0       ?getBytes@RCMD_HEADER@@QEAAHAEAV?$CArray@EAEBE@@@Z 000000018000e8a0 f   RobotProtocol.obj
 0001:0000db60       ??$DumpElements@E@@YAXAEAVCDumpContext@@PEBE_J@Z 000000018000eb60 f i RobotProtocol.obj
 0001:0000dc50       ??$SerializeElements@E@@YAXAEAVCArchive@@PEAE_J@Z 000000018000ec50 f i RobotProtocol.obj
 0001:0000dee0       ??0?$CArray@EAEBE@@QEAA@XZ 000000018000eee0 f i RobotProtocol.obj
 0001:0000df80       ??1?$CArray@EAEBE@@UEAA@XZ 000000018000ef80 f i RobotProtocol.obj
 0001:0000e060       ??_G?$CArray@EAEBE@@UEAAPEAXI@Z 000000018000f060 f i RobotProtocol.obj
 0001:0000e060       ??_E?$CArray@EAEBE@@UEAAPEAXI@Z 000000018000f060 f i RobotProtocol.obj
 0001:0000e0c0       ?Add@?$CArray@EAEBE@@QEAA_JAEBE@Z 000000018000f0c0 f i RobotProtocol.obj
 0001:0000e130       ?AfxCrtErrorCheck@@YAHH@Z  000000018000f130 f i RobotProtocol.obj
 0001:0000e1c0       ?AssertValid@?$CArray@EAEBE@@UEBAXXZ 000000018000f1c0 f i RobotProtocol.obj
 0001:0000e350       ?Dump@?$CArray@EAEBE@@UEBAXAEAVCDumpContext@@@Z 000000018000f350 f i RobotProtocol.obj
 0001:0000e440       ?GetSize@?$CArray@EAEBE@@QEBA_JXZ 000000018000f440 f i RobotProtocol.obj
 0001:0000e460       ?Serialize@?$CArray@EAEBE@@UEAAXAEAVCArchive@@@Z 000000018000f460 f i RobotProtocol.obj
 0001:0000e540       ?SetAtGrow@?$CArray@EAEBE@@QEAAX_JAEBE@Z 000000018000f540 f i RobotProtocol.obj
 0001:0000e630       ?SetSize@?$CArray@EAEBE@@QEAAX_J0@Z 000000018000f630 f i RobotProtocol.obj
 0001:0000ee50       ?memcpy_s@Checked@ATL@@YAXPEAX_KPEBX1@Z 000000018000fe50 f i RobotProtocol.obj
 0001:0000eec0       ??0RobotStatus@@QEAA@XZ    000000018000fec0 f   RobotStatus.obj
 0001:0000ef20       ??1RobotStatus@@QEAA@XZ    000000018000ff20 f   RobotStatus.obj
 0001:0000ef80       ?isError@RobotStatus@@QEBA_NXZ 000000018000ff80 f   RobotStatus.obj
 0001:0000efd0       ?tcrMode@RobotStatus@@QEBAHXZ 000000018000ffd0 f   RobotStatus.obj
 0001:0000f010       ?isHold@RobotStatus@@QEBA_NXZ 0000000180010010 f   RobotStatus.obj
 0001:0000f060       ?isMoving@RobotStatus@@QEBA_NXZ 0000000180010060 f   RobotStatus.obj
 0001:0000f0b0       ?hasUC@RobotStatus@@QEBA_NXZ 00000001800100b0 f   RobotStatus.obj
 0001:0000f100       ?getCoordinate@RobotStatus@@QEBAHXZ 0000000180010100 f   RobotStatus.obj
 0001:0000f140       ?getTeachSpeed@RobotStatus@@QEBAHXZ 0000000180010140 f   RobotStatus.obj
 0001:0000f180       ?isTPEnable@RobotStatus@@QEBA_NXZ 0000000180010180 f   RobotStatus.obj
 0001:0000f1d0       ?isMotorOn@RobotStatus@@QEBA_NXZ 00000001800101d0 f   RobotStatus.obj
 0001:0000f220       ?isInching@RobotStatus@@QEBA_NXZ 0000000180010220 f   RobotStatus.obj
 0001:0000f270       ?isHoldDone@RobotStatus@@QEBA_NXZ 0000000180010270 f   RobotStatus.obj
 0001:0000f3c0       ??0CXRException@@QEAA@XZ   00000001800103c0 f   XRException.obj
 0001:0000f420       ??0CXRException@@QEAA@W4XR_EXCEPTION@@@Z 0000000180010420 f   XRException.obj
 0001:0000f480       ??1CXRException@@UEAA@XZ   0000000180010480 f   XRException.obj
 0001:0000f500       ??_GCXRException@@UEAAPEAXI@Z 0000000180010500 f i XRException.obj
 0001:0000f500       ??_ECXRException@@UEAAPEAXI@Z 0000000180010500 f i XRException.obj
 0001:0000f560       ?procRemoteControl@XRobot@@CAKPEAX@Z 0000000180010560 f   XRobot.obj
 0001:0000f5a0       ?doRemoteControl@XRobot@@AEAAHXZ 00000001800105a0 f   XRobot.obj
 0001:0000fa20       ?receiveData@XRobot@@AEAAHAEAURCMD_HEADER@@@Z 0000000180010a20 f   XRobot.obj
 0001:0000fe60       ?sendCommandAndWait@XRobot@@AEAAXPEAURCMDPair@@@Z 0000000180010e60 f   XRobot.obj
 0001:0000ff20       ?processReadStatus@XRobot@@AEAAXXZ 0000000180010f20 f   XRobot.obj
 0001:000106e0       ??0XRobot@@QEAA@H@Z        00000001800116e0 f   XRobot.obj
 0001:00010930       ??1XRobot@@QEAA@XZ         0000000180011930 f   XRobot.obj
 0001:00010a90       ?getServerAddress@XRobot@@QEAA?AV?$CStringT@_WV?$StrTraitMFC_DLL@_WV?$ChTraitsCRT@_W@ATL@@@@@ATL@@XZ 0000000180011a90 f   XRobot.obj
 0001:00010af0       ?setServerAddress@XRobot@@QEAAXAEBV?$CStringT@_WV?$StrTraitMFC_DLL@_WV?$ChTraitsCRT@_W@ATL@@@@@ATL@@@Z 0000000180011af0 f   XRobot.obj
 0001:00010b40       ?isConnected@XRobot@@QEAA_NXZ 0000000180011b40 f   XRobot.obj
 0001:00010b70       ?startService@XRobot@@QEAAXXZ 0000000180011b70 f   XRobot.obj
 0001:00010c10       ?stopService@XRobot@@QEAAXXZ 0000000180011c10 f   XRobot.obj
 0001:00010c90       ?executeCommand@XRobot@@QEAAHPEBD@Z 0000000180011c90 f   XRobot.obj
 0001:00010df0       ?executeInstruction@XRobot@@QEAAHPEBD@Z 0000000180011df0 f   XRobot.obj
 0001:00011050       ?lock@XRobot@@QEAAHXZ      0000000180012050 f   XRobot.obj
 0001:00011190       ?unLock@XRobot@@QEAAHXZ    0000000180012190 f   XRobot.obj
 0001:000112d0       ?getLockingStatus@XRobot@@QEAAHAEA_N@Z 00000001800122d0 f   XRobot.obj
 0001:00011440       ?setLogStart@XRobot@@QEAAH_N@Z 0000000180012440 f   XRobot.obj
 0001:00011590       ?getLoggetCurVelocityocity@XRobot@@QEAAHHPEAJ@Z 0000000180012590 f   XRobot.obj
 0001:00011750       ?getLoggetCurTorqueque@XRobot@@QEAAHHPEAF@Z 0000000180012750 f   XRobot.obj
 0001:00011910       ?getLoggetCurPosition@XRobot@@QEAAHHPEAJ@Z 0000000180012910 f   XRobot.obj
 0001:00011ad0       ?setJogOn@XRobot@@QEAAHII@Z 0000000180012ad0 f   XRobot.obj
 0001:00011b40       ?setJogOff@XRobot@@QEAAHII@Z 0000000180012b40 f   XRobot.obj
 0001:00011bc0       ?setServoOn@XRobot@@QEAAX_N@Z 0000000180012bc0 f   XRobot.obj
 0001:00011c30       ?setTeachMode@XRobot@@QEAAX_N@Z 0000000180012c30 f   XRobot.obj
 0001:00011ca0       ?setEnableOn@XRobot@@QEAAX_N@Z 0000000180012ca0 f   XRobot.obj
 0001:00011d10       ?setInchingOn@XRobot@@QEAAX_N@Z 0000000180012d10 f   XRobot.obj
 0001:00011d80       ?resetError@XRobot@@QEAAXXZ 0000000180012d80 f   XRobot.obj
 0001:00011e10       ?resetEcatError@XRobot@@QEAAXXZ 0000000180012e10 f   XRobot.obj
 0001:00011ea0       ?setEMGOn@XRobot@@QEAAX_N@Z 0000000180012ea0 f   XRobot.obj
 0001:00011f10       ?setTeachSpeed@XRobot@@QEAAXH@Z 0000000180012f10 f   XRobot.obj
 0001:00011f80       ?segetCoordinateinate@XRobot@@QEAAXH@Z 0000000180012f80 f   XRobot.obj
 0001:00011ff0       ?getPrograms@XRobot@@QEAA?AV?$CStringT@_WV?$StrTraitMFC_DLL@_WV?$ChTraitsCRT@_W@ATL@@@@@ATL@@XZ 0000000180012ff0 f   XRobot.obj
 0001:000121a0       ?getProgramSteps@XRobot@@QEAA?AV?$CStringT@_WV?$StrTraitMFC_DLL@_WV?$ChTraitsCRT@_W@ATL@@@@@ATL@@PEBD@Z 00000001800131a0 f   XRobot.obj
 0001:00012380       ?setProgramSteps@XRobot@@QEAAHPEBD0@Z 0000000180013380 f   XRobot.obj
 0001:00012640       ?getSystemLogSize@XRobot@@QEAAHXZ 0000000180013640 f   XRobot.obj
 0001:00012780       ?getSystemLog@XRobot@@QEAA?AV?$CStringT@_WV?$StrTraitMFC_DLL@_WV?$ChTraitsCRT@_W@ATL@@@@@ATL@@XZ 0000000180013780 f   XRobot.obj
 0001:00012930       ?getNumberData@XRobot@@QEAAMPEBD@Z 0000000180013930 f   XRobot.obj
 0001:00012aa0       ?getErrorCode@XRobot@@QEAAHXZ 0000000180013aa0 f   XRobot.obj
 0001:00013db0       ??$DumpElements@D@@YAXAEAVCDumpContext@@PEBD_J@Z 0000000180014db0 f i XRobot.obj
 0001:00013ea0       ??$DumpElements@PEAURCMDPair@@@@YAXAEAVCDumpContext@@PEBQEAURCMDPair@@_J@Z 0000000180014ea0 f i XRobot.obj
 0001:00013fa0       ??$SerializeElements@D@@YAXAEAVCArchive@@PEAD_J@Z 0000000180014fa0 f i XRobot.obj
 0001:00014230       ??$SerializeElements@PEAURCMDPair@@@@YAXAEAVCArchive@@PEAPEAURCMDPair@@_J@Z 0000000180015230 f i XRobot.obj
 0001:000144d0       ??$_Allocate@V?$basic_string@DU?$char_traits@D@std@@V?$allocator@D@2@@std@@@std@@YAPEAV?$basic_string@DU?$char_traits@D@std@@V?$allocator@D@2@@0@_KPEAV10@@Z 00000001800154d0 f i XRobot.obj
 0001:00014560       ??$_Debug_pointer@V?$basic_string@DU?$char_traits@D@std@@V?$allocator@D@2@@std@@@std@@YAXPEAV?$basic_string@DU?$char_traits@D@std@@V?$allocator@D@2@@0@PEB_WI@Z 0000000180015560 f i XRobot.obj
 0001:000145c0       ??$_Debug_range2@PEAV?$basic_string@DU?$char_traits@D@std@@V?$allocator@D@2@@std@@@std@@YAXPEAV?$basic_string@DU?$char_traits@D@std@@V?$allocator@D@2@@0@0PEB_WIUrandom_access_iterator_tag@0@@Z 00000001800155c0 f i XRobot.obj
 0001:00014670       ??$_Debug_range@PEAV?$basic_string@DU?$char_traits@D@std@@V?$allocator@D@2@@std@@@std@@YAXPEAV?$basic_string@DU?$char_traits@D@std@@V?$allocator@D@2@@0@0PEB_WI@Z 0000000180015670 f i XRobot.obj
 0001:000146f0       ??$_Destroy_range@U?$_Wrap_alloc@V?$allocator@V?$basic_string@DU?$char_traits@D@std@@V?$allocator@D@2@@std@@@std@@@std@@@std@@YAXPEAV?$basic_string@DU?$char_traits@D@std@@V?$allocator@D@2@@0@0AEAU?$_Wrap_alloc@V?$allocator@V?$basic_string@DU?$char_traits@D@std@@V?$allocator@D@2@@std@@@std@@@0@@Z 00000001800156f0 f i XRobot.obj
 0001:00014770       ??$_Destroy_range@U?$_Wrap_alloc@V?$allocator@V?$basic_string@DU?$char_traits@D@std@@V?$allocator@D@2@@std@@@std@@@std@@@std@@YAXPEAV?$basic_string@DU?$char_traits@D@std@@V?$allocator@D@2@@0@0AEAU?$_Wrap_alloc@V?$allocator@V?$basic_string@DU?$char_traits@D@std@@V?$allocator@D@2@@std@@@std@@@0@U_Nonscalar_ptr_iterator_tag@0@@Z 0000000180015770 f i XRobot.obj
 0001:000147f0       ??$_Iter_cat@PEAV?$basic_string@DU?$char_traits@D@std@@V?$allocator@D@2@@std@@@std@@YA?AUrandom_access_iterator_tag@0@AEBQEAV?$basic_string@DU?$char_traits@D@std@@V?$allocator@D@2@@0@@Z 00000001800157f0 f i XRobot.obj
 0001:00014860       ??$_Ptr_cat@V?$basic_string@DU?$char_traits@D@std@@V?$allocator@D@2@@std@@V12@@std@@YA?AU_Nonscalar_ptr_iterator_tag@0@PEAV?$basic_string@DU?$char_traits@D@std@@V?$allocator@D@2@@0@0@Z 0000000180015860 f i XRobot.obj
 0001:000148c0       ??$_Rechecked@PEAV?$basic_string@DU?$char_traits@D@std@@V?$allocator@D@2@@std@@PEAV12@@std@@YAAEAPEAV?$basic_string@DU?$char_traits@D@std@@V?$allocator@D@2@@0@AEAPEAV10@PEAV10@@Z 00000001800158c0 f i XRobot.obj
 0001:000148f0       ??$_Umove@PEAV?$basic_string@DU?$char_traits@D@std@@V?$allocator@D@2@@std@@@?$vector@V?$basic_string@DU?$char_traits@D@std@@V?$allocator@D@2@@std@@V?$allocator@V?$basic_string@DU?$char_traits@D@std@@V?$allocator@D@2@@std@@@2@@std@@IEAAPEAV?$basic_string@DU?$char_traits@D@std@@V?$allocator@D@2@@1@PEAV21@00@Z 00000001800158f0 f i XRobot.obj
 0001:00014980       ??$_Unchecked@PEAV?$basic_string@DU?$char_traits@D@std@@V?$allocator@D@2@@std@@@std@@YAPEAV?$basic_string@DU?$char_traits@D@std@@V?$allocator@D@2@@0@PEAV10@@Z 0000000180015980 f i XRobot.obj
 0001:00014990       ??$_Uninit_move@PEAV?$basic_string@DU?$char_traits@D@std@@V?$allocator@D@2@@std@@PEAV12@U?$_Wrap_alloc@V?$allocator@V?$basic_string@DU?$char_traits@D@std@@V?$allocator@D@2@@std@@@std@@@2@@std@@YAPEAV?$basic_string@DU?$char_traits@D@std@@V?$allocator@D@2@@0@PEAV10@00AEAU?$_Wrap_alloc@V?$allocator@V?$basic_string@DU?$char_traits@D@std@@V?$allocator@D@2@@std@@@std@@@0@@Z 0000000180015990 f i XRobot.obj
 0001:00014a30       ??$_Uninit_move@PEAV?$basic_string@DU?$char_traits@D@std@@V?$allocator@D@2@@std@@PEAV12@V?$allocator@V?$basic_string@DU?$char_traits@D@std@@V?$allocator@D@2@@std@@@2@V12@@std@@YAPEAV?$basic_string@DU?$char_traits@D@std@@V?$allocator@D@2@@0@PEAV10@00AEAU?$_Wrap_alloc@V?$allocator@V?$basic_string@DU?$char_traits@D@std@@V?$allocator@D@2@@std@@@std@@@0@0U_Nonscalar_ptr_iterator_tag@0@@Z 0000000180015a30 f i XRobot.obj
 0001:00014b20       ??$_Uninitialized_move@PEAV?$basic_string@DU?$char_traits@D@std@@V?$allocator@D@2@@std@@PEAV12@U?$_Wrap_alloc@V?$allocator@V?$basic_string@DU?$char_traits@D@std@@V?$allocator@D@2@@std@@@std@@@2@@std@@YAPEAV?$basic_string@DU?$char_traits@D@std@@V?$allocator@D@2@@0@PEAV10@00AEAU?$_Wrap_alloc@V?$allocator@V?$basic_string@DU?$char_traits@D@std@@V?$allocator@D@2@@std@@@std@@@0@@Z 0000000180015b20 f i XRobot.obj
 0001:00014bd0       ??$_Val_type@PEAV?$basic_string@DU?$char_traits@D@std@@V?$allocator@D@2@@std@@@std@@YAPEAV?$basic_string@DU?$char_traits@D@std@@V?$allocator@D@2@@0@PEAV10@@Z 0000000180015bd0 f i XRobot.obj
 0001:00014be0       ??$addressof@$$CBV?$basic_string@DU?$char_traits@D@std@@V?$allocator@D@2@@std@@@std@@YAPEBV?$basic_string@DU?$char_traits@D@std@@V?$allocator@D@2@@0@AEBV10@@Z 0000000180015be0 f i XRobot.obj
 0001:00014bf0       ??$construct@U_Container_proxy@std@@U12@@?$_Wrap_alloc@V?$allocator@U_Container_proxy@std@@@std@@@std@@QEAAXPEAU_Container_proxy@1@$$QEAU21@@Z 0000000180015bf0 f i XRobot.obj
 0001:00014c50       ??$construct@U_Container_proxy@std@@U12@@?$allocator_traits@V?$allocator@U_Container_proxy@std@@@std@@@std@@SAXAEAV?$allocator@U_Container_proxy@std@@@1@PEAU_Container_proxy@1@$$QEAU31@@Z 0000000180015c50 f i XRobot.obj
 0001:00014cb0       ??$construct@V?$basic_string@DU?$char_traits@D@std@@V?$allocator@D@2@@std@@AEAV12@@?$_Wrap_alloc@V?$allocator@V?$basic_string@DU?$char_traits@D@std@@V?$allocator@D@2@@std@@@std@@@std@@QEAAXPEAV?$basic_string@DU?$char_traits@D@std@@V?$allocator@D@2@@1@AEAV21@@Z 0000000180015cb0 f i XRobot.obj
 0001:00014d10       ??$construct@V?$basic_string@DU?$char_traits@D@std@@V?$allocator@D@2@@std@@AEAV12@@?$allocator@V?$basic_string@DU?$char_traits@D@std@@V?$allocator@D@2@@std@@@std@@QEAAXPEAV?$basic_string@DU?$char_traits@D@std@@V?$allocator@D@2@@1@AEAV21@@Z 0000000180015d10 f i XRobot.obj
 0001:00014dc0       ??$construct@V?$basic_string@DU?$char_traits@D@std@@V?$allocator@D@2@@std@@AEAV12@@?$allocator_traits@V?$allocator@V?$basic_string@DU?$char_traits@D@std@@V?$allocator@D@2@@std@@@std@@@std@@SAXAEAV?$allocator@V?$basic_string@DU?$char_traits@D@std@@V?$allocator@D@2@@std@@@1@PEAV?$basic_string@DU?$char_traits@D@std@@V?$allocator@D@2@@1@AEAV31@@Z 0000000180015dc0 f i XRobot.obj
 0001:00014e20       ??$construct@V?$basic_string@DU?$char_traits@D@std@@V?$allocator@D@2@@std@@AEBV12@@?$_Wrap_alloc@V?$allocator@V?$basic_string@DU?$char_traits@D@std@@V?$allocator@D@2@@std@@@std@@@std@@QEAAXPEAV?$basic_string@DU?$char_traits@D@std@@V?$allocator@D@2@@1@AEBV21@@Z 0000000180015e20 f i XRobot.obj
 0001:00014e80       ??$construct@V?$basic_string@DU?$char_traits@D@std@@V?$allocator@D@2@@std@@AEBV12@@?$allocator_traits@V?$allocator@V?$basic_string@DU?$char_traits@D@std@@V?$allocator@D@2@@std@@@std@@@std@@SAXAEAV?$allocator@V?$basic_string@DU?$char_traits@D@std@@V?$allocator@D@2@@std@@@1@PEAV?$basic_string@DU?$char_traits@D@std@@V?$allocator@D@2@@1@AEBV31@@Z 0000000180015e80 f i XRobot.obj
 0001:00014ee0       ??$construct@V?$basic_string@DU?$char_traits@D@std@@V?$allocator@D@2@@std@@V12@@?$_Wrap_alloc@V?$allocator@V?$basic_string@DU?$char_traits@D@std@@V?$allocator@D@2@@std@@@std@@@std@@QEAAXPEAV?$basic_string@DU?$char_traits@D@std@@V?$allocator@D@2@@1@$$QEAV21@@Z 0000000180015ee0 f i XRobot.obj
 0001:00014f40       ??$construct@V?$basic_string@DU?$char_traits@D@std@@V?$allocator@D@2@@std@@V12@@?$allocator@V?$basic_string@DU?$char_traits@D@std@@V?$allocator@D@2@@std@@@std@@QEAAXPEAV?$basic_string@DU?$char_traits@D@std@@V?$allocator@D@2@@1@$$QEAV21@@Z 0000000180015f40 f i XRobot.obj
 0001:00014ff0       ??$construct@V?$basic_string@DU?$char_traits@D@std@@V?$allocator@D@2@@std@@V12@@?$allocator_traits@V?$allocator@V?$basic_string@DU?$char_traits@D@std@@V?$allocator@D@2@@std@@@std@@@std@@SAXAEAV?$allocator@V?$basic_string@DU?$char_traits@D@std@@V?$allocator@D@2@@std@@@1@PEAV?$basic_string@DU?$char_traits@D@std@@V?$allocator@D@2@@1@$$QEAV31@@Z 0000000180015ff0 f i XRobot.obj
 0001:00015050       ??$destroy@U_Container_proxy@std@@@?$_Wrap_alloc@V?$allocator@U_Container_proxy@std@@@std@@@std@@QEAAXPEAU_Container_proxy@1@@Z 0000000180016050 f i XRobot.obj
 0001:000150a0       ??$destroy@U_Container_proxy@std@@@?$allocator_traits@V?$allocator@U_Container_proxy@std@@@std@@@std@@SAXAEAV?$allocator@U_Container_proxy@std@@@1@PEAU_Container_proxy@1@@Z 00000001800160a0 f i XRobot.obj
 0001:000150f0       ??$destroy@V?$basic_string@DU?$char_traits@D@std@@V?$allocator@D@2@@std@@@?$_Wrap_alloc@V?$allocator@V?$basic_string@DU?$char_traits@D@std@@V?$allocator@D@2@@std@@@std@@@std@@QEAAXPEAV?$basic_string@DU?$char_traits@D@std@@V?$allocator@D@2@@1@@Z 00000001800160f0 f i XRobot.obj
 0001:00015140       ??$destroy@V?$basic_string@DU?$char_traits@D@std@@V?$allocator@D@2@@std@@@?$allocator@V?$basic_string@DU?$char_traits@D@std@@V?$allocator@D@2@@std@@@std@@QEAAXPEAV?$basic_string@DU?$char_traits@D@std@@V?$allocator@D@2@@1@@Z 0000000180016140 f i XRobot.obj
 0001:00015190       ??$destroy@V?$basic_string@DU?$char_traits@D@std@@V?$allocator@D@2@@std@@@?$allocator_traits@V?$allocator@V?$basic_string@DU?$char_traits@D@std@@V?$allocator@D@2@@std@@@std@@@std@@SAXAEAV?$allocator@V?$basic_string@DU?$char_traits@D@std@@V?$allocator@D@2@@std@@@1@PEAV?$basic_string@DU?$char_traits@D@std@@V?$allocator@D@2@@1@@Z 0000000180016190 f i XRobot.obj
 0001:000151e0       ??$forward@AEAV?$basic_string@DU?$char_traits@D@std@@V?$allocator@D@2@@std@@@std@@YAAEAV?$basic_string@DU?$char_traits@D@std@@V?$allocator@D@2@@0@AEAV10@@Z 00000001800161e0 f i XRobot.obj
 0001:000151f0       ??$forward@AEBV?$basic_string@DU?$char_traits@D@std@@V?$allocator@D@2@@std@@@std@@YAAEBV?$basic_string@DU?$char_traits@D@std@@V?$allocator@D@2@@0@AEBV10@@Z 00000001800161f0 f i XRobot.obj
 0001:00015200       ??$forward@V?$basic_string@DU?$char_traits@D@std@@V?$allocator@D@2@@std@@@std@@YA$$QEAV?$basic_string@DU?$char_traits@D@std@@V?$allocator@D@2@@0@AEAV10@@Z 0000000180016200 f i XRobot.obj
 0001:00015210       ??$forward@V?$vector@V?$basic_string@DU?$char_traits@D@std@@V?$allocator@D@2@@std@@V?$allocator@V?$basic_string@DU?$char_traits@D@std@@V?$allocator@D@2@@std@@@2@@std@@@std@@YA$$QEAV?$vector@V?$basic_string@DU?$char_traits@D@std@@V?$allocator@D@2@@std@@V?$allocator@V?$basic_string@DU?$char_traits@D@std@@V?$allocator@D@2@@std@@@2@@0@AEAV10@@Z 0000000180016210 f i XRobot.obj
 0001:00015220       ??$getline@DU?$char_traits@D@std@@V?$allocator@D@2@@std@@YAAEAV?$basic_istream@DU?$char_traits@D@std@@@0@$$QEAV10@AEAV?$basic_string@DU?$char_traits@D@std@@V?$allocator@D@2@@0@D@Z 0000000180016220 f i XRobot.obj
 0001:00015590       ??$getline@DU?$char_traits@D@std@@V?$allocator@D@2@@std@@YAAEAV?$basic_istream@DU?$char_traits@D@std@@@0@AEAV10@AEAV?$basic_string@DU?$char_traits@D@std@@V?$allocator@D@2@@0@D@Z 0000000180016590 f i XRobot.obj
 0001:000155f0       ??$move@AEAV?$basic_istream@DU?$char_traits@D@std@@@std@@@std@@YA$$QEAV?$basic_istream@DU?$char_traits@D@std@@@0@AEAV10@@Z 00000001800165f0 f i XRobot.obj
 0001:00015600       ??0?$CArray@DAEBD@@QEAA@XZ 0000000180016600 f i XRobot.obj
 0001:000156a0       ??0?$CList@PEAURCMDPair@@AEBQEAU1@@@QEAA@_J@Z 00000001800166a0 f i XRobot.obj
 0001:00015790       ??0?$_Vector_alloc@$0A@U?$_Vec_base_types@V?$basic_string@DU?$char_traits@D@std@@V?$allocator@D@2@@std@@V?$allocator@V?$basic_string@DU?$char_traits@D@std@@V?$allocator@D@2@@std@@@2@@std@@@std@@QEAA@AEBV?$allocator@V?$basic_string@DU?$char_traits@D@std@@V?$allocator@D@2@@std@@@1@@Z 0000000180016790 f i XRobot.obj
 0001:000157f0       ??0?$_Vector_val@U?$_Simple_types@V?$basic_string@DU?$char_traits@D@std@@V?$allocator@D@2@@std@@@std@@@std@@QEAA@XZ 00000001800167f0 f i XRobot.obj
 0001:00015870       ??0?$_Wrap_alloc@V?$allocator@D@std@@@std@@QEAA@AEBV?$allocator@D@1@@Z 0000000180016870 f i XRobot.obj
 0001:000158c0       ??0?$_Wrap_alloc@V?$allocator@U_Container_proxy@std@@@std@@@std@@QEAA@XZ 00000001800168c0 f i XRobot.obj
 0001:00015900       ??0?$_Wrap_alloc@V?$allocator@V?$basic_string@DU?$char_traits@D@std@@V?$allocator@D@2@@std@@@std@@@std@@QEAA@XZ 0000000180016900 f i XRobot.obj
 0001:00015940       ??0?$allocator@D@std@@QEAA@AEBV01@@Z 0000000180016940 f i XRobot.obj
 0001:00015960       ??0?$allocator@V?$basic_string@DU?$char_traits@D@std@@V?$allocator@D@2@@std@@@std@@QEAA@XZ 0000000180016960 f i XRobot.obj
 0001:00015970       ??0?$basic_string@DU?$char_traits@D@std@@V?$allocator@D@2@@std@@QEAA@$$QEAV01@@Z 0000000180016970 f i XRobot.obj
 0001:00015a00       ??0?$basic_string@DU?$char_traits@D@std@@V?$allocator@D@2@@std@@QEAA@AEBV01@@Z 0000000180016a00 f i XRobot.obj
 0001:00015ab0       ??0?$basic_string@DU?$char_traits@D@std@@V?$allocator@D@2@@std@@QEAA@XZ 0000000180016ab0 f i XRobot.obj
 0001:00015b20       ??0?$basic_stringbuf@DU?$char_traits@D@std@@V?$allocator@D@2@@std@@QEAA@AEBV?$basic_string@DU?$char_traits@D@std@@V?$allocator@D@2@@1@H@Z 0000000180016b20 f i XRobot.obj
 0001:00015c00       ??0?$basic_stringstream@DU?$char_traits@D@std@@V?$allocator@D@2@@std@@QEAA@AEBV?$basic_string@DU?$char_traits@D@std@@V?$allocator@D@2@@1@H@Z 0000000180016c00 f i XRobot.obj
 0001:00015d50       ??0?$fpos@H@std@@QEAA@_J@Z 0000000180016d50 f i XRobot.obj
 0001:00015da0       ??0?$vector@V?$basic_string@DU?$char_traits@D@std@@V?$allocator@D@2@@std@@V?$allocator@V?$basic_string@DU?$char_traits@D@std@@V?$allocator@D@2@@std@@@2@@std@@QEAA@$$QEAV01@@Z 0000000180016da0 f i XRobot.obj
 0001:00015e50       ??0?$vector@V?$basic_string@DU?$char_traits@D@std@@V?$allocator@D@2@@std@@V?$allocator@V?$basic_string@DU?$char_traits@D@std@@V?$allocator@D@2@@std@@@2@@std@@QEAA@XZ 0000000180016e50 f i XRobot.obj
 0001:00015ea0       ??0CTime@ATL@@QEAA@_J@Z    0000000180016ea0 f i XRobot.obj
 0001:00015ed0       ??0CTimeSpan@ATL@@QEAA@_J@Z 0000000180016ed0 f i XRobot.obj
 0001:00015f00       ??0RCMDPair@@QEAA@XZ       0000000180016f00 f i XRobot.obj
 0001:00015f70       ??0_Sentry_base@?$basic_istream@DU?$char_traits@D@std@@@std@@QEAA@AEAV12@@Z 0000000180016f70 f i XRobot.obj
 0001:00016050       ??0sentry@?$basic_istream@DU?$char_traits@D@std@@@std@@QEAA@AEAV12@_N@Z 0000000180017050 f i XRobot.obj
 0001:000160d0       ??1?$CArray@DAEBD@@UEAA@XZ 00000001800170d0 f i XRobot.obj
 0001:000161b0       ??1?$CList@PEAURCMDPair@@AEBQEAU1@@@UEAA@XZ 00000001800171b0 f i XRobot.obj
 0001:00016250       ??1?$_Vector_alloc@$0A@U?$_Vec_base_types@V?$basic_string@DU?$char_traits@D@std@@V?$allocator@D@2@@std@@V?$allocator@V?$basic_string@DU?$char_traits@D@std@@V?$allocator@D@2@@std@@@2@@std@@@std@@QEAA@XZ 0000000180017250 f i XRobot.obj
 0001:000162a0       ??1?$_Vector_val@U?$_Simple_types@V?$basic_string@DU?$char_traits@D@std@@V?$allocator@D@2@@std@@@std@@@std@@QEAA@XZ 00000001800172a0 f i XRobot.obj
 0001:000162e0       ??1?$basic_string@DU?$char_traits@D@std@@V?$allocator@D@2@@std@@QEAA@XZ 00000001800172e0 f i XRobot.obj
 0001:00016330       ??1?$basic_stringbuf@DU?$char_traits@D@std@@V?$allocator@D@2@@std@@UEAA@XZ 0000000180017330 f i XRobot.obj
 0001:00016390       ??1?$basic_stringstream@DU?$char_traits@D@std@@V?$allocator@D@2@@std@@UEAA@XZ 0000000180017390 f i XRobot.obj
 0001:00016460       ??1?$vector@V?$basic_string@DU?$char_traits@D@std@@V?$allocator@D@2@@std@@V?$allocator@V?$basic_string@DU?$char_traits@D@std@@V?$allocator@D@2@@std@@@2@@std@@QEAA@XZ 0000000180017460 f i XRobot.obj
 0001:000164b0       ??1RCMDPair@@QEAA@XZ       00000001800174b0 f i XRobot.obj
 0001:00016510       ??1RCMD_HEADER@@QEAA@XZ    0000000180017510 f i XRobot.obj
 0001:00016560       ??1_Sentry_base@?$basic_istream@DU?$char_traits@D@std@@@std@@QEAA@XZ 0000000180017560 f i XRobot.obj
 0001:00016620       ??1sentry@?$basic_istream@DU?$char_traits@D@std@@@std@@QEAA@XZ 0000000180017620 f i XRobot.obj
 0001:00016660       ??A?$vector@V?$basic_string@DU?$char_traits@D@std@@V?$allocator@D@2@@std@@V?$allocator@V?$basic_string@DU?$char_traits@D@std@@V?$allocator@D@2@@std@@@2@@std@@QEAAAEAV?$basic_string@DU?$char_traits@D@std@@V?$allocator@D@2@@1@_K@Z 0000000180017660 f i XRobot.obj
 0001:00016780       ??B?$fpos@H@std@@QEBA_JXZ  0000000180017780 f i XRobot.obj
 0001:000167a0       ??Bsentry@?$basic_istream@DU?$char_traits@D@std@@@std@@QEBA_NXZ 00000001800177a0 f i XRobot.obj
 0001:000167c0       ??GCTime@ATL@@QEBA?AVCTimeSpan@1@V01@@Z 00000001800177c0 f i XRobot.obj
 0001:00016830       ??Y?$basic_string@DU?$char_traits@D@std@@V?$allocator@D@2@@std@@QEAAAEAV01@D@Z 0000000180017830 f i XRobot.obj
 0001:00016880       ??_D?$basic_stringstream@DU?$char_traits@D@std@@V?$allocator@D@2@@std@@QEAAXXZ 0000000180017880 f i XRobot.obj
 0001:000168e0       ??_E?$basic_stringstream@DU?$char_traits@D@std@@V?$allocator@D@2@@std@@$4PPPPPPPM@A@EAAPEAXI@Z 00000001800178e0 f i XRobot.obj
 0001:000168f0       ??_E?$CArray@DAEBD@@UEAAPEAXI@Z 00000001800178f0 f i XRobot.obj
 0001:000168f0       ??_G?$CArray@DAEBD@@UEAAPEAXI@Z 00000001800178f0 f i XRobot.obj
 0001:00016950       ??_E?$CList@PEAURCMDPair@@AEBQEAU1@@@UEAAPEAXI@Z 0000000180017950 f i XRobot.obj
 0001:00016950       ??_G?$CList@PEAURCMDPair@@AEBQEAU1@@@UEAAPEAXI@Z 0000000180017950 f i XRobot.obj
 0001:000169b0       ??_G?$basic_string@DU?$char_traits@D@std@@V?$allocator@D@2@@std@@QEAAPEAXI@Z 00000001800179b0 f i XRobot.obj
 0001:00016a10       ??_E?$basic_stringbuf@DU?$char_traits@D@std@@V?$allocator@D@2@@std@@UEAAPEAXI@Z 0000000180017a10 f i XRobot.obj
 0001:00016a10       ??_G?$basic_stringbuf@DU?$char_traits@D@std@@V?$allocator@D@2@@std@@UEAAPEAXI@Z 0000000180017a10 f i XRobot.obj
 0001:00016a70       ??_E?$basic_stringstream@DU?$char_traits@D@std@@V?$allocator@D@2@@std@@UEAAPEAXI@Z 0000000180017a70 f i XRobot.obj
 0001:00016a70       ??_G?$basic_stringstream@DU?$char_traits@D@std@@V?$allocator@D@2@@std@@UEAAPEAXI@Z 0000000180017a70 f i XRobot.obj
 0001:00016af0       ??_GRCMDPair@@QEAAPEAXI@Z  0000000180017af0 f i XRobot.obj
 0001:00016b50       ?AddTail@?$CList@PEAURCMDPair@@AEBQEAU1@@@QEAAPEAU__POSITION@@AEBQEAURCMDPair@@@Z 0000000180017b50 f i XRobot.obj
 0001:00016c30       ?AssertValid@?$CArray@DAEBD@@UEBAXXZ 0000000180017c30 f i XRobot.obj
 0001:00016dc0       ?AssertValid@?$CList@PEAURCMDPair@@AEBQEAU1@@@UEBAXXZ 0000000180017dc0 f i XRobot.obj
 0001:00016ef0       ?Dump@?$CArray@DAEBD@@UEBAXAEAVCDumpContext@@@Z 0000000180017ef0 f i XRobot.obj
 0001:00016fe0       ?Dump@?$CList@PEAURCMDPair@@AEBQEAU1@@@UEBAXAEAVCDumpContext@@@Z 0000000180017fe0 f i XRobot.obj
 0001:00017120       ?FreeNode@?$CList@PEAURCMDPair@@AEBQEAU1@@@IEAAXPEAUCNode@1@@Z 0000000180018120 f i XRobot.obj
 0001:000171e0       ?GetCount@?$CList@PEAURCMDPair@@AEBQEAU1@@@QEBA_JXZ 00000001800181e0 f i XRobot.obj
 0001:00017200       ?GetData@?$CArray@DAEBD@@QEAAPEADXZ 0000000180018200 f i XRobot.obj
 0001:00017220       ?GetHeadPosition@?$CList@PEAURCMDPair@@AEBQEAU1@@@QEBAPEAU__POSITION@@XZ 0000000180018220 f i XRobot.obj
 0001:00017240       ?GetNext@?$CList@PEAURCMDPair@@AEBQEAU1@@@QEAAAEAPEAURCMDPair@@AEAPEAU__POSITION@@@Z 0000000180018240 f i XRobot.obj
 0001:000172e0       ?GetTickCount@CTime@ATL@@SA?AV12@XZ 00000001800182e0 f i XRobot.obj
 0001:00017330       ?GetTotalSeconds@CTimeSpan@ATL@@QEBA_JXZ 0000000180018330 f i XRobot.obj
 0001:00017350       ?NewNode@?$CList@PEAURCMDPair@@AEBQEAU1@@@IEAAPEAUCNode@1@PEAU21@0@Z 0000000180018350 f i XRobot.obj
 0001:000175a0       ?RemoveAll@?$CList@PEAURCMDPair@@AEBQEAU1@@@QEAAXXZ 00000001800185a0 f i XRobot.obj
 0001:00017680       ?RemoveHead@?$CList@PEAURCMDPair@@AEBQEAU1@@@QEAAPEAURCMDPair@@XZ 0000000180018680 f i XRobot.obj
 0001:00017810       ?Serialize@?$CArray@DAEBD@@UEAAXAEAVCArchive@@@Z 0000000180018810 f i XRobot.obj
 0001:000178f0       ?Serialize@?$CList@PEAURCMDPair@@AEBQEAU1@@@UEAAXAEAVCArchive@@@Z 00000001800188f0 f i XRobot.obj
 0001:00017ab0       ?SetSize@?$CArray@DAEBD@@QEAAX_J0@Z 0000000180018ab0 f i XRobot.obj
 0001:000182d0       ?_Alloc_proxy@?$_Vector_alloc@$0A@U?$_Vec_base_types@V?$basic_string@DU?$char_traits@D@std@@V?$allocator@D@2@@std@@V?$allocator@V?$basic_string@DU?$char_traits@D@std@@V?$allocator@D@2@@std@@@2@@std@@@std@@QEAAXXZ 00000001800192d0 f i XRobot.obj
 0001:00018380       ?_Assign_rv@?$basic_string@DU?$char_traits@D@std@@V?$allocator@D@2@@std@@QEAAX$$QEAV12@@Z 0000000180019380 f i XRobot.obj
 0001:000184b0       ?_Assign_rv@?$vector@V?$basic_string@DU?$char_traits@D@std@@V?$allocator@D@2@@std@@V?$allocator@V?$basic_string@DU?$char_traits@D@std@@V?$allocator@D@2@@std@@@2@@std@@QEAAX$$QEAV12@U?$integral_constant@_N$00@2@@Z 00000001800194b0 f i XRobot.obj
 0001:00018580       ?_Chassign@?$basic_string@DU?$char_traits@D@std@@V?$allocator@D@2@@std@@QEAAX_K0D@Z 0000000180019580 f i XRobot.obj
 0001:00018620       ?_Clrcont@_Iterator_base12@std@@QEAAXXZ 0000000180019620 f i XRobot.obj
 0001:00018640       ?_Destroy@?$vector@V?$basic_string@DU?$char_traits@D@std@@V?$allocator@D@2@@std@@V?$allocator@V?$basic_string@DU?$char_traits@D@std@@V?$allocator@D@2@@std@@@2@@std@@IEAAXPEAV?$basic_string@DU?$char_traits@D@std@@V?$allocator@D@2@@2@0@Z 0000000180019640 f i XRobot.obj
 0001:000186c0       ?_Free_proxy@?$_Vector_alloc@$0A@U?$_Vec_base_types@V?$basic_string@DU?$char_traits@D@std@@V?$allocator@D@2@@std@@V?$allocator@V?$basic_string@DU?$char_traits@D@std@@V?$allocator@D@2@@std@@@2@@std@@@std@@QEAAXXZ 00000001800196c0 f i XRobot.obj
 0001:00018760       ?_Getal@?$_Vector_alloc@$0A@U?$_Vec_base_types@V?$basic_string@DU?$char_traits@D@std@@V?$allocator@D@2@@std@@V?$allocator@V?$basic_string@DU?$char_traits@D@std@@V?$allocator@D@2@@std@@@2@@std@@@std@@QEBA?AU?$_Wrap_alloc@V?$allocator@V?$basic_string@DU?$char_traits@D@std@@V?$allocator@D@2@@std@@@std@@@2@XZ 0000000180019760 f i XRobot.obj
 0001:000187b0       ?_Getpnext@_Iterator_base12@std@@QEAAPEAPEAU12@XZ 00000001800197b0 f i XRobot.obj
 0001:000187d0       ?_Getstate@?$basic_stringbuf@DU?$char_traits@D@std@@V?$allocator@D@2@@std@@AEAAHH@Z 00000001800197d0 f i XRobot.obj
 0001:00018880       ?_Grow_to@?$vector@V?$basic_string@DU?$char_traits@D@std@@V?$allocator@D@2@@std@@V?$allocator@V?$basic_string@DU?$char_traits@D@std@@V?$allocator@D@2@@std@@@2@@std@@IEBA_K_K@Z 0000000180019880 f i XRobot.obj
 0001:00018970       ?_Init@?$basic_stringbuf@DU?$char_traits@D@std@@V?$allocator@D@2@@std@@IEAAXPEBD_KH@Z 0000000180019970 f i XRobot.obj
 0001:00018b70       ?_Inside@?$vector@V?$basic_string@DU?$char_traits@D@std@@V?$allocator@D@2@@std@@V?$allocator@V?$basic_string@DU?$char_traits@D@std@@V?$allocator@D@2@@std@@@2@@std@@IEBA_NPEBV?$basic_string@DU?$char_traits@D@std@@V?$allocator@D@2@@2@@Z 0000000180019b70 f i XRobot.obj
 0001:00018bf0       ?_Orphan_range@?$vector@V?$basic_string@DU?$char_traits@D@std@@V?$allocator@D@2@@std@@V?$allocator@V?$basic_string@DU?$char_traits@D@std@@V?$allocator@D@2@@std@@@2@@std@@IEBAXPEAV?$basic_string@DU?$char_traits@D@std@@V?$allocator@D@2@@2@0@Z 0000000180019bf0 f i XRobot.obj
 0001:00018d10       ?_Reallocate@?$vector@V?$basic_string@DU?$char_traits@D@std@@V?$allocator@D@2@@std@@V?$allocator@V?$basic_string@DU?$char_traits@D@std@@V?$allocator@D@2@@std@@@2@@std@@IEAAX_K@Z 0000000180019d10 f i XRobot.obj
 0001:00018eb0       ?_Reserve@?$vector@V?$basic_string@DU?$char_traits@D@std@@V?$allocator@D@2@@std@@V?$allocator@V?$basic_string@DU?$char_traits@D@std@@V?$allocator@D@2@@std@@@2@@std@@IEAAX_K@Z 0000000180019eb0 f i XRobot.obj
 0001:00018f70       ?_Tidy@?$basic_stringbuf@DU?$char_traits@D@std@@V?$allocator@D@2@@std@@IEAAXXZ 0000000180019f70 f i XRobot.obj
 0001:00019090       ?_Tidy@?$vector@V?$basic_string@DU?$char_traits@D@std@@V?$allocator@D@2@@std@@V?$allocator@V?$basic_string@DU?$char_traits@D@std@@V?$allocator@D@2@@std@@@2@@std@@IEAAXXZ 000000018001a090 f i XRobot.obj
 0001:000191a0       ?_Unused_capacity@?$vector@V?$basic_string@DU?$char_traits@D@std@@V?$allocator@D@2@@std@@V?$allocator@V?$basic_string@DU?$char_traits@D@std@@V?$allocator@D@2@@std@@@2@@std@@QEBA_KXZ 000000018001a1a0 f i XRobot.obj
 0001:000191d0       ?_Xlen@?$vector@V?$basic_string@DU?$char_traits@D@std@@V?$allocator@D@2@@std@@V?$allocator@V?$basic_string@DU?$char_traits@D@std@@V?$allocator@D@2@@std@@@2@@std@@IEBAXXZ 000000018001a1d0 f i XRobot.obj
 0001:00019210       ?allocate@?$_Wrap_alloc@V?$allocator@U_Container_proxy@std@@@std@@@std@@QEAAPEAU_Container_proxy@2@_K@Z 000000018001a210 f i XRobot.obj
 0001:00019260       ?allocate@?$_Wrap_alloc@V?$allocator@V?$basic_string@DU?$char_traits@D@std@@V?$allocator@D@2@@std@@@std@@@std@@QEAAPEAV?$basic_string@DU?$char_traits@D@std@@V?$allocator@D@2@@2@_K@Z 000000018001a260 f i XRobot.obj
 0001:000192b0       ?allocate@?$allocator@V?$basic_string@DU?$char_traits@D@std@@V?$allocator@D@2@@std@@@std@@QEAAPEAV?$basic_string@DU?$char_traits@D@std@@V?$allocator@D@2@@2@_K@Z 000000018001a2b0 f i XRobot.obj
 0001:00019300       ?append@?$basic_string@DU?$char_traits@D@std@@V?$allocator@D@2@@std@@QEAAAEAV12@_KD@Z 000000018001a300 f i XRobot.obj
 0001:000193f0       ?assign@?$char_traits@D@std@@SAPEADPEAD_KD@Z 000000018001a3f0 f i XRobot.obj
 0001:00019450       ?c_str@?$basic_string@DU?$char_traits@D@std@@V?$allocator@D@2@@std@@QEBAPEBDXZ 000000018001a450 f i XRobot.obj
 0001:00019490       ?capacity@?$vector@V?$basic_string@DU?$char_traits@D@std@@V?$allocator@D@2@@std@@V?$allocator@V?$basic_string@DU?$char_traits@D@std@@V?$allocator@D@2@@std@@@2@@std@@QEBA_KXZ 000000018001a490 f i XRobot.obj
 0001:000194c0       ?construct@?$allocator@V?$basic_string@DU?$char_traits@D@std@@V?$allocator@D@2@@std@@@std@@QEAAXPEAV?$basic_string@DU?$char_traits@D@std@@V?$allocator@D@2@@2@AEBV32@@Z 000000018001a4c0 f i XRobot.obj
 0001:00019560       ?data@CPlex@@QEAAPEAXXZ    000000018001a560 f i XRobot.obj
 0001:00019580       ?deallocate@?$_Wrap_alloc@V?$allocator@U_Container_proxy@std@@@std@@@std@@QEAAXPEAU_Container_proxy@2@_K@Z 000000018001a580 f i XRobot.obj
 0001:000195e0       ?deallocate@?$_Wrap_alloc@V?$allocator@V?$basic_string@DU?$char_traits@D@std@@V?$allocator@D@2@@std@@@std@@@std@@QEAAXPEAV?$basic_string@DU?$char_traits@D@std@@V?$allocator@D@2@@2@_K@Z 000000018001a5e0 f i XRobot.obj
 0001:00019640       ?deallocate@?$allocator@V?$basic_string@DU?$char_traits@D@std@@V?$allocator@D@2@@std@@@std@@QEAAXPEAV?$basic_string@DU?$char_traits@D@std@@V?$allocator@D@2@@2@_K@Z 000000018001a640 f i XRobot.obj
 0001:00019690       ?eof@?$char_traits@D@std@@SAHXZ 000000018001a690 f i XRobot.obj
 0001:000196a0       ?eq@?$char_traits@D@std@@SA_NAEBD0@Z 000000018001a6a0 f i XRobot.obj
 0001:00019710       ?eq_int_type@?$char_traits@D@std@@SA_NAEBH0@Z 000000018001a710 f i XRobot.obj
 0001:00019770       ?length@?$basic_string@DU?$char_traits@D@std@@V?$allocator@D@2@@std@@QEBA_KXZ 000000018001a770 f i XRobot.obj
 0001:00019790       ?max_size@?$_Wrap_alloc@V?$allocator@V?$basic_string@DU?$char_traits@D@std@@V?$allocator@D@2@@std@@@std@@@std@@QEBA_KXZ 000000018001a790 f i XRobot.obj
 0001:000197d0       ?max_size@?$allocator@V?$basic_string@DU?$char_traits@D@std@@V?$allocator@D@2@@std@@@std@@QEBA_KXZ 000000018001a7d0 f i XRobot.obj
 0001:000197f0       ?max_size@?$allocator_traits@V?$allocator@V?$basic_string@DU?$char_traits@D@std@@V?$allocator@D@2@@std@@@std@@@std@@SA_KAEBV?$allocator@V?$basic_string@DU?$char_traits@D@std@@V?$allocator@D@2@@std@@@2@@Z 000000018001a7f0 f i XRobot.obj
 0001:00019830       ?max_size@?$vector@V?$basic_string@DU?$char_traits@D@std@@V?$allocator@D@2@@std@@V?$allocator@V?$basic_string@DU?$char_traits@D@std@@V?$allocator@D@2@@std@@@2@@std@@QEBA_KXZ 000000018001a830 f i XRobot.obj
 0001:00019880       ?not_eof@?$char_traits@D@std@@SAHAEBH@Z 000000018001a880 f i XRobot.obj
 0001:00019900       ?overflow@?$basic_stringbuf@DU?$char_traits@D@std@@V?$allocator@D@2@@std@@MEAAHH@Z 000000018001a900 f i XRobot.obj
 0001:00019f60       ?pbackfail@?$basic_stringbuf@DU?$char_traits@D@std@@V?$allocator@D@2@@std@@MEAAHH@Z 000000018001af60 f i XRobot.obj
 0001:0001a0e0       ?push_back@?$vector@V?$basic_string@DU?$char_traits@D@std@@V?$allocator@D@2@@std@@V?$allocator@V?$basic_string@DU?$char_traits@D@std@@V?$allocator@D@2@@std@@@2@@std@@QEAAXAEBV?$basic_string@DU?$char_traits@D@std@@V?$allocator@D@2@@2@@Z 000000018001b0e0 f i XRobot.obj
 0001:0001a2c0       ?seekoff@?$basic_stringbuf@DU?$char_traits@D@std@@V?$allocator@D@2@@std@@MEAA?AV?$fpos@H@2@_JHH@Z 000000018001b2c0 f i XRobot.obj
 0001:0001a700       ?seekpos@?$basic_stringbuf@DU?$char_traits@D@std@@V?$allocator@D@2@@std@@MEAA?AV?$fpos@H@2@V32@H@Z 000000018001b700 f i XRobot.obj
 0001:0001a9f0       ?select_on_container_copy_construction@?$_Wrap_alloc@V?$allocator@D@std@@@std@@QEBA?AU12@XZ 000000018001b9f0 f i XRobot.obj
 0001:0001aa50       ?select_on_container_copy_construction@?$allocator@D@std@@QEBA?AV12@XZ 000000018001ba50 f i XRobot.obj
 0001:0001aaa0       ?select_on_container_copy_construction@?$allocator_traits@V?$allocator@D@std@@@std@@SA?AV?$allocator@D@2@AEBV32@@Z 000000018001baa0 f i XRobot.obj
 0001:0001aaf0       ?size@?$vector@V?$basic_string@DU?$char_traits@D@std@@V?$allocator@D@2@@std@@V?$allocator@V?$basic_string@DU?$char_traits@D@std@@V?$allocator@D@2@@std@@@2@@std@@QEBA_KXZ 000000018001baf0 f i XRobot.obj
 0001:0001ab20       ?to_char_type@?$char_traits@D@std@@SADAEBH@Z 000000018001bb20 f i XRobot.obj
 0001:0001ab40       ?to_int_type@?$char_traits@D@std@@SAHAEBD@Z 000000018001bb40 f i XRobot.obj
 0001:0001ab60       ?underflow@?$basic_stringbuf@DU?$char_traits@D@std@@V?$allocator@D@2@@std@@MEAAHXZ 000000018001bb60 f i XRobot.obj
 0001:0001ad20       ??0XRobotDoc@@AEAA@XZ      000000018001bd20 f   XRobotDoc.obj
 0001:0001ad60       ?getInstance@XRobotDoc@@SAPEAV1@XZ 000000018001bd60 f   XRobotDoc.obj
 0001:0001adf0       ?clean@XRobotDoc@@SAXXZ    000000018001bdf0 f   XRobotDoc.obj
 0001:0001ae70       ??1XRobotDoc@@QEAA@XZ      000000018001be70 f   XRobotDoc.obj
 0001:0001af40       ?getRobotCount@XRobotDoc@@QEAAHXZ 000000018001bf40 f   XRobotDoc.obj
 0001:0001af80       ?addRobot@XRobotDoc@@QEAAPEAVXRobot@@XZ 000000018001bf80 f   XRobotDoc.obj
 0001:0001b070       ?deleteRobot@XRobotDoc@@QEAAHPEAVXRobot@@@Z 000000018001c070 f   XRobotDoc.obj
 0001:0001b160       ?getRobot@XRobotDoc@@QEAAPEAVXRobot@@H@Z 000000018001c160 f   XRobotDoc.obj
 0001:0001b330       ??$DumpElements@PEAVXRobot@@@@YAXAEAVCDumpContext@@PEBQEAVXRobot@@_J@Z 000000018001c330 f i XRobotDoc.obj
 0001:0001b430       ??$SerializeElements@PEAVXRobot@@@@YAXAEAVCArchive@@PEAPEAVXRobot@@_J@Z 000000018001c430 f i XRobotDoc.obj
 0001:0001b6d0       ??0?$CArray@PEAVXRobot@@AEBQEAV1@@@QEAA@XZ 000000018001c6d0 f i XRobotDoc.obj
 0001:0001b770       ??1?$CArray@PEAVXRobot@@AEBQEAV1@@@UEAA@XZ 000000018001c770 f i XRobotDoc.obj
 0001:0001b850       ??A?$CArray@PEAVXRobot@@AEBQEAV1@@@QEAAAEAPEAVXRobot@@_J@Z 000000018001c850 f i XRobotDoc.obj
 0001:0001b8a0       ??_E?$CArray@PEAVXRobot@@AEBQEAV1@@@UEAAPEAXI@Z 000000018001c8a0 f i XRobotDoc.obj
 0001:0001b8a0       ??_G?$CArray@PEAVXRobot@@AEBQEAV1@@@UEAAPEAXI@Z 000000018001c8a0 f i XRobotDoc.obj
 0001:0001b900       ??_GXRobot@@QEAAPEAXI@Z    000000018001c900 f i XRobotDoc.obj
 0001:0001b960       ??_GXRobotDoc@@QEAAPEAXI@Z 000000018001c960 f i XRobotDoc.obj
 0001:0001b9c0       ?Add@?$CArray@PEAVXRobot@@AEBQEAV1@@@QEAA_JAEBQEAVXRobot@@@Z 000000018001c9c0 f i XRobotDoc.obj
 0001:0001ba30       ?AssertValid@?$CArray@PEAVXRobot@@AEBQEAV1@@@UEBAXXZ 000000018001ca30 f i XRobotDoc.obj
 0001:0001bbc0       ?Dump@?$CArray@PEAVXRobot@@AEBQEAV1@@@UEBAXAEAVCDumpContext@@@Z 000000018001cbc0 f i XRobotDoc.obj
 0001:0001bcb0       ?ElementAt@?$CArray@PEAVXRobot@@AEBQEAV1@@@QEAAAEAPEAVXRobot@@_J@Z 000000018001ccb0 f i XRobotDoc.obj
 0001:0001bd60       ?GetSize@?$CArray@PEAVXRobot@@AEBQEAV1@@@QEBA_JXZ 000000018001cd60 f i XRobotDoc.obj
 0001:0001bd80       ?RemoveAll@?$CArray@PEAVXRobot@@AEBQEAV1@@@QEAAXXZ 000000018001cd80 f i XRobotDoc.obj
 0001:0001bdd0       ?RemoveAt@?$CArray@PEAVXRobot@@AEBQEAV1@@@QEAAX_J0@Z 000000018001cdd0 f i XRobotDoc.obj
 0001:0001c000       ?Serialize@?$CArray@PEAVXRobot@@AEBQEAV1@@@UEAAXAEAVCArchive@@@Z 000000018001d000 f i XRobotDoc.obj
 0001:0001c0e0       ?SetAtGrow@?$CArray@PEAVXRobot@@AEBQEAV1@@@QEAAX_JAEBQEAVXRobot@@@Z 000000018001d0e0 f i XRobotDoc.obj
 0001:0001c1d0       ?SetSize@?$CArray@PEAVXRobot@@AEBQEAV1@@@QEAAX_J0@Z 000000018001d1d0 f i XRobotDoc.obj
 0001:0001ca30       ?memmove_s@Checked@ATL@@YAXPEAX_KPEBX1@Z 000000018001da30 f i XRobotDoc.obj
 0001:0001ca9a       ??3@YAXPEAX@Z              000000018001da9a f   mfc120ud:mfc120ud.dll
 0001:0001caa0       ??_U@YAPEAX_K@Z            000000018001daa0 f   mfc120ud:mfc120ud.dll
 0001:0001caa6       ??_V@YAXPEAX@Z             000000018001daa6 f   mfc120ud:mfc120ud.dll
 0001:0001caac       ?AfxAssertFailedLine@@YAHPEBDH@Z 000000018001daac f   mfc120ud:mfc120ud.dll
 0001:0001cab2       ?AfxThrowInvalidArgException@@YAXXZ 000000018001dab2 f   mfc120ud:mfc120ud.dll
 0001:0001cab8       ?GetBuffer@?$CSimpleStringT@_W$00@ATL@@QEAAPEA_WXZ 000000018001dab8 f   mfc120ud:mfc120ud.dll
 0001:0001cabe       ?GetLength@?$CSimpleStringT@_W$00@ATL@@QEBAHXZ 000000018001dabe f   mfc120ud:mfc120ud.dll
 0001:0001cac4       ?ReleaseBuffer@?$CSimpleStringT@_W$00@ATL@@QEAAXH@Z 000000018001dac4 f   mfc120ud:mfc120ud.dll
 0001:0001caca       ?SetString@?$CSimpleStringT@_W$00@ATL@@QEAAXPEB_WH@Z 000000018001daca f   mfc120ud:mfc120ud.dll
 0001:0001cad0       ??0?$CStringT@_WV?$StrTraitMFC_DLL@_WV?$ChTraitsCRT@_W@ATL@@@@@ATL@@QEAA@XZ 000000018001dad0 f   mfc120ud:mfc120ud.dll
 0001:0001cad6       ??0?$CStringT@_WV?$StrTraitMFC_DLL@_WV?$ChTraitsCRT@_W@ATL@@@@@ATL@@QEAA@AEBV01@@Z 000000018001dad6 f   mfc120ud:mfc120ud.dll
 0001:0001cadc       ??1?$CStringT@_WV?$StrTraitMFC_DLL@_WV?$ChTraitsCRT@_W@ATL@@@@@ATL@@QEAA@XZ 000000018001dadc f   mfc120ud:mfc120ud.dll
 0001:0001cae2       ??2@YAPEAX_K@Z             000000018001dae2 f   mfc120ud:mfc120ud.dll
 0001:0001cae8       ?GetAt@?$CSimpleStringT@_W$00@ATL@@QEBA_WH@Z 000000018001dae8 f   mfc120ud:mfc120ud.dll
 0001:0001caee       ??0?$CStringT@_WV?$StrTraitMFC_DLL@_WV?$ChTraitsCRT@_W@ATL@@@@@ATL@@QEAA@PEBD@Z 000000018001daee f   mfc120ud:mfc120ud.dll
 0001:0001caf4       ?Format@?$CStringT@_WV?$StrTraitMFC_DLL@_WV?$ChTraitsCRT@_W@ATL@@@@@ATL@@QEAAXPEB_WZZ 000000018001daf4 f   mfc120ud:mfc120ud.dll
 0001:0001cafa       ??2CObject@@SAPEAX_KPEBDH@Z 000000018001dafa f   mfc120ud:mfc120ud.dll
 0001:0001cb00       ?AfxGetModuleState@@YAPEAVAFX_MODULE_STATE@@XZ 000000018001db00 f   mfc120ud:mfc120ud.dll
 0001:0001cb06       ??0CDynLinkLibrary@@QEAA@AEAUAFX_EXTENSION_MODULE@@H@Z 000000018001db06 f   mfc120ud:mfc120ud.dll
 0001:0001cb0c       ?AfxInitExtensionModule@@YAHAEAUAFX_EXTENSION_MODULE@@PEAUHINSTANCE__@@@Z 000000018001db0c f   mfc120ud:mfc120ud.dll
 0001:0001cb12       ?AfxTermExtensionModule@@YAXAEAUAFX_EXTENSION_MODULE@@H@Z 000000018001db12 f   mfc120ud:mfc120ud.dll
 0001:0001cb18       ?AfxAssertValidObject@@YAXPEBVCObject@@PEBDH@Z 000000018001db18 f   mfc120ud:mfc120ud.dll
 0001:0001cb1e       ?AfxThrowMemoryException@@YAXXZ 000000018001db1e f   mfc120ud:mfc120ud.dll
 0001:0001cb24       ?GetRuntimeClass@CObject@@UEBAPEAUCRuntimeClass@@XZ 000000018001db24 f   mfc120ud:mfc120ud.dll
 0001:0001cb2a       ??1CObject@@UEAA@XZ        000000018001db2a f   mfc120ud:mfc120ud.dll
 0001:0001cb30       ??3CObject@@SAXPEAX@Z      000000018001db30 f   mfc120ud:mfc120ud.dll
 0001:0001cb36       ??0CObject@@IEAA@XZ        000000018001db36 f   mfc120ud:mfc120ud.dll
 0001:0001cb3c       ?Serialize@CObject@@UEAAXAEAVCArchive@@@Z 000000018001db3c f   mfc120ud:mfc120ud.dll
 0001:0001cb42       ?AssertValid@CObject@@UEBAXXZ 000000018001db42 f   mfc120ud:mfc120ud.dll
 0001:0001cb48       ?Dump@CObject@@UEBAXAEAVCDumpContext@@@Z 000000018001db48 f   mfc120ud:mfc120ud.dll
 0001:0001cb4e       ?AfxIsValidAddress@@YAHPEBX_KH@Z 000000018001db4e f   mfc120ud:mfc120ud.dll
 0001:0001cb54       ??_U@YAPEAX_KPEBDH@Z       000000018001db54 f   mfc120ud:mfc120ud.dll
 0001:0001cb5a       ?IsStoring@CArchive@@QEBAHXZ 000000018001db5a f   mfc120ud:mfc120ud.dll
 0001:0001cb60       ?EnsureRead@CArchive@@QEAAXPEAXI@Z 000000018001db60 f   mfc120ud:mfc120ud.dll
 0001:0001cb66       ?Write@CArchive@@QEAAXPEBXI@Z 000000018001db66 f   mfc120ud:mfc120ud.dll
 0001:0001cb6c       ?ReadCount@CArchive@@QEAA_KXZ 000000018001db6c f   mfc120ud:mfc120ud.dll
 0001:0001cb72       ?WriteCount@CArchive@@QEAAX_K@Z 000000018001db72 f   mfc120ud:mfc120ud.dll
 0001:0001cb78       ?GetDepth@CDumpContext@@QEBAHXZ 000000018001db78 f   mfc120ud:mfc120ud.dll
 0001:0001cb7e       ??6CDumpContext@@QEAAAEAV0@PEBD@Z 000000018001db7e f   mfc120ud:mfc120ud.dll
 0001:0001cb84       ??6CDumpContext@@QEAAAEAV0@_J@Z 000000018001db84 f   mfc120ud:mfc120ud.dll
 0001:0001cb8a       ?GetRuntimeClass@CException@@UEBAPEAUCRuntimeClass@@XZ 000000018001db8a f   mfc120ud:mfc120ud.dll
 0001:0001cb90       ??0CException@@QEAA@XZ     000000018001db90 f   mfc120ud:mfc120ud.dll
 0001:0001cb96       ?GetErrorMessage@CException@@UEBAHPEA_WIPEAI@Z 000000018001db96 f   mfc120ud:mfc120ud.dll
 0001:0001cb9c       ?GetErrorMessage@CException@@UEAAHPEA_WIPEAI@Z 000000018001db9c f   mfc120ud:mfc120ud.dll
 0001:0001cba2       ?ReportError@CException@@UEAAHII@Z 000000018001dba2 f   mfc120ud:mfc120ud.dll
 0001:0001cba8       ??1CException@@UEAA@XZ     000000018001dba8 f   mfc120ud:mfc120ud.dll
 0001:0001cbae       ??3CException@@SAXPEAX@Z   000000018001dbae f   mfc120ud:mfc120ud.dll
 0001:0001cbb4       ??2CObject@@SAPEAX_K@Z     000000018001dbb4 f   mfc120ud:mfc120ud.dll
 0001:0001cbba       ?Delete@CException@@QEAAXXZ 000000018001dbba f   mfc120ud:mfc120ud.dll
 0001:0001cbc0       ??4?$CStringT@_WV?$StrTraitMFC_DLL@_WV?$ChTraitsCRT@_W@ATL@@@@@ATL@@QEAAAEAV01@AEBV01@@Z 000000018001dbc0 f   mfc120ud:mfc120ud.dll
 0001:0001cbc6       ??4?$CStringT@_WV?$StrTraitMFC_DLL@_WV?$ChTraitsCRT@_W@ATL@@@@@ATL@@QEAAAEAV01@PEB_W@Z 000000018001dbc6 f   mfc120ud:mfc120ud.dll
 0001:0001cbcc       ?Trim@?$CStringT@_WV?$StrTraitMFC_DLL@_WV?$ChTraitsCRT@_W@ATL@@@@@ATL@@QEAAAEAV12@XZ 000000018001dbcc f   mfc120ud:mfc120ud.dll
 0001:0001cbd2       ?Create@CPlex@@SAPEAU1@AEAPEAU1@_K1@Z 000000018001dbd2 f   mfc120ud:mfc120ud.dll
 0001:0001cbd8       ?FreeDataChain@CPlex@@QEAAXXZ 000000018001dbd8 f   mfc120ud:mfc120ud.dll
 0001:0001cbde       ?AfxMessageBox@@YAHPEB_WII@Z 000000018001dbde f   mfc120ud:mfc120ud.dll
 0001:0001cbe4       ??0CMutex@@QEAA@HPEB_WPEAU_SECURITY_ATTRIBUTES@@@Z 000000018001dbe4 f   mfc120ud:mfc120ud.dll
 0001:0001cbea       ??1CMutex@@UEAA@XZ         000000018001dbea f   mfc120ud:mfc120ud.dll
 0001:0001cbf0       ??0CEvent@@QEAA@HHPEB_WPEAU_SECURITY_ATTRIBUTES@@@Z 000000018001dbf0 f   mfc120ud:mfc120ud.dll
 0001:0001cbf6       ?SetEvent@CEvent@@QEAAHXZ  000000018001dbf6 f   mfc120ud:mfc120ud.dll
 0001:0001cbfc       ?ResetEvent@CEvent@@QEAAHXZ 000000018001dbfc f   mfc120ud:mfc120ud.dll
 0001:0001cc10       ??1CComBSTR@ATL@@QEAA@XZ   000000018001dc10 f i mfcs120ud:nolib.obj
 0001:0001cc50       ??1stringdispid@CComTypeInfoHolder@ATL@@QEAA@XZ 000000018001dc50 f i mfcs120ud:nolib.obj
 0001:0001cc90       ??_Estringdispid@CComTypeInfoHolder@ATL@@QEAAPEAXI@Z 000000018001dc90 f i mfcs120ud:nolib.obj
 0001:0001cd30       IsolationAwareActivateActCtx 000000018001dd30 f i mfcs120ud:nolib.obj
 0001:0001cd70       IsolationAwareCreateActCtxW 000000018001dd70 f i mfcs120ud:nolib.obj
 0001:0001cda0       IsolationAwareDeactivateActCtx 000000018001dda0 f i mfcs120ud:nolib.obj
 0001:0001cde0       IsolationAwareFindActCtxSectionStringW 000000018001dde0 f i mfcs120ud:nolib.obj
 0001:0001ce40       IsolationAwarePrivatenPgViNgRzlnPgpgk 000000018001de40 f i mfcs120ud:nolib.obj
 0001:0001cec0       IsolationAwareQueryActCtxW 000000018001dec0 f i mfcs120ud:nolib.obj
 0001:0001cf30       IsolationAwareUnregisterClassW 000000018001df30 f i mfcs120ud:nolib.obj
 0001:0001d020       WinbaseIsolationAwarePrivatetRgzlnPgpgk 000000018001e020 f i mfcs120ud:nolib.obj
 0001:0001d2b0       ?AfxSocketInit@@YAHPEAUWSAData@@@Z 000000018001e2b0 f   mfcs120ud:sockexp.obj
 0001:0001d2ec       wcscpy_s                   000000018001e2ec f   msvcrtd:MSVCR120D.dll
 0001:0001d2f2       _CrtDbgReportW             000000018001e2f2 f   msvcrtd:MSVCR120D.dll
 0001:0001d300       _RTC_AllocaHelper          000000018001e300 f   msvcrtd:stack.obj
 0001:0001d340       _RTC_CheckStackVars        000000018001e340 f   msvcrtd:stack.obj
 0001:0001d3d0       _RTC_CheckStackVars2       000000018001e3d0 f   msvcrtd:stack.obj
 0001:0001d4e0       _RTC_InitBase              000000018001e4e0 f   msvcrtd:init.obj
 0001:0001d520       _RTC_Shutdown              000000018001e520 f   msvcrtd:init.obj
 0001:0001d544       __CxxFrameHandler3         000000018001e544 f   msvcrtd:MSVCR120D.dll
 0001:0001d54a       _purecall                  000000018001e54a f   msvcrtd:MSVCR120D.dll
 0001:0001d550       __atonexitinit             000000018001e550 f   msvcrtd:atonexit.obj
 0001:0001d640       _onexit                    000000018001e640 f   msvcrtd:atonexit.obj
 0001:0001d710       atexit                     000000018001e710 f   msvcrtd:atonexit.obj
[...]
 0005:00000270       __imp_??0_Container_base12@std@@QEAA@XZ 0000000180048270     msvcprtd:MSVCP120D.dll
 0005:00000278       __imp_??1_Container_base12@std@@QEAA@XZ 0000000180048278     msvcprtd:MSVCP120D.dll
 0005:00000280       __imp_?_Orphan_all@_Container_base12@std@@QEAAXXZ 0000000180048280     msvcprtd:MSVCP120D.dll
 0005:00000288       __imp_?_Xbad_alloc@std@@YAXXZ 0000000180048288     msvcprtd:MSVCP120D.dll
 0005:00000290       __imp_?_Xlength_error@std@@YAXPEBD@Z 0000000180048290     msvcprtd:MSVCP120D.dll
 0005:00000298       __imp_?_Xout_of_range@std@@YAXPEBD@Z 0000000180048298     msvcprtd:MSVCP120D.dll
 0005:000002a0       __imp_??0id@locale@std@@QEAA@_K@Z 00000001800482a0     msvcprtd:MSVCP120D.dll
 0005:000002a8       __imp_?_Syserror_map@std@@YAPEBDH@Z 00000001800482a8     msvcprtd:MSVCP120D.dll
 0005:000002b0       __imp_?_Winerror_map@std@@YAPEBDH@Z 00000001800482b0     msvcprtd:MSVCP120D.dll
 0005:000002b8       __imp_??0_Lockit@std@@QEAA@H@Z 00000001800482b8     msvcprtd:MSVCP120D.dll
 0005:000002c0       __imp_??1_Lockit@std@@QEAA@XZ 00000001800482c0     msvcprtd:MSVCP120D.dll
 0005:000002c8       __imp_?_Getpfirst@_Container_base12@std@@QEBAPEAPEAU_Iterator_base12@2@XZ 00000001800482c8     msvcprtd:MSVCP120D.dll
 0005:000002d0       __imp_?_Swap_all@_Container_base12@std@@QEAAXAEAU12@@Z 00000001800482d0     msvcprtd:MSVCP120D.dll
 0005:000002d8       __imp_??Bios_base@std@@QEBA_NXZ 00000001800482d8     msvcprtd:MSVCP120D.dll
 0005:000002e0       __imp_??0?$basic_streambuf@DU?$char_traits@D@std@@@std@@IEAA@XZ 00000001800482e0     msvcprtd:MSVCP120D.dll
 0005:000002e8       __imp_??1?$basic_streambuf@DU?$char_traits@D@std@@@std@@UEAA@XZ 00000001800482e8     msvcprtd:MSVCP120D.dll
 0005:000002f0       __imp_?sbumpc@?$basic_streambuf@DU?$char_traits@D@std@@@std@@QEAAHXZ 00000001800482f0     msvcprtd:MSVCP120D.dll
 0005:000002f8       __imp_?sgetc@?$basic_streambuf@DU?$char_traits@D@std@@@std@@QEAAHXZ 00000001800482f8     msvcprtd:MSVCP120D.dll
 0005:00000300       __imp_?snextc@?$basic_streambuf@DU?$char_traits@D@std@@@std@@QEAAHXZ 0000000180048300     msvcprtd:MSVCP120D.dll
 0005:00000308       __imp_?eback@?$basic_streambuf@DU?$char_traits@D@std@@@std@@IEBAPEADXZ 0000000180048308     msvcprtd:MSVCP120D.dll
 0005:00000310       __imp_?gptr@?$basic_streambuf@DU?$char_traits@D@std@@@std@@IEBAPEADXZ 0000000180048310     msvcprtd:MSVCP120D.dll
 0005:00000318       __imp_?pbase@?$basic_streambuf@DU?$char_traits@D@std@@@std@@IEBAPEADXZ 0000000180048318     msvcprtd:MSVCP120D.dll
 0005:00000320       __imp_?pptr@?$basic_streambuf@DU?$char_traits@D@std@@@std@@IEBAPEADXZ 0000000180048320     msvcprtd:MSVCP120D.dll
 0005:00000328       __imp_?egptr@?$basic_streambuf@DU?$char_traits@D@std@@@std@@IEBAPEADXZ 0000000180048328     msvcprtd:MSVCP120D.dll
 0005:00000330       __imp_?gbump@?$basic_streambuf@DU?$char_traits@D@std@@@std@@IEAAXH@Z 0000000180048330     msvcprtd:MSVCP120D.dll
 0005:00000338       __imp_?setg@?$basic_streambuf@DU?$char_traits@D@std@@@std@@IEAAXPEAD00@Z 0000000180048338     msvcprtd:MSVCP120D.dll
 0005:00000340       __imp_?epptr@?$basic_streambuf@DU?$char_traits@D@std@@@std@@IEBAPEADXZ 0000000180048340     msvcprtd:MSVCP120D.dll
 0005:00000348       __imp_?pbump@?$basic_streambuf@DU?$char_traits@D@std@@@std@@IEAAXH@Z 0000000180048348     msvcprtd:MSVCP120D.dll
 0005:00000350       __imp_?setp@?$basic_streambuf@DU?$char_traits@D@std@@@std@@IEAAXPEAD0@Z 0000000180048350     msvcprtd:MSVCP120D.dll
 0005:00000358       __imp_?setp@?$basic_streambuf@DU?$char_traits@D@std@@@std@@IEAAXPEAD00@Z 0000000180048358     msvcprtd:MSVCP120D.dll
 0005:00000360       __imp_?_Pninc@?$basic_streambuf@DU?$char_traits@D@std@@@std@@IEAAPEADXZ 0000000180048360     msvcprtd:MSVCP120D.dll
 0005:00000368       __imp_??1?$basic_ios@DU?$char_traits@D@std@@@std@@UEAA@XZ 0000000180048368     msvcprtd:MSVCP120D.dll
 0005:00000370       __imp_?setstate@?$basic_ios@DU?$char_traits@D@std@@@std@@QEAAXH_N@Z 0000000180048370     msvcprtd:MSVCP120D.dll
 0005:00000378       __imp_?_Debug_message@std@@YAXPEB_W0I@Z 0000000180048378     msvcprtd:MSVCP120D.dll
 0005:00000380       \177MSVCP120D_NULL_THUNK_DATA 0000000180048380     msvcprtd:MSVCP120D.dll
 0005:00000420       __imp__initterm            0000000180048420     msvcrtd:MSVCR120D.dll
 0005:00000428       __imp__initterm_e          0000000180048428     msvcrtd:MSVCR120D.dll
 0005:00000430       __imp_?terminate@@YAXXZ    0000000180048430     msvcrtd:MSVCR120D.dll
 0005:00000438       __imp___crt_debugger_hook  0000000180048438     msvcrtd:MSVCR120D.dll
 0005:00000440       __imp___crtUnhandledException 0000000180048440     msvcrtd:MSVCR120D.dll
 0005:00000448       __imp___crtTerminateProcess 0000000180048448     msvcrtd:MSVCR120D.dll
 0005:00000450       __imp___crtCaptureCurrentContext 0000000180048450     msvcrtd:MSVCR120D.dll
 0005:00000458       __imp___crtCapturePreviousContext 0000000180048458     msvcrtd:MSVCR120D.dll
 0005:00000460       __imp_?_type_info_dtor_internal_method@type_info@@QEAAXXZ 0000000180048460     msvcrtd:MSVCR120D.dll
 0005:00000468       __imp___clean_type_info_names_internal 0000000180048468     msvcrtd:MSVCR120D.dll
 0005:00000470       __imp__wmakepath_s         0000000180048470     msvcrtd:MSVCR120D.dll
 0005:00000478       __imp__wsplitpath_s        0000000180048478     msvcrtd:MSVCR120D.dll
 0005:00000480       __imp__free_dbg            0000000180048480     msvcrtd:MSVCR120D.dll
 0005:00000488       __imp__malloc_dbg          0000000180048488     msvcrtd:MSVCR120D.dll
 0005:00000490       __imp__amsg_exit           0000000180048490     msvcrtd:MSVCR120D.dll
 0005:00000498       __imp___CppXcptFilter      0000000180048498     msvcrtd:MSVCR120D.dll
 0005:000004a0       __imp__onexit              00000001800484a0     msvcrtd:MSVCR120D.dll
 0005:000004a8       __imp___dllonexit          00000001800484a8     msvcrtd:MSVCR120D.dll
 0005:000004b0       __imp__calloc_dbg          00000001800484b0     msvcrtd:MSVCR120D.dll
 0005:000004b8       __imp__unlock              00000001800484b8     msvcrtd:MSVCR120D.dll
 0005:000004c0       __imp__lock                00000001800484c0     msvcrtd:MSVCR120D.dll
 0005:000004c8       __imp__CRT_RTC_INITW       00000001800484c8     msvcrtd:MSVCR120D.dll
 0005:000004d0       __imp___C_specific_handler 00000001800484d0     msvcrtd:MSVCR120D.dll
 0005:000004d8       __imp_memmove_s            00000001800484d8     msvcrtd:MSVCR120D.dll
 0005:000004e0       __imp__time64              00000001800484e0     msvcrtd:MSVCR120D.dll
 0005:000004e8       __imp_strerror             00000001800484e8     msvcrtd:MSVCR120D.dll
 0005:000004f0       __imp__invalid_parameter   00000001800484f0     msvcrtd:MSVCR120D.dll
 0005:000004f8       __imp_memcpy_s             00000001800484f8     msvcrtd:MSVCR120D.dll
 0005:00000500       __imp__hypot               0000000180048500     msvcrtd:MSVCR120D.dll
 0005:00000508       __imp_malloc               0000000180048508     msvcrtd:MSVCR120D.dll
 0005:00000510       __imp_free                 0000000180048510     msvcrtd:MSVCR120D.dll
 0005:00000518       __imp__vscwprintf          0000000180048518     msvcrtd:MSVCR120D.dll
 0005:00000520       __imp__vsnwprintf_s        0000000180048520     msvcrtd:MSVCR120D.dll
 0005:00000528       __imp_swprintf_s           0000000180048528     msvcrtd:MSVCR120D.dll
 0005:00000530       __imp_wcslen               0000000180048530     msvcrtd:MSVCR120D.dll
 0005:00000538       __imp__recalloc            0000000180048538     msvcrtd:MSVCR120D.dll
 0005:00000540       __imp_memset               0000000180048540     msvcrtd:MSVCR120D.dll
 0005:00000548       __imp__CxxThrowException   0000000180048548     msvcrtd:MSVCR120D.dll
 0005:00000550       __imp_memmove              0000000180048550     msvcrtd:MSVCR120D.dll
 0005:00000558       __imp_strlen               0000000180048558     msvcrtd:MSVCR120D.dll
 0005:00000560       __imp_strcpy               0000000180048560     msvcrtd:MSVCR120D.dll
 0005:00000568       __imp_memcpy               0000000180048568     msvcrtd:MSVCR120D.dll
 0005:00000570       __imp__purecall            0000000180048570     msvcrtd:MSVCR120D.dll
 0005:00000578       __imp___CxxFrameHandler3   0000000180048578     msvcrtd:MSVCR120D.dll
 0005:00000580       __imp__CrtDbgReportW       0000000180048580     msvcrtd:MSVCR120D.dll
 0005:00000588       __imp_wcscpy_s             0000000180048588     msvcrtd:MSVCR120D.dll
 0005:00000590       __imp__CrtSetCheckCount    0000000180048590     msvcrtd:MSVCR120D.dll
 0005:00000598       \177MSVCR120D_NULL_THUNK_DATA 0000000180048598     msvcrtd:MSVCR120D.dll
 0005:00000638       __imp_SysFreeString        0000000180048638     oleaut32:OLEAUT32.dll
 0005:00000640       \177OLEAUT32_NULL_THUNK_DATA 0000000180048640     oleaut32:OLEAUT32.dll
 0005:00000698       __imp_UnregisterClassW     0000000180048698     user32:USER32.dll
 0005:000006a0       \177USER32_NULL_THUNK_DATA 00000001800486a0     user32:USER32.dll
 0005:000006f8       __imp_WSAStartup           00000001800486f8     ws2_32:WS2_32.dll
 0005:00000700       __imp_setsockopt           0000000180048700     ws2_32:WS2_32.dll
 0005:00000708       __imp_socket               0000000180048708     ws2_32:WS2_32.dll
 0005:00000710       __imp_gethostbyname        0000000180048710     ws2_32:WS2_32.dll
 0005:00000718       __imp_shutdown             0000000180048718     ws2_32:WS2_32.dll
 0005:00000720       __imp_WSAGetLastError      0000000180048720     ws2_32:WS2_32.dll
 0005:00000728       __imp_connect              0000000180048728     ws2_32:WS2_32.dll
 0005:00000730       __imp_closesocket          0000000180048730     ws2_32:WS2_32.dll
 0005:00000738       __imp_ioctlsocket          0000000180048738     ws2_32:WS2_32.dll
 0005:00000740       __imp_htons                0000000180048740     ws2_32:WS2_32.dll
 0005:00000748       __imp_recv                 0000000180048748     ws2_32:WS2_32.dll
 0005:00000750       __imp_send                 0000000180048750     ws2_32:WS2_32.dll
 0005:00000758       \177WS2_32_NULL_THUNK_DATA 0000000180048758     ws2_32:WS2_32.dll
 0005:000007c0       __imp_?AfxThrowInvalidArgException@@YAXXZ 00000001800487c0     mfc120ud:mfc120ud.dll
 0005:000007c8       __imp_?GetBuffer@?$CSimpleStringT@_W$00@ATL@@QEAAPEA_WXZ 00000001800487c8     mfc120ud:mfc120ud.dll
 0005:000007d0       __imp_?GetLength@?$CSimpleStringT@_W$00@ATL@@QEBAHXZ 00000001800487d0     mfc120ud:mfc120ud.dll
 0005:000007d8       __imp_?ReleaseBuffer@?$CSimpleStringT@_W$00@ATL@@QEAAXH@Z 00000001800487d8     mfc120ud:mfc120ud.dll
 0005:000007e0       __imp_?SetString@?$CSimpleStringT@_W$00@ATL@@QEAAXPEB_WH@Z 00000001800487e0     mfc120ud:mfc120ud.dll
 0005:000007e8       __imp_??0?$CStringT@_WV?$StrTraitMFC_DLL@_WV?$ChTraitsCRT@_W@ATL@@@@@ATL@@QEAA@XZ 00000001800487e8     mfc120ud:mfc120ud.dll
 0005:000007f0       __imp_?AfxAssertFailedLine@@YAHPEBDH@Z 00000001800487f0     mfc120ud:mfc120ud.dll
 0005:000007f8       __imp_??0?$CStringT@_WV?$StrTraitMFC_DLL@_WV?$ChTraitsCRT@_W@ATL@@@@@ATL@@QEAA@AEBV01@@Z 00000001800487f8     mfc120ud:mfc120ud.dll
 0005:00000800       __imp_??1?$CStringT@_WV?$StrTraitMFC_DLL@_WV?$ChTraitsCRT@_W@ATL@@@@@ATL@@QEAA@XZ 0000000180048800     mfc120ud:mfc120ud.dll
 0005:00000808       __imp_??2@YAPEAX_K@Z       0000000180048808     mfc120ud:mfc120ud.dll
 0005:00000810       __imp_?GetAt@?$CSimpleStringT@_W$00@ATL@@QEBA_WH@Z 0000000180048810     mfc120ud:mfc120ud.dll
 0005:00000818       __imp_??0?$CStringT@_WV?$StrTraitMFC_DLL@_WV?$ChTraitsCRT@_W@ATL@@@@@ATL@@QEAA@PEBD@Z 0000000180048818     mfc120ud:mfc120ud.dll
 0005:00000820       __imp_?Format@?$CStringT@_WV?$StrTraitMFC_DLL@_WV?$ChTraitsCRT@_W@ATL@@@@@ATL@@QEAAXPEB_WZZ 0000000180048820     mfc120ud:mfc120ud.dll
 0005:00000828       __imp_??2CObject@@SAPEAX_KPEBDH@Z 0000000180048828     mfc120ud:mfc120ud.dll
 0005:00000830       __imp_?AfxGetModuleState@@YAPEAVAFX_MODULE_STATE@@XZ 0000000180048830     mfc120ud:mfc120ud.dll
 0005:00000838       __imp_??0CDynLinkLibrary@@QEAA@AEAUAFX_EXTENSION_MODULE@@H@Z 0000000180048838     mfc120ud:mfc120ud.dll
 0005:00000840       __imp_?AfxInitExtensionModule@@YAHAEAUAFX_EXTENSION_MODULE@@PEAUHINSTANCE__@@@Z 0000000180048840     mfc120ud:mfc120ud.dll
 0005:00000848       __imp_?AfxTermExtensionModule@@YAXAEAUAFX_EXTENSION_MODULE@@H@Z 0000000180048848     mfc120ud:mfc120ud.dll
 0005:00000850       __imp_?AfxThrowMemoryException@@YAXXZ 0000000180048850     mfc120ud:mfc120ud.dll
 0005:00000858       __imp_?GetRuntimeClass@CObject@@UEBAPEAUCRuntimeClass@@XZ 0000000180048858     mfc120ud:mfc120ud.dll
 0005:00000860       __imp_??1CObject@@UEAA@XZ  0000000180048860     mfc120ud:mfc120ud.dll
 0005:00000868       __imp_??3CObject@@SAXPEAX@Z 0000000180048868     mfc120ud:mfc120ud.dll
 0005:00000870       __imp_??0CObject@@IEAA@XZ  0000000180048870     mfc120ud:mfc120ud.dll
 0005:00000878       __imp_?Serialize@CObject@@UEAAXAEAVCArchive@@@Z 0000000180048878     mfc120ud:mfc120ud.dll
 0005:00000880       __imp_?AssertValid@CObject@@UEBAXXZ 0000000180048880     mfc120ud:mfc120ud.dll
 0005:00000888       __imp_?Dump@CObject@@UEBAXAEAVCDumpContext@@@Z 0000000180048888     mfc120ud:mfc120ud.dll
 0005:00000890       __imp_?AfxIsValidAddress@@YAHPEBX_KH@Z 0000000180048890     mfc120ud:mfc120ud.dll
 0005:00000898       __imp_??_U@YAPEAX_KPEBDH@Z 0000000180048898     mfc120ud:mfc120ud.dll
 0005:000008a0       __imp_?IsStoring@CArchive@@QEBAHXZ 00000001800488a0     mfc120ud:mfc120ud.dll
 0005:000008a8       __imp_?EnsureRead@CArchive@@QEAAXPEAXI@Z 00000001800488a8     mfc120ud:mfc120ud.dll
 0005:000008b0       __imp_?Write@CArchive@@QEAAXPEBXI@Z 00000001800488b0     mfc120ud:mfc120ud.dll
 0005:000008b8       __imp_?ReadCount@CArchive@@QEAA_KXZ 00000001800488b8     mfc120ud:mfc120ud.dll
 0005:000008c0       __imp_?WriteCount@CArchive@@QEAAX_K@Z 00000001800488c0     mfc120ud:mfc120ud.dll
 0005:000008c8       __imp_?GetDepth@CDumpContext@@QEBAHXZ 00000001800488c8     mfc120ud:mfc120ud.dll
 0005:000008d0       __imp_??6CDumpContext@@QEAAAEAV0@PEBD@Z 00000001800488d0     mfc120ud:mfc120ud.dll
 0005:000008d8       __imp_??6CDumpContext@@QEAAAEAV0@_J@Z 00000001800488d8     mfc120ud:mfc120ud.dll
 0005:000008e0       __imp_?GetRuntimeClass@CException@@UEBAPEAUCRuntimeClass@@XZ 00000001800488e0     mfc120ud:mfc120ud.dll
 0005:000008e8       __imp_??0CException@@QEAA@XZ 00000001800488e8     mfc120ud:mfc120ud.dll
 0005:000008f0       __imp_?GetErrorMessage@CException@@UEBAHPEA_WIPEAI@Z 00000001800488f0     mfc120ud:mfc120ud.dll
 0005:000008f8       __imp_?GetErrorMessage@CException@@UEAAHPEA_WIPEAI@Z 00000001800488f8     mfc120ud:mfc120ud.dll
 0005:00000900       __imp_?ReportError@CException@@UEAAHII@Z 0000000180048900     mfc120ud:mfc120ud.dll
 0005:00000908       __imp_?ResetEvent@CEvent@@QEAAHXZ 0000000180048908     mfc120ud:mfc120ud.dll
 0005:00000910       __imp_?SetEvent@CEvent@@QEAAHXZ 0000000180048910     mfc120ud:mfc120ud.dll
 0005:00000918       __imp_??0CEvent@@QEAA@HHPEB_WPEAU_SECURITY_ATTRIBUTES@@@Z 0000000180048918     mfc120ud:mfc120ud.dll
 0005:00000920       __imp_??1CMutex@@UEAA@XZ   0000000180048920     mfc120ud:mfc120ud.dll
 0005:00000928       __imp_??0CMutex@@QEAA@HPEB_WPEAU_SECURITY_ATTRIBUTES@@@Z 0000000180048928     mfc120ud:mfc120ud.dll
 0005:00000930       __imp_?AfxMessageBox@@YAHPEB_WII@Z 0000000180048930     mfc120ud:mfc120ud.dll
 0005:00000938       __imp_?FreeDataChain@CPlex@@QEAAXXZ 0000000180048938     mfc120ud:mfc120ud.dll
 0005:00000940       __imp_?Create@CPlex@@SAPEAU1@AEAPEAU1@_K1@Z 0000000180048940     mfc120ud:mfc120ud.dll
 0005:00000948       __imp_?Trim@?$CStringT@_WV?$StrTraitMFC_DLL@_WV?$ChTraitsCRT@_W@ATL@@@@@ATL@@QEAAAEAV12@XZ 0000000180048948     mfc120ud:mfc120ud.dll
 0005:00000950       __imp_??4?$CStringT@_WV?$StrTraitMFC_DLL@_WV?$ChTraitsCRT@_W@ATL@@@@@ATL@@QEAAAEAV01@PEB_W@Z 0000000180048950     mfc120ud:mfc120ud.dll
 0005:00000958       __imp_??4?$CStringT@_WV?$StrTraitMFC_DLL@_WV?$ChTraitsCRT@_W@ATL@@@@@ATL@@QEAAAEAV01@AEBV01@@Z 0000000180048958     mfc120ud:mfc120ud.dll
 0005:00000960       __imp_?Delete@CException@@QEAAXXZ 0000000180048960     mfc120ud:mfc120ud.dll
 0005:00000968       __imp_??2CObject@@SAPEAX_K@Z 0000000180048968     mfc120ud:mfc120ud.dll
 0005:00000970       __imp_??3CException@@SAXPEAX@Z 0000000180048970     mfc120ud:mfc120ud.dll
 0005:00000978       __imp_?AfxAssertValidObject@@YAXPEBVCObject@@PEBDH@Z 0000000180048978     mfc120ud:mfc120ud.dll
 0005:00000980       __imp_?_AfxSocketInit@@YAHPEAUWSAData@@@Z 0000000180048980     mfc120ud:mfc120ud.dll
 0005:00000988       __imp_??1CException@@UEAA@XZ 0000000180048988     mfc120ud:mfc120ud.dll
 0005:00000990       __imp_??_V@YAXPEAX@Z       0000000180048990     mfc120ud:mfc120ud.dll
 0005:00000998       __imp_??_U@YAPEAX_K@Z      0000000180048998     mfc120ud:mfc120ud.dll
 0005:000009a0       __imp_??3@YAXPEAX@Z        00000001800489a0     mfc120ud:mfc120ud.dll
 0005:000009a8       \177mfc120ud_NULL_THUNK_DATA 00000001800489a8     mfc120ud:mfc120ud.dll
 0005:00000a60       __IMPORT_DESCRIPTOR_mfc120ud 0000000180048a60     mfc120ud:mfc120ud.dll
 0005:00000a74       __IMPORT_DESCRIPTOR_MSVCR120D 0000000180048a74     msvcrtd:MSVCR120D.dll
 0005:00000a88       __IMPORT_DESCRIPTOR_KERNEL32 0000000180048a88     kernel32:KERNEL32.dll
 0005:00000a9c       __IMPORT_DESCRIPTOR_USER32 0000000180048a9c     user32:USER32.dll
 0005:00000ab0       __IMPORT_DESCRIPTOR_OLEAUT32 0000000180048ab0     oleaut32:OLEAUT32.dll
 0005:00000ac4       __IMPORT_DESCRIPTOR_WS2_32 0000000180048ac4     ws2_32:WS2_32.dll
 0005:00000ad8       __IMPORT_DESCRIPTOR_MSVCP120D 0000000180048ad8     msvcprtd:MSVCP120D.dll
 0005:00000aec       __NULL_IMPORT_DESCRIPTOR   0000000180048aec     mfc120ud:mfc120ud.dll

 Exports

  ordinal    name

        1    cmon_create_robot
        2    cmon_delete_robot
        3    cmon_execute_command
        4    cmon_execute_instruction
        5    cmon_get_cur_position
        6    cmon_get_cur_torque
        7    cmon_get_cur_velocity
        8    cmon_get_din
        9    cmon_get_dout
       10    cmon_get_error_code
       11    cmon_get_error_status
       12    cmon_get_hold_done_status
       13    cmon_get_hold_status
       14    cmon_get_inching_status
       15    cmon_get_joint_position
       16    cmon_get_lock_status
       17    cmon_get_log_cur_position
       18    cmon_get_log_cur_torque
       19    cmon_get_log_cur_velocity
       20    cmon_get_maintask_cur_cycle
       21    cmon_get_maintask_cur_step
       22    cmon_get_maintask_cycle
       23    cmon_get_maintask_move_step
       24    cmon_get_maintask_name
       25    cmon_get_motor_on_status
       26    cmon_get_moving_status
       27    cmon_get_number_data
       28    cmon_get_program_list
       29    cmon_get_program_steps
       30    cmon_get_robot_address
       31    cmon_get_robot_connection_status
       32    cmon_get_slog
       33    cmon_get_slog_size
       34    cmon_get_string_data
       35    cmon_get_subtask_cur_cycle
       36    cmon_get_subtask_cur_step
       37    cmon_get_subtask_cycle
       38    cmon_get_subtask_name
       39    cmon_get_tcr_mode
       40    cmon_get_teach_coordinate
       41    cmon_get_teach_speed
       42    cmon_get_tp_enable_status
       43    cmon_get_trans_position
       44    cmon_reset_error
       45    cmon_set_inching_on
       46    cmon_set_jog_off
       47    cmon_set_jog_on
       48    cmon_set_lock
       49    cmon_set_log_start
       50    cmon_set_motor_on
       51    cmon_set_number_data
       52    cmon_set_program_steps
       53    cmon_set_teach_coordinate
       54    cmon_set_teach_mode
       55    cmon_set_teach_speed
       56    cmon_set_tp_enable
       57    cmon_set_unlock
       58    cmon_start_remote_control
       59    cmon_stop_remote_control
