 coremon

 Timestamp is 5ebc96d9 (Thu May 14 09:54:49 2020)

 Preferred load address is 10000000

 Start         Length     Name                   Class
 0001:00000000 000108a3H .textbss                DATA
 0002:00000000 000054cdH .text$di                CODE
 0002:000054d0 0001e4b7H .text$mn                CODE
 0002:00023990 00001ec5H .text$x                 CODE
 0002:00025860 00001687H .text$yd                CODE
 0003:00000000 00000104H .CRT$XCA                DATA
 0003:00000104 00000104H .CRT$XCL                DATA
 0003:00000208 000001c6H .CRT$XCU                DATA
 0003:000003d0 00000104H .CRT$XCZ                DATA
 0003:000004d4 00000104H .CRT$XIA                DATA
 0003:000005d8 00000104H .CRT$XIAA               DATA
 0003:000006dc 00000104H .CRT$XIC                DATA
 0003:000007e0 00000104H .CRT$XIZ                DATA
 0003:000008f0 00003358H .rdata                  DATA
 0003:00003c48 0000018bH .rdata$debug            DATA
 0003:00003dd4 00000a32H .rdata$r                DATA
 0003:00004808 00000104H .rtc$IAA                DATA
 0003:0000490c 00000139H .rtc$IMZ                DATA
 0003:00004a48 00000104H .rtc$IZZ                DATA
 0003:00004b4c 00000104H .rtc$TAA                DATA
 0003:00004c50 00000139H .rtc$TMZ                DATA
 0003:00004d8c 00000104H .rtc$TZZ                DATA
 0003:00004e90 00001103H .xdata$x                DATA
 0003:00005f94 00000104H ATL$__a                 DATA
 0003:00006098 00000104H ATL$__z                 DATA
 0003:000061a0 00000a3aH .edata                  DATA
 0004:00000000 00000156H .data                   DATA
 0004:00000158 0000066bH .data$r                 DATA
 0004:000007c8 00002f9cH .bss                    DATA
 0005:00000000 00000514H .idata$5                DATA
 0005:00000514 0000008cH .idata$2                DATA
 0005:000005a0 00000014H .idata$3                DATA
 0005:000005b4 00000514H .idata$4                DATA
 0005:00000ac8 00001380H .idata$6                DATA
 0006:00000000 000001c0H .rsrc$01                DATA
 0006:000001c0 00000769H .rsrc$02                DATA

  Address         Publics by Value              Rva+Base       Lib:Object

 0000:00000000       ___safe_se_handler_count   00000000     <absolute>
 0000:00000000       ___guard_fids_table        00000000     <absolute>
 0000:00000000       ___guard_fids_count        00000000     <absolute>
 0000:00000000       __except_list              00000000     <absolute>
 0000:00000000       ___safe_se_handler_table   00000000     <absolute>
 0000:00000000       ___guard_flags             00000000     <absolute>
 0000:00009876       __ldused                   00009876     <absolute>
 0000:00009876       __fltused                  00009876     <absolute>
 0000:00000000       ___ImageBase               10000000     <linker-defined>
 0001:00000000       __enc$textbss$begin        10001000     <linker-defined>
 0001:000108a3       __enc$textbss$end          100118a3     <linker-defined>
 0002:000054d0       ??0?$CTraceCategoryEx@$0CAAA@$0A@@ATL@@QAE@PB_W@Z 100174d0 f i BitConverter.obj
 0002:00005530       ??0BitConverter@@QAE@XZ    10017530 f   BitConverter.obj
 0002:00005570       ??1BitConverter@@QAE@XZ    10017570 f   BitConverter.obj
 0002:000055b0       ??A?$CArray@EABE@@QAEAAEH@Z 100175b0 f i BitConverter.obj
 0002:00005610       ?ElementAt@?$CArray@EABE@@QAEAAEH@Z 10017610 f i BitConverter.obj
 0002:000056b0       ?GetData@?$CArray@EABE@@QAEPAEXZ 100176b0 f i BitConverter.obj
 0002:000056f0       ?RegisterCategory@CTrace@ATL@@SAXPB_WI@Z 100176f0 f i BitConverter.obj
 0002:000057f0       ?ToInt16@BitConverter@@SAFAAV?$CArray@EABE@@H@Z 100177f0 f   BitConverter.obj
 0002:000058c0       ?ToInt32@BitConverter@@SAHAAV?$CArray@EABE@@H@Z 100178c0 f   BitConverter.obj
 0002:00005990       ?ToInt8@BitConverter@@SAHAAV?$CArray@EABE@@H@Z 10017990 f   BitConverter.obj
 0002:00005a60       ?ToSingle@BitConverter@@SAMAAV?$CArray@EABE@@H@Z 10017a60 f   BitConverter.obj
 0002:00005b40       ?ToStringFromUTF8@BitConverter@@SA?AV?$CStringT@_WV?$StrTraitMFC_DLL@_WV?$ChTraitsCRT@_W@ATL@@@@@ATL@@AAV?$CArray@EABE@@HH@Z 10017b40 f   BitConverter.obj
 0002:00005d30       ?ToUInt16@BitConverter@@SAGAAV?$CArray@EABE@@H@Z 10017d30 f   BitConverter.obj
 0002:00005e00       ?ToUInt32@BitConverter@@SAIAAV?$CArray@EABE@@H@Z 10017e00 f   BitConverter.obj
 0002:00005ed0       ?convertUTF8@BitConverter@@SAHAAV?$CStringT@_WV?$StrTraitMFC_DLL@_WV?$ChTraitsCRT@_W@ATL@@@@@ATL@@PADH@Z 10017ed0 f   BitConverter.obj
 0002:00006010       ??$_Allocate@D@std@@YAPADIPAD@Z 10018010 f i coremon.obj
 0002:000060a0       ??$_Allocate@U_Container_proxy@std@@@std@@YAPAU_Container_proxy@0@IPAU10@@Z 100180a0 f i coremon.obj
 0002:00006140       ??$_Debug_pointer@D@std@@YAXPBDPB_WI@Z 10018140 f i coremon.obj
 0002:000061b0       ??$addressof@D@std@@YAPADAAD@Z 100181b0 f i coremon.obj
 0002:000061f0       ??$construct@PADAAPAD@?$_Wrap_alloc@V?$allocator@D@std@@@std@@QAEXPAPADAAPAD@Z 100181f0 f i coremon.obj
 0002:00006260       ??$construct@PADAAPAD@?$allocator@D@std@@QAEXPAPADAAPAD@Z 10018260 f i coremon.obj
 0002:00006360       ??$construct@PADAAPAD@?$allocator_traits@V?$allocator@D@std@@@std@@SAXAAV?$allocator@D@1@PAPADAAPAD@Z 10018360 f i coremon.obj
 0002:000063c0       ??$construct@U_Container_proxy@std@@U12@@?$allocator@U_Container_proxy@std@@@std@@QAEXPAU_Container_proxy@1@$$QAU21@@Z 100183c0 f i coremon.obj
 0002:000064d0       ??$destroy@PAD@?$_Wrap_alloc@V?$allocator@D@std@@@std@@QAEXPAPAD@Z 100184d0 f i coremon.obj
 0002:00006530       ??$destroy@PAD@?$allocator@D@std@@QAEXPAPAD@Z 10018530 f i coremon.obj
 0002:00006570       ??$destroy@PAD@?$allocator_traits@V?$allocator@D@std@@@std@@SAXAAV?$allocator@D@1@PAPAD@Z 10018570 f i coremon.obj
 0002:000065c0       ??$destroy@U_Container_proxy@std@@@?$allocator@U_Container_proxy@std@@@std@@QAEXPAU_Container_proxy@1@@Z 100185c0 f i coremon.obj
 0002:00006600       ??$forward@AAPAD@std@@YAAAPADAAPAD@Z 10018600 f i coremon.obj
 0002:00006640       ??$forward@U_Container_proxy@std@@@std@@YA$$QAU_Container_proxy@0@AAU10@@Z 10018640 f i coremon.obj
 0002:00006680       ??0?$CTraceCategoryEx@$0CAAAA@$0A@@ATL@@QAE@PB_W@Z 10018680 f i coremon.obj
 0002:000066e0       ??0?$_String_alloc@$0A@U?$_String_base_types@DV?$allocator@D@std@@@std@@@std@@QAE@ABV?$allocator@D@1@@Z 100186e0 f i coremon.obj
 0002:00006790       ??0?$_String_val@U?$_Simple_types@D@std@@@std@@QAE@XZ 10018790 f i coremon.obj
 0002:00006810       ??0?$_Wrap_alloc@V?$allocator@D@std@@@std@@QAE@XZ 10018810 f i coremon.obj
 0002:00006870       ??0?$allocator@D@std@@QAE@XZ 10018870 f i coremon.obj
 0002:000068b0       ??0?$allocator@U_Container_proxy@std@@@std@@QAE@XZ 100188b0 f i coremon.obj
 0002:000068f0       ??0?$basic_string@DU?$char_traits@D@std@@V?$allocator@D@2@@std@@QAE@PBD@Z 100188f0 f i coremon.obj
 0002:000069c0       ??0_Container_proxy@std@@QAE@XZ 100189c0 f i coremon.obj
 0002:00006a10       ??0_Generic_error_category@std@@QAE@XZ 10018a10 f i coremon.obj
 0002:00006a70       ??0_Iostream_error_category@std@@QAE@XZ 10018a70 f i coremon.obj
 0002:00006ad0       ??0_System_error_category@std@@QAE@XZ 10018ad0 f i coremon.obj
 0002:00006b30       ??0error_category@std@@QAE@XZ 10018b30 f i coremon.obj
 0002:00006b80       ??0error_condition@std@@QAE@HABVerror_category@1@@Z 10018b80 f i coremon.obj
 0002:00006bd0       ??1?$_String_alloc@$0A@U?$_String_base_types@DV?$allocator@D@std@@@std@@@std@@QAE@XZ 10018bd0 f i coremon.obj
 0002:00006c30       ??1?$_String_val@U?$_Simple_types@D@std@@@std@@QAE@XZ 10018c30 f i coremon.obj
 0002:00006c90       ??1_Generic_error_category@std@@UAE@XZ 10018c90 f i coremon.obj
 0002:00006ce0       ??1_Iostream_error_category@std@@UAE@XZ 10018ce0 f i coremon.obj
 0002:00006d30       ??1_System_error_category@std@@UAE@XZ 10018d30 f i coremon.obj
 0002:00006d80       ??1error_category@std@@UAE@XZ 10018d80 f i coremon.obj
 0002:00006dc0       ??2@YAPAXIPAX@Z            10018dc0 f i coremon.obj
 0002:00006e00       ??3@YAXPAX0@Z              10018e00 f i coremon.obj
 0002:00006e30       ??8error_category@std@@QBE_NABV01@@Z 10018e30 f i coremon.obj
 0002:00006ea0       ??8error_condition@std@@QBE_NABV01@@Z 10018ea0 f i coremon.obj
 0002:00006f50       ??_E_Generic_error_category@std@@UAEPAXI@Z 10018f50 f i coremon.obj
 0002:00006f50       ??_G_Generic_error_category@std@@UAEPAXI@Z 10018f50 f i coremon.obj
 0002:00006fc0       ??_E_Iostream_error_category@std@@UAEPAXI@Z 10018fc0 f i coremon.obj
 0002:00006fc0       ??_G_Iostream_error_category@std@@UAEPAXI@Z 10018fc0 f i coremon.obj
 0002:00007030       ??_G_System_error_category@std@@UAEPAXI@Z 10019030 f i coremon.obj
 0002:00007030       ??_E_System_error_category@std@@UAEPAXI@Z 10019030 f i coremon.obj
 0002:000070a0       ??_Eerror_category@std@@UAEPAXI@Z 100190a0 f i coremon.obj
 0002:000070a0       ??_Gerror_category@std@@UAEPAXI@Z 100190a0 f i coremon.obj
 0002:00007110       ?RStatus@XRobot@@QAEABVRobotStatus@@XZ 10019110 f i coremon.obj
 0002:00007150       ?_Alloc_proxy@?$_String_alloc@$0A@U?$_String_base_types@DV?$allocator@D@std@@@std@@@std@@QAEXXZ 10019150 f i coremon.obj
 0002:00007220       ?_Copy@?$basic_string@DU?$char_traits@D@std@@V?$allocator@D@2@@std@@QAEXII@Z 10019220 f i coremon.obj
 0002:000074e0       ?_Eos@?$basic_string@DU?$char_traits@D@std@@V?$allocator@D@2@@std@@QAEXI@Z 100194e0 f i coremon.obj
 0002:00007560       ?_Free_proxy@?$_String_alloc@$0A@U?$_String_base_types@DV?$allocator@D@std@@@std@@@std@@QAEXXZ 10019560 f i coremon.obj
 0002:00007640       ?_Getal@?$_String_alloc@$0A@U?$_String_base_types@DV?$allocator@D@std@@@std@@@std@@QBE?AU?$_Wrap_alloc@V?$allocator@D@std@@@2@XZ 10019640 f i coremon.obj
 0002:000076a0       ?_Grow@?$basic_string@DU?$char_traits@D@std@@V?$allocator@D@2@@std@@QAE_NI_N@Z 100196a0 f i coremon.obj
 0002:000077c0       ?_Inside@?$basic_string@DU?$char_traits@D@std@@V?$allocator@D@2@@std@@QAE_NPBD@Z 100197c0 f i coremon.obj
 0002:00007840       ?_Myptr@?$_String_val@U?$_Simple_types@D@std@@@std@@QAEPADXZ 10019840 f i coremon.obj
 0002:000078d0       ?_Myptr@?$_String_val@U?$_Simple_types@D@std@@@std@@QBEPBDXZ 100198d0 f i coremon.obj
 0002:00007960       ?_Tidy@?$basic_string@DU?$char_traits@D@std@@V?$allocator@D@2@@std@@QAEX_NI@Z 10019960 f i coremon.obj
 0002:00007a70       ?_Xlen@?$basic_string@DU?$char_traits@D@std@@V?$allocator@D@2@@std@@QBEXXZ 10019a70 f i coremon.obj
 0002:00007ad0       ?_Xran@?$basic_string@DU?$char_traits@D@std@@V?$allocator@D@2@@std@@QBEXXZ 10019ad0 f i coremon.obj
 0002:00007b30       ?allocate@?$_Wrap_alloc@V?$allocator@D@std@@@std@@QAEPADI@Z 10019b30 f i coremon.obj
 0002:00007b90       ?allocate@?$allocator@D@std@@QAEPADI@Z 10019b90 f i coremon.obj
 0002:00007bf0       ?allocate@?$allocator@U_Container_proxy@std@@@std@@QAEPAU_Container_proxy@2@I@Z 10019bf0 f i coremon.obj
 0002:00007c50       ?assign@?$basic_string@DU?$char_traits@D@std@@V?$allocator@D@2@@std@@QAEAAV12@ABV12@II@Z 10019c50 f i coremon.obj
 0002:00007d60       ?assign@?$basic_string@DU?$char_traits@D@std@@V?$allocator@D@2@@std@@QAEAAV12@PBD@Z 10019d60 f i coremon.obj
 0002:00007df0       ?assign@?$basic_string@DU?$char_traits@D@std@@V?$allocator@D@2@@std@@QAEAAV12@PBDI@Z 10019df0 f i coremon.obj
 0002:00007ef0       ?assign@?$char_traits@D@std@@SAXAADABD@Z 10019ef0 f i coremon.obj
 0002:00007f30       ?category@error_code@std@@QBEABVerror_category@2@XZ 10019f30 f i coremon.obj
 0002:00007f70       ?category@error_condition@std@@QBEABVerror_category@2@XZ 10019f70 f i coremon.obj
 0002:00007fb0       ?copy@?$char_traits@D@std@@SAPADPADPBDI@Z 10019fb0 f i coremon.obj
 0002:00008030       ?deallocate@?$_Wrap_alloc@V?$allocator@D@std@@@std@@QAEXPADI@Z 1001a030 f i coremon.obj
 0002:00008090       ?deallocate@?$allocator@D@std@@QAEXPADI@Z 1001a090 f i coremon.obj
 0002:000080f0       ?deallocate@?$allocator@U_Container_proxy@std@@@std@@QAEXPAU_Container_proxy@2@I@Z 1001a0f0 f i coremon.obj
 0002:00008150       ?default_error_condition@_System_error_category@std@@UBE?AVerror_condition@2@H@Z 1001a150 f i coremon.obj
 0002:00008200       ?default_error_condition@error_category@std@@UBE?AVerror_condition@2@H@Z 1001a200 f i coremon.obj
 0002:00008260       ?equivalent@error_category@std@@UBE_NABVerror_code@2@H@Z 1001a260 f i coremon.obj
 0002:00008300       ?equivalent@error_category@std@@UBE_NHABVerror_condition@2@@Z 1001a300 f i coremon.obj
 0002:00008380       ?erase@?$basic_string@DU?$char_traits@D@std@@V?$allocator@D@2@@std@@QAEAAV12@I@Z 1001a380 f i coremon.obj
 0002:00008400       ?erase@?$basic_string@DU?$char_traits@D@std@@V?$allocator@D@2@@std@@QAEAAV12@II@Z 1001a400 f i coremon.obj
 0002:000084e0       ?generic_category@std@@YAABVerror_category@1@XZ 1001a4e0 f i coremon.obj
 0002:00008520       ?getCurJoint@RobotStatus@@QBEPBMXZ 1001a520 f i coremon.obj
 0002:00008570       ?getCurPosition@RobotStatus@@QBEPBJXZ 1001a570 f i coremon.obj
 0002:000085c0       ?getCurTorque@RobotStatus@@QBEPBFXZ 1001a5c0 f i coremon.obj
 0002:00008610       ?getCurTrans@RobotStatus@@QBEPBMXZ 1001a610 f i coremon.obj
 0002:00008660       ?getCurVelocity@RobotStatus@@QBEPBJXZ 1001a660 f i coremon.obj
 0002:000086b0       ?getID@XRobot@@QAEHXZ      1001a6b0 f i coremon.obj
 0002:000086f0       ?length@?$char_traits@D@std@@SAIPBD@Z 1001a6f0 f i coremon.obj
 0002:00008770       ?max_size@?$_Wrap_alloc@V?$allocator@D@std@@@std@@QBEIXZ 1001a770 f i coremon.obj
 0002:000087d0       ?max_size@?$allocator@D@std@@QBEIXZ 1001a7d0 f i coremon.obj
 0002:00008810       ?max_size@?$allocator_traits@V?$allocator@D@std@@@std@@SAIABV?$allocator@D@2@@Z 1001a810 f i coremon.obj
 0002:00008860       ?max_size@?$basic_string@DU?$char_traits@D@std@@V?$allocator@D@2@@std@@QBEIXZ 1001a860 f i coremon.obj
 0002:00008900       ?message@_Generic_error_category@std@@UBE?AV?$basic_string@DU?$char_traits@D@std@@V?$allocator@D@2@@2@H@Z 1001a900 f i coremon.obj
 0002:000089c0       ?message@_Iostream_error_category@std@@UBE?AV?$basic_string@DU?$char_traits@D@std@@V?$allocator@D@2@@2@H@Z 1001a9c0 f i coremon.obj
 0002:00008a80       ?message@_System_error_category@std@@UBE?AV?$basic_string@DU?$char_traits@D@std@@V?$allocator@D@2@@2@H@Z 1001aa80 f i coremon.obj
 0002:00008b40       ?move@?$char_traits@D@std@@SAPADPADPBDI@Z 1001ab40 f i coremon.obj
 0002:00008bd0       ?name@_Generic_error_category@std@@UBEPBDXZ 1001abd0 f i coremon.obj
 0002:00008c10       ?name@_Iostream_error_category@std@@UBEPBDXZ 1001ac10 f i coremon.obj
 0002:00008c50       ?name@_System_error_category@std@@UBEPBDXZ 1001ac50 f i coremon.obj
 0002:00008c90       ?size@?$basic_string@DU?$char_traits@D@std@@V?$allocator@D@2@@std@@QBEIXZ 1001ac90 f i coremon.obj
 0002:00008cd0       ?system_category@std@@YAABVerror_category@1@XZ 1001acd0 f i coremon.obj
 0002:00008d10       ?value@error_code@std@@QBEHXZ 1001ad10 f i coremon.obj
 0002:00008d50       ?value@error_condition@std@@QBEHXZ 1001ad50 f i coremon.obj
 0002:00008d90       _cmon_create_robot         1001ad90 f   coremon.obj
 0002:00008e40       _cmon_delete_robot         1001ae40 f   coremon.obj
 0002:00008eb0       _cmon_execute_command      1001aeb0 f   coremon.obj
 0002:00008f20       _cmon_execute_instruction  1001af20 f   coremon.obj
 0002:00008f90       _cmon_get_cur_position     1001af90 f   coremon.obj
 0002:00009050       _cmon_get_cur_torque       1001b050 f   coremon.obj
 0002:00009110       _cmon_get_cur_velocity     1001b110 f   coremon.obj
 0002:000091d0       _cmon_get_din              1001b1d0 f   coremon.obj
 0002:00009290       _cmon_get_dout             1001b290 f   coremon.obj
 0002:00009350       _cmon_get_error_code       1001b350 f   coremon.obj
 0002:000093d0       _cmon_get_error_status     1001b3d0 f   coremon.obj
 0002:00009450       _cmon_get_hold_done_status 1001b450 f   coremon.obj
 0002:000094d0       _cmon_get_hold_status      1001b4d0 f   coremon.obj
 0002:00009550       _cmon_get_inching_status   1001b550 f   coremon.obj
 0002:000095d0       _cmon_get_joint_position   1001b5d0 f   coremon.obj
 0002:00009690       _cmon_get_lock_status      1001b690 f   coremon.obj
 0002:00009750       _cmon_get_log_cur_position 1001b750 f   coremon.obj
 0002:000097d0       _cmon_get_log_cur_torque   1001b7d0 f   coremon.obj
 0002:00009850       _cmon_get_log_cur_velocity 1001b850 f   coremon.obj
 0002:000098d0       _cmon_get_maintask_cur_cycle 1001b8d0 f   coremon.obj
 0002:00009950       _cmon_get_maintask_cur_step 1001b950 f   coremon.obj
 0002:000099d0       _cmon_get_maintask_cycle   1001b9d0 f   coremon.obj
 0002:00009a50       _cmon_get_maintask_move_step 1001ba50 f   coremon.obj
 0002:00009a80       _cmon_get_maintask_name    1001ba80 f   coremon.obj
 0002:00009c00       _cmon_get_maintask_status  1001bc00 f   coremon.obj
 0002:00009c80       _cmon_get_motor_on_status  1001bc80 f   coremon.obj
 0002:00009d00       _cmon_get_moving_status    1001bd00 f   coremon.obj
 0002:00009d80       _cmon_get_number_data      1001bd80 f   coremon.obj
 0002:00009e00       _cmon_get_program_list     1001be00 f   coremon.obj
 0002:00009f60       _cmon_get_program_steps    1001bf60 f   coremon.obj
 0002:0000a0c0       _cmon_get_robot_address    1001c0c0 f   coremon.obj
 0002:0000a220       _cmon_get_robot_connection_status 1001c220 f   coremon.obj
 0002:0000a2a0       _cmon_get_slog             1001c2a0 f   coremon.obj
 0002:0000a400       _cmon_get_slog_size        1001c400 f   coremon.obj
 0002:0000a480       _cmon_get_string_data      1001c480 f   coremon.obj
 0002:0000a4f0       _cmon_get_subtask_cur_cycle 1001c4f0 f   coremon.obj
 0002:0000a570       _cmon_get_subtask_cur_step 1001c570 f   coremon.obj
 0002:0000a5f0       _cmon_get_subtask_cycle    1001c5f0 f   coremon.obj
 0002:0000a670       _cmon_get_subtask_name     1001c670 f   coremon.obj
 0002:0000a7f0       _cmon_get_tcr_mode         1001c7f0 f   coremon.obj
 0002:0000a870       _cmon_get_teach_coordinate 1001c870 f   coremon.obj
 0002:0000a8f0       _cmon_get_teach_speed      1001c8f0 f   coremon.obj
 0002:0000a970       _cmon_get_tp_enable_status 1001c970 f   coremon.obj
 0002:0000a9f0       _cmon_get_trans_position   1001c9f0 f   coremon.obj
 0002:0000aab0       _cmon_reset_error          1001cab0 f   coremon.obj
 0002:0000ab20       _cmon_set_inching_on       1001cb20 f   coremon.obj
 0002:0000aba0       _cmon_set_jog_off          1001cba0 f   coremon.obj
 0002:0000ac20       _cmon_set_jog_on           1001cc20 f   coremon.obj
 0002:0000aca0       _cmon_set_lock             1001cca0 f   coremon.obj
 0002:0000ad10       _cmon_set_log_start        1001cd10 f   coremon.obj
 0002:0000ad90       _cmon_set_motor_on         1001cd90 f   coremon.obj
 0002:0000ae10       _cmon_set_number_data      1001ce10 f   coremon.obj
 0002:0000b0e0       _cmon_set_program_steps    1001d0e0 f   coremon.obj
 0002:0000b160       _cmon_set_teach_coordinate 1001d160 f   coremon.obj
 0002:0000b1d0       _cmon_set_teach_mode       1001d1d0 f   coremon.obj
 0002:0000b250       _cmon_set_teach_speed      1001d250 f   coremon.obj
 0002:0000b2c0       _cmon_set_tp_enable        1001d2c0 f   coremon.obj
 0002:0000b340       _cmon_set_unlock           1001d340 f   coremon.obj
 0002:0000b3b0       _cmon_start_remote_control 1001d3b0 f   coremon.obj
 0002:0000b420       _cmon_stop_remote_control  1001d420 f   coremon.obj
 0002:0000b490       _getRobot                  1001d490 f   coremon.obj
 0002:0000b4f0       _ExtRawDllMain@12          1001d4f0 f   dllmain.obj
 0002:0000b590       ?_AfxInitManaged@@YAHXZ    1001d590 f i dllmain.obj
 0002:0000b5c0       ??$AtlAdd@H@ATL@@YAJPAHHH@Z 1001d5c0 f i dllmain.obj
 0002:0000b640       ??$AtlAdd@I@ATL@@YAJPAIII@Z 1001d640 f i dllmain.obj
 0002:0000b6b0       ??$AtlAdd@K@ATL@@YAJPAKKK@Z 1001d6b0 f i dllmain.obj
 0002:0000b720       ??$AtlAlignUp@H@ATL@@YGHHK@Z 1001d720 f i dllmain.obj
 0002:0000b770       ??$AtlMultiply@I@ATL@@YAJPAIII@Z 1001d770 f i dllmain.obj
 0002:0000b7f0       ??$AtlMultiply@K@ATL@@YAJPAKKK@Z 1001d7f0 f i dllmain.obj
 0002:0000b870       ??0?$CSimpleArray@GV?$CSimpleArrayEqualHelper@G@ATL@@@ATL@@QAE@XZ 1001d870 f i dllmain.obj
 0002:0000b8d0       ??0?$CTraceCategoryEx@$00$0A@@ATL@@QAE@PB_W@Z 1001d8d0 f i dllmain.obj
 0002:0000b930       ??0?$CTraceCategoryEx@$01$0A@@ATL@@QAE@PB_W@Z 1001d930 f i dllmain.obj
 0002:0000b990       ??0?$CTraceCategoryEx@$03$0A@@ATL@@QAE@PB_W@Z 1001d990 f i dllmain.obj
 0002:0000b9f0       ??0?$CTraceCategoryEx@$07$0A@@ATL@@QAE@PB_W@Z 1001d9f0 f i dllmain.obj
 0002:0000ba50       ??0?$CTraceCategoryEx@$0BA@$0A@@ATL@@QAE@PB_W@Z 1001da50 f i dllmain.obj
 0002:0000bab0       ??0?$CTraceCategoryEx@$0BAA@$0A@@ATL@@QAE@PB_W@Z 1001dab0 f i dllmain.obj
 0002:0000bb10       ??0?$CTraceCategoryEx@$0BAAA@$0A@@ATL@@QAE@PB_W@Z 1001db10 f i dllmain.obj
 0002:0000bb70       ??0?$CTraceCategoryEx@$0BAAAA@$0A@@ATL@@QAE@PB_W@Z 1001db70 f i dllmain.obj
 0002:0000bbd0       ??0?$CTraceCategoryEx@$0BAAAAA@$0A@@ATL@@QAE@PB_W@Z 1001dbd0 f i dllmain.obj
 0002:0000bc30       ??0?$CTraceCategoryEx@$0CA@$0A@@ATL@@QAE@PB_W@Z 1001dc30 f i dllmain.obj
 0002:0000bc90       ??0?$CTraceCategoryEx@$0CAA@$0A@@ATL@@QAE@PB_W@Z 1001dc90 f i dllmain.obj
 0002:0000bcf0       ??0?$CTraceCategoryEx@$0CAAAAA@$0A@@ATL@@QAE@PB_W@Z 1001dcf0 f i dllmain.obj
 0002:0000bd50       ??0?$CTraceCategoryEx@$0EA@$0A@@ATL@@QAE@PB_W@Z 1001dd50 f i dllmain.obj
 0002:0000bdb0       ??0?$CTraceCategoryEx@$0EAA@$0A@@ATL@@QAE@PB_W@Z 1001ddb0 f i dllmain.obj
 0002:0000be10       ??0?$CTraceCategoryEx@$0EAAA@$0A@@ATL@@QAE@PB_W@Z 1001de10 f i dllmain.obj
 0002:0000be70       ??0?$CTraceCategoryEx@$0EAAAA@$0A@@ATL@@QAE@PB_W@Z 1001de70 f i dllmain.obj
 0002:0000bed0       ??0?$CTraceCategoryEx@$0EAAAAA@$0A@@ATL@@QAE@PB_W@Z 1001ded0 f i dllmain.obj
 0002:0000bf30       ??0?$CTraceCategoryEx@$0IA@$0A@@ATL@@QAE@PB_W@Z 1001df30 f i dllmain.obj
 0002:0000bf90       ??0?$CTraceCategoryEx@$0IAA@$0A@@ATL@@QAE@PB_W@Z 1001df90 f i dllmain.obj
 0002:0000bff0       ??0?$CTraceCategoryEx@$0IAAA@$0A@@ATL@@QAE@PB_W@Z 1001dff0 f i dllmain.obj
 0002:0000c050       ??0?$CTraceCategoryEx@$0IAAAA@$0A@@ATL@@QAE@PB_W@Z 1001e050 f i dllmain.obj
 0002:0000c0b0       ??0CAtlComModule@ATL@@QAE@XZ 1001e0b0 f i dllmain.obj
 0002:0000c1e0       ??0CAtlStringMgr@ATL@@QAE@PAUIAtlMemMgr@1@@Z 1001e1e0 f i dllmain.obj
 0002:0000c270       ??0CAtlWinModule@ATL@@QAE@XZ 1001e270 f i dllmain.obj
 0002:0000c340       ??0CComCriticalSection@ATL@@QAE@XZ 1001e340 f i dllmain.obj
 0002:0000c3a0       ??0CNilStringData@ATL@@QAE@XZ 1001e3a0 f i dllmain.obj
 0002:0000c440       ??0CTraceFileAndLineInfo@ATL@@QAE@PBDH@Z 1001e440 f i dllmain.obj
 0002:0000c490       ??0CWin32Heap@ATL@@QAE@PAX@Z 1001e490 f i dllmain.obj
 0002:0000c540       ??0_ATL_COM_MODULE70@ATL@@QAE@XZ 1001e540 f i dllmain.obj
 0002:0000c5a0       ??0_ATL_WIN_MODULE70@ATL@@QAE@XZ 1001e5a0 f i dllmain.obj
 0002:0000c650       ??1?$CSimpleArray@GV?$CSimpleArrayEqualHelper@G@ATL@@@ATL@@QAE@XZ 1001e650 f i dllmain.obj
 0002:0000c6a0       ??1CAtlComModule@ATL@@QAE@XZ 1001e6a0 f i dllmain.obj
 0002:0000c740       ??1CAtlStringMgr@ATL@@UAE@XZ 1001e740 f i dllmain.obj
 0002:0000c790       ??1CAtlWinModule@ATL@@QAE@XZ 1001e790 f i dllmain.obj
 0002:0000c830       ??1CComCriticalSection@ATL@@QAE@XZ 1001e830 f i dllmain.obj
 0002:0000c870       ??1CWin32Heap@ATL@@UAE@XZ  1001e870 f i dllmain.obj
 0002:0000c940       ??1_ATL_COM_MODULE70@ATL@@QAE@XZ 1001e940 f i dllmain.obj
 0002:0000c9a0       ??1_ATL_WIN_MODULE70@ATL@@QAE@XZ 1001e9a0 f i dllmain.obj
 0002:0000ca50       ??A?$CSimpleArray@GV?$CSimpleArrayEqualHelper@G@ATL@@@ATL@@QAEAAGH@Z 1001ea50 f i dllmain.obj
 0002:0000cb20       ??B?$CTraceCategoryEx@$00$0A@@ATL@@QAEIXZ 1001eb20 f i dllmain.obj
 0002:0000cb60       ??B?$CTraceCategoryEx@$01$0A@@ATL@@QAEIXZ 1001eb60 f i dllmain.obj
 0002:0000cba0       ??B?$CTraceCategoryEx@$0CA@$0A@@ATL@@QAEIXZ 1001eba0 f i dllmain.obj
 0002:0000cbe0       ??B?$CTypedSimpleList@PAUCRuntimeClass@@@@QAEPAUCRuntimeClass@@XZ 1001ebe0 f i dllmain.obj
 0002:0000cc30       ??B?$CTypedSimpleList@PAVCOleObjectFactory@@@@QAEPAVCOleObjectFactory@@XZ 1001ec30 f i dllmain.obj
 0002:0000cc80       ??RCTraceFileAndLineInfo@ATL@@QBAXHIPB_WZZ 1001ec80 f i dllmain.obj
 0002:0000cd00       ??RCTraceFileAndLineInfo@ATL@@QBAXPB_WZZ 1001ed00 f i dllmain.obj
 0002:0000cd90       ??_ECAtlStringMgr@ATL@@UAEPAXI@Z 1001ed90 f i dllmain.obj
 0002:0000cd90       ??_GCAtlStringMgr@ATL@@UAEPAXI@Z 1001ed90 f i dllmain.obj
 0002:0000ce00       ??_ECWin32Heap@ATL@@UAEPAXI@Z 1001ee00 f i dllmain.obj
 0002:0000ce00       ??_GCWin32Heap@ATL@@UAEPAXI@Z 1001ee00 f i dllmain.obj
 0002:0000ce70       ?AddRef@CStringData@ATL@@QAEXXZ 1001ee70 f i dllmain.obj
 0002:0000cf10       ?Allocate@CAtlStringMgr@ATL@@UAEPAUCStringData@2@HH@Z 1001ef10 f i dllmain.obj
 0002:0000d1a0       ?Allocate@CWin32Heap@ATL@@UAEPAXI@Z 1001f1a0 f i dllmain.obj
 0002:0000d210       ?AtlWinModuleInit@ATL@@YGJPAU_ATL_WIN_MODULE70@1@@Z 1001f210 f i dllmain.obj
 0002:0000d330       ?AtlWinModuleTerm@ATL@@YGJPAU_ATL_WIN_MODULE70@1@PAUHINSTANCE__@@@Z 1001f330 f i dllmain.obj
 0002:0000d430       ?Clone@CAtlStringMgr@ATL@@UAEPAUIAtlStringMgr@2@XZ 1001f430 f i dllmain.obj
 0002:0000d470       ?Free@CAtlStringMgr@ATL@@UAEXPAUCStringData@2@@Z 1001f470 f i dllmain.obj
 0002:0000d570       ?Free@CWin32Heap@ATL@@UAEXPAX@Z 1001f570 f i dllmain.obj
 0002:0000d630       ?GetCategoryName@CTrace@ATL@@CAPA_WI@Z 1001f630 f i dllmain.obj
 0002:0000d6b0       ?GetHead@CSimpleList@@QBEPAXXZ 1001f6b0 f i dllmain.obj
 0002:0000d6f0       ?GetInstance@CAtlStringMgr@ATL@@SAPAUIAtlStringMgr@2@XZ 1001f6f0 f i dllmain.obj
 0002:0000d7d0       ?GetModuleInstance@CAtlBaseModule@ATL@@QAEPAUHINSTANCE__@@XZ 1001f7d0 f i dllmain.obj
 0002:0000d810       ?GetNilString@CAtlStringMgr@ATL@@UAEPAUCStringData@2@XZ 1001f810 f i dllmain.obj
 0002:0000d870       ?GetSize@?$CSimpleArray@GV?$CSimpleArrayEqualHelper@G@ATL@@@ATL@@QBEHXZ 1001f870 f i dllmain.obj
 0002:0000d8b0       ?GetSize@CWin32Heap@ATL@@UAEIPAX@Z 1001f8b0 f i dllmain.obj
 0002:0000d920       ?Init@CComCriticalSection@ATL@@QAEJXZ 1001f920 f i dllmain.obj
 0002:0000d9b0       ?Reallocate@CAtlStringMgr@ATL@@UAEPAUCStringData@2@PAU32@HH@Z 1001f9b0 f i dllmain.obj
 0002:0000dc60       ?Reallocate@CWin32Heap@ATL@@UAEPAXPAXI@Z 1001fc60 f i dllmain.obj
 0002:0000dd30       ?RemoveAll@?$CSimpleArray@GV?$CSimpleArrayEqualHelper@G@ATL@@@ATL@@QAEXXZ 1001fd30 f i dllmain.obj
 0002:0000ddf0       ?SetManager@CNilStringData@ATL@@QAEXPAUIAtlStringMgr@2@@Z 1001fdf0 f i dllmain.obj
 0002:0000de90       ?StaticInitialize@CAtlStringMgr@ATL@@CA_NXZ 1001fe90 f i dllmain.obj
 0002:0000dee0       ?Term@CAtlComModule@ATL@@QAEXXZ 1001fee0 f i dllmain.obj
 0002:0000dfe0       ?Term@CAtlWinModule@ATL@@QAEXXZ 1001ffe0 f i dllmain.obj
 0002:0000e040       ?Term@CComCriticalSection@ATL@@QAEJXZ 10020040 f i dllmain.obj
 0002:0000e0a0       ?TraceV@CTrace@ATL@@CAXPBDHIIPB_W@Z 100200a0 f i dllmain.obj
 0002:0000e360       ?TraceV@CTrace@ATL@@SAXPBDHIIPB_WPAD@Z 10020360 f i dllmain.obj
 0002:0000e480       ?_AtlInitializeCriticalSectionEx@ATL@@YAHPAU_RTL_CRITICAL_SECTION@@KK@Z 10020480 f i dllmain.obj
 0002:0000e4e0       ?_AtlRaiseException@ATL@@YAXKK@Z 100204e0 f i dllmain.obj
 0002:0000e540       _DllMain@12                10020540 f   dllmain.obj
 0002:0000e6c0       _HRESULT_FROM_WIN32        100206c0 f i dllmain.obj
 0002:0000e730       _hypot                     10020730 f i dllmain.obj
 0002:0000e7b0       ??$DumpElements@E@@YGXAAVCDumpContext@@PBEH@Z 100207b0 f i RobotProtocol.obj
 0002:0000e8a0       ??$SerializeElements@E@@YGXAAVCArchive@@PAEH@Z 100208a0 f i RobotProtocol.obj
 0002:0000ea80       ??0?$CArray@EABE@@QAE@XZ   10020a80 f i RobotProtocol.obj
 0002:0000eb10       ??0RCMD_HEADER@@QAE@H@Z    10020b10 f   RobotProtocol.obj
 0002:0000eb80       ??0RCMD_HEADER@@QAE@XZ     10020b80 f   RobotProtocol.obj
 0002:0000ec50       ??1?$CArray@EABE@@UAE@XZ   10020c50 f i RobotProtocol.obj
 0002:0000ed60       ??_E?$CArray@EABE@@UAEPAXI@Z 10020d60 f i RobotProtocol.obj
 0002:0000ed60       ??_G?$CArray@EABE@@UAEPAXI@Z 10020d60 f i RobotProtocol.obj
 0002:0000edd0       ?Add@?$CArray@EABE@@QAEHABE@Z 10020dd0 f i RobotProtocol.obj
 0002:0000ee40       ?AfxCrtErrorCheck@@YAHH@Z  10020e40 f i RobotProtocol.obj
 0002:0000ef50       ?AssertValid@?$CArray@EABE@@UBEXXZ 10020f50 f i RobotProtocol.obj
 0002:0000f0b0       ?Dump@?$CArray@EABE@@UBEXAAVCDumpContext@@@Z 100210b0 f i RobotProtocol.obj
 0002:0000f190       ?GetSize@?$CArray@EABE@@QBEHXZ 10021190 f i RobotProtocol.obj
 0002:0000f1d0       ?Serialize@?$CArray@EABE@@UAEXAAVCArchive@@@Z 100211d0 f i RobotProtocol.obj
 0002:0000f2a0       ?SetAtGrow@?$CArray@EABE@@QAEXHABE@Z 100212a0 f i RobotProtocol.obj
 0002:0000f370       ?SetSize@?$CArray@EABE@@QAEXHH@Z 10021370 f i RobotProtocol.obj
 0002:0000f8c0       ?appendData@RCMD_HEADER@@QAEXAAV?$CStringT@_WV?$StrTraitMFC_DLL@_WV?$ChTraitsCRT@_W@ATL@@@@@ATL@@@Z 100218c0 f   RobotProtocol.obj
 0002:0000fa60       ?appendData@RCMD_HEADER@@QAEXH@Z 10021a60 f   RobotProtocol.obj
 0002:0000fb10       ?appendData@RCMD_HEADER@@QAEXI@Z 10021b10 f   RobotProtocol.obj
 0002:0000fbc0       ?appendData@RCMD_HEADER@@QAEXM@Z 10021bc0 f   RobotProtocol.obj
 0002:0000fc70       ?appendData@RCMD_HEADER@@QAEXPAIH@Z 10021c70 f   RobotProtocol.obj
 0002:0000fd00       ?appendData@RCMD_HEADER@@QAEXPAMH@Z 10021d00 f   RobotProtocol.obj
 0002:0000fda0       ?appendData@RCMD_HEADER@@QAEXPBDH@Z 10021da0 f   RobotProtocol.obj
 0002:0000fe60       ?dataSize@RCMD_HEADER@@QAEHXZ 10021e60 f   RobotProtocol.obj
 0002:0000fea0       ?getBytes@RCMD_HEADER@@QAEHAAV?$CArray@EABE@@@Z 10021ea0 f   RobotProtocol.obj
 0002:0000ff90       ?init@RCMD_HEADER@@QAEXH@Z 10021f90 f   RobotProtocol.obj
 0002:0000ffe0       ?memcpy_s@Checked@ATL@@YAXPAXIPBXI@Z 10021fe0 f i RobotProtocol.obj
 0002:00010060       ?setHeaderByte@RCMD_HEADER@@QAEXPAD@Z 10022060 f   RobotProtocol.obj
 0002:000100d0       ??0RobotStatus@@QAE@XZ     100220d0 f   RobotStatus.obj
 0002:00010160       ??1RobotStatus@@QAE@XZ     10022160 f   RobotStatus.obj
 0002:000101e0       ?getCoordinate@RobotStatus@@QBEHXZ 100221e0 f   RobotStatus.obj
 0002:00010230       ?getTeachSpeed@RobotStatus@@QBEHXZ 10022230 f   RobotStatus.obj
 0002:00010280       ?hasUC@RobotStatus@@QBE_NXZ 10022280 f   RobotStatus.obj
 0002:000102f0       ?isError@RobotStatus@@QBE_NXZ 100222f0 f   RobotStatus.obj
 0002:00010360       ?isHold@RobotStatus@@QBE_NXZ 10022360 f   RobotStatus.obj
 0002:000103d0       ?isHoldDone@RobotStatus@@QBE_NXZ 100223d0 f   RobotStatus.obj
 0002:00010440       ?isInching@RobotStatus@@QBE_NXZ 10022440 f   RobotStatus.obj
 0002:000104b0       ?isMotorOn@RobotStatus@@QBE_NXZ 100224b0 f   RobotStatus.obj
 0002:00010520       ?isMoving@RobotStatus@@QBE_NXZ 10022520 f   RobotStatus.obj
 0002:00010590       ?isTPEnable@RobotStatus@@QBE_NXZ 10022590 f   RobotStatus.obj
 0002:00010600       ?tcrMode@RobotStatus@@QBEHXZ 10022600 f   RobotStatus.obj
 0002:00010650       ??0CXRException@@QAE@W4XR_EXCEPTION@@@Z 10022650 f   XRException.obj
 0002:000106c0       ??0CXRException@@QAE@XZ    100226c0 f   XRException.obj
 0002:00010730       ??1CXRException@@UAE@XZ    10022730 f   XRException.obj
 0002:00010790       ??_GCXRException@@UAEPAXI@Z 10022790 f i XRException.obj
 0002:00010790       ??_ECXRException@@UAEPAXI@Z 10022790 f i XRException.obj
 0002:00010800       ??$DumpElements@D@@YGXAAVCDumpContext@@PBDH@Z 10022800 f i XRobot.obj
 0002:000108f0       ??$DumpElements@PAURCMDPair@@@@YGXAAVCDumpContext@@PBQAURCMDPair@@H@Z 100228f0 f i XRobot.obj
 0002:000109e0       ??$SerializeElements@D@@YGXAAVCArchive@@PADH@Z 100229e0 f i XRobot.obj
 0002:00010bc0       ??$SerializeElements@PAURCMDPair@@@@YGXAAVCArchive@@PAPAURCMDPair@@H@Z 10022bc0 f i XRobot.obj
 0002:00010db0       ??$_Allocate@V?$basic_string@DU?$char_traits@D@std@@V?$allocator@D@2@@std@@@std@@YAPAV?$basic_string@DU?$char_traits@D@std@@V?$allocator@D@2@@0@IPAV10@@Z 10022db0 f i XRobot.obj
 0002:00010e40       ??$_Debug_pointer@V?$basic_string@DU?$char_traits@D@std@@V?$allocator@D@2@@std@@@std@@YAXPAV?$basic_string@DU?$char_traits@D@std@@V?$allocator@D@2@@0@PB_WI@Z 10022e40 f i XRobot.obj
 0002:00010eb0       ??$_Debug_range2@PAV?$basic_string@DU?$char_traits@D@std@@V?$allocator@D@2@@std@@@std@@YAXPAV?$basic_string@DU?$char_traits@D@std@@V?$allocator@D@2@@0@0PB_WIUrandom_access_iterator_tag@0@@Z 10022eb0 f i XRobot.obj
 0002:00010f60       ??$_Debug_range@PAV?$basic_string@DU?$char_traits@D@std@@V?$allocator@D@2@@std@@@std@@YAXPAV?$basic_string@DU?$char_traits@D@std@@V?$allocator@D@2@@0@0PB_WI@Z 10022f60 f i XRobot.obj
 0002:00010fe0       ??$_Destroy_range@U?$_Wrap_alloc@V?$allocator@V?$basic_string@DU?$char_traits@D@std@@V?$allocator@D@2@@std@@@std@@@std@@@std@@YAXPAV?$basic_string@DU?$char_traits@D@std@@V?$allocator@D@2@@0@0AAU?$_Wrap_alloc@V?$allocator@V?$basic_string@DU?$char_traits@D@std@@V?$allocator@D@2@@std@@@std@@@0@@Z 10022fe0 f i XRobot.obj
 0002:00011060       ??$_Destroy_range@U?$_Wrap_alloc@V?$allocator@V?$basic_string@DU?$char_traits@D@std@@V?$allocator@D@2@@std@@@std@@@std@@@std@@YAXPAV?$basic_string@DU?$char_traits@D@std@@V?$allocator@D@2@@0@0AAU?$_Wrap_alloc@V?$allocator@V?$basic_string@DU?$char_traits@D@std@@V?$allocator@D@2@@std@@@std@@@0@U_Nonscalar_ptr_iterator_tag@0@@Z 10023060 f i XRobot.obj
 0002:000110d0       ??$_Iter_cat@PAV?$basic_string@DU?$char_traits@D@std@@V?$allocator@D@2@@std@@@std@@YA?AUrandom_access_iterator_tag@0@ABQAV?$basic_string@DU?$char_traits@D@std@@V?$allocator@D@2@@0@@Z 100230d0 f i XRobot.obj
 0002:00011150       ??$_Ptr_cat@V?$basic_string@DU?$char_traits@D@std@@V?$allocator@D@2@@std@@V12@@std@@YA?AU_Nonscalar_ptr_iterator_tag@0@PAV?$basic_string@DU?$char_traits@D@std@@V?$allocator@D@2@@0@0@Z 10023150 f i XRobot.obj
 0002:000111c0       ??$_Rechecked@PAV?$basic_string@DU?$char_traits@D@std@@V?$allocator@D@2@@std@@PAV12@@std@@YAAAPAV?$basic_string@DU?$char_traits@D@std@@V?$allocator@D@2@@0@AAPAV10@PAV10@@Z 100231c0 f i XRobot.obj
 0002:00011200       ??$_Umove@PAV?$basic_string@DU?$char_traits@D@std@@V?$allocator@D@2@@std@@@?$vector@V?$basic_string@DU?$char_traits@D@std@@V?$allocator@D@2@@std@@V?$allocator@V?$basic_string@DU?$char_traits@D@std@@V?$allocator@D@2@@std@@@2@@std@@IAEPAV?$basic_string@DU?$char_traits@D@std@@V?$allocator@D@2@@1@PAV21@00@Z 10023200 f i XRobot.obj
 0002:000112b0       ??$_Unchecked@PAV?$basic_string@DU?$char_traits@D@std@@V?$allocator@D@2@@std@@@std@@YAPAV?$basic_string@DU?$char_traits@D@std@@V?$allocator@D@2@@0@PAV10@@Z 100232b0 f i XRobot.obj
 0002:000112f0       ??$_Uninit_move@PAV?$basic_string@DU?$char_traits@D@std@@V?$allocator@D@2@@std@@PAV12@U?$_Wrap_alloc@V?$allocator@V?$basic_string@DU?$char_traits@D@std@@V?$allocator@D@2@@std@@@std@@@2@@std@@YAPAV?$basic_string@DU?$char_traits@D@std@@V?$allocator@D@2@@0@PAV10@00AAU?$_Wrap_alloc@V?$allocator@V?$basic_string@DU?$char_traits@D@std@@V?$allocator@D@2@@std@@@std@@@0@@Z 100232f0 f i XRobot.obj
 0002:00011390       ??$_Uninit_move@PAV?$basic_string@DU?$char_traits@D@std@@V?$allocator@D@2@@std@@PAV12@V?$allocator@V?$basic_string@DU?$char_traits@D@std@@V?$allocator@D@2@@std@@@2@V12@@std@@YAPAV?$basic_string@DU?$char_traits@D@std@@V?$allocator@D@2@@0@PAV10@00AAU?$_Wrap_alloc@V?$allocator@V?$basic_string@DU?$char_traits@D@std@@V?$allocator@D@2@@std@@@std@@@0@0U_Nonscalar_ptr_iterator_tag@0@@Z 10023390 f i XRobot.obj
 0002:000114f0       ??$_Uninitialized_move@PAV?$basic_string@DU?$char_traits@D@std@@V?$allocator@D@2@@std@@PAV12@U?$_Wrap_alloc@V?$allocator@V?$basic_string@DU?$char_traits@D@std@@V?$allocator@D@2@@std@@@std@@@2@@std@@YAPAV?$basic_string@DU?$char_traits@D@std@@V?$allocator@D@2@@0@PAV10@00AAU?$_Wrap_alloc@V?$allocator@V?$basic_string@DU?$char_traits@D@std@@V?$allocator@D@2@@std@@@std@@@0@@Z 100234f0 f i XRobot.obj
 0002:00011590       ??$_Val_type@PAV?$basic_string@DU?$char_traits@D@std@@V?$allocator@D@2@@std@@@std@@YAPAV?$basic_string@DU?$char_traits@D@std@@V?$allocator@D@2@@0@PAV10@@Z 10023590 f i XRobot.obj
 0002:000115c0       ??$addressof@$$CBV?$basic_string@DU?$char_traits@D@std@@V?$allocator@D@2@@std@@@std@@YAPBV?$basic_string@DU?$char_traits@D@std@@V?$allocator@D@2@@0@ABV10@@Z 100235c0 f i XRobot.obj
 0002:00011600       ??$construct@U_Container_proxy@std@@U12@@?$_Wrap_alloc@V?$allocator@U_Container_proxy@std@@@std@@@std@@QAEXPAU_Container_proxy@1@$$QAU21@@Z 10023600 f i XRobot.obj
 0002:00011670       ??$construct@U_Container_proxy@std@@U12@@?$allocator_traits@V?$allocator@U_Container_proxy@std@@@std@@@std@@SAXAAV?$allocator@U_Container_proxy@std@@@1@PAU_Container_proxy@1@$$QAU31@@Z 10023670 f i XRobot.obj
 0002:000116d0       ??$construct@V?$basic_string@DU?$char_traits@D@std@@V?$allocator@D@2@@std@@AAV12@@?$_Wrap_alloc@V?$allocator@V?$basic_string@DU?$char_traits@D@std@@V?$allocator@D@2@@std@@@std@@@std@@QAEXPAV?$basic_string@DU?$char_traits@D@std@@V?$allocator@D@2@@1@AAV21@@Z 100236d0 f i XRobot.obj
 0002:00011740       ??$construct@V?$basic_string@DU?$char_traits@D@std@@V?$allocator@D@2@@std@@AAV12@@?$allocator@V?$basic_string@DU?$char_traits@D@std@@V?$allocator@D@2@@std@@@std@@QAEXPAV?$basic_string@DU?$char_traits@D@std@@V?$allocator@D@2@@1@AAV21@@Z 10023740 f i XRobot.obj
 0002:00011840       ??$construct@V?$basic_string@DU?$char_traits@D@std@@V?$allocator@D@2@@std@@AAV12@@?$allocator_traits@V?$allocator@V?$basic_string@DU?$char_traits@D@std@@V?$allocator@D@2@@std@@@std@@@std@@SAXAAV?$allocator@V?$basic_string@DU?$char_traits@D@std@@V?$allocator@D@2@@std@@@1@PAV?$basic_string@DU?$char_traits@D@std@@V?$allocator@D@2@@1@AAV31@@Z 10023840 f i XRobot.obj
 0002:000118a0       ??$construct@V?$basic_string@DU?$char_traits@D@std@@V?$allocator@D@2@@std@@ABV12@@?$_Wrap_alloc@V?$allocator@V?$basic_string@DU?$char_traits@D@std@@V?$allocator@D@2@@std@@@std@@@std@@QAEXPAV?$basic_string@DU?$char_traits@D@std@@V?$allocator@D@2@@1@ABV21@@Z 100238a0 f i XRobot.obj
 0002:00011910       ??$construct@V?$basic_string@DU?$char_traits@D@std@@V?$allocator@D@2@@std@@ABV12@@?$allocator_traits@V?$allocator@V?$basic_string@DU?$char_traits@D@std@@V?$allocator@D@2@@std@@@std@@@std@@SAXAAV?$allocator@V?$basic_string@DU?$char_traits@D@std@@V?$allocator@D@2@@std@@@1@PAV?$basic_string@DU?$char_traits@D@std@@V?$allocator@D@2@@1@ABV31@@Z 10023910 f i XRobot.obj
 0002:00011970       ??$construct@V?$basic_string@DU?$char_traits@D@std@@V?$allocator@D@2@@std@@V12@@?$_Wrap_alloc@V?$allocator@V?$basic_string@DU?$char_traits@D@std@@V?$allocator@D@2@@std@@@std@@@std@@QAEXPAV?$basic_string@DU?$char_traits@D@std@@V?$allocator@D@2@@1@$$QAV21@@Z 10023970 f i XRobot.obj
 0002:000119e0       ??$construct@V?$basic_string@DU?$char_traits@D@std@@V?$allocator@D@2@@std@@V12@@?$allocator@V?$basic_string@DU?$char_traits@D@std@@V?$allocator@D@2@@std@@@std@@QAEXPAV?$basic_string@DU?$char_traits@D@std@@V?$allocator@D@2@@1@$$QAV21@@Z 100239e0 f i XRobot.obj
 0002:00011ae0       ??$construct@V?$basic_string@DU?$char_traits@D@std@@V?$allocator@D@2@@std@@V12@@?$allocator_traits@V?$allocator@V?$basic_string@DU?$char_traits@D@std@@V?$allocator@D@2@@std@@@std@@@std@@SAXAAV?$allocator@V?$basic_string@DU?$char_traits@D@std@@V?$allocator@D@2@@std@@@1@PAV?$basic_string@DU?$char_traits@D@std@@V?$allocator@D@2@@1@$$QAV31@@Z 10023ae0 f i XRobot.obj
 0002:00011b40       ??$destroy@U_Container_proxy@std@@@?$_Wrap_alloc@V?$allocator@U_Container_proxy@std@@@std@@@std@@QAEXPAU_Container_proxy@1@@Z 10023b40 f i XRobot.obj
 0002:00011ba0       ??$destroy@U_Container_proxy@std@@@?$allocator_traits@V?$allocator@U_Container_proxy@std@@@std@@@std@@SAXAAV?$allocator@U_Container_proxy@std@@@1@PAU_Container_proxy@1@@Z 10023ba0 f i XRobot.obj
 0002:00011bf0       ??$destroy@V?$basic_string@DU?$char_traits@D@std@@V?$allocator@D@2@@std@@@?$_Wrap_alloc@V?$allocator@V?$basic_string@DU?$char_traits@D@std@@V?$allocator@D@2@@std@@@std@@@std@@QAEXPAV?$basic_string@DU?$char_traits@D@std@@V?$allocator@D@2@@1@@Z 10023bf0 f i XRobot.obj
 0002:00011c50       ??$destroy@V?$basic_string@DU?$char_traits@D@std@@V?$allocator@D@2@@std@@@?$allocator@V?$basic_string@DU?$char_traits@D@std@@V?$allocator@D@2@@std@@@std@@QAEXPAV?$basic_string@DU?$char_traits@D@std@@V?$allocator@D@2@@1@@Z 10023c50 f i XRobot.obj
 0002:00011cb0       ??$destroy@V?$basic_string@DU?$char_traits@D@std@@V?$allocator@D@2@@std@@@?$allocator_traits@V?$allocator@V?$basic_string@DU?$char_traits@D@std@@V?$allocator@D@2@@std@@@std@@@std@@SAXAAV?$allocator@V?$basic_string@DU?$char_traits@D@std@@V?$allocator@D@2@@std@@@1@PAV?$basic_string@DU?$char_traits@D@std@@V?$allocator@D@2@@1@@Z 10023cb0 f i XRobot.obj
 0002:00011d00       ??$forward@AAV?$basic_string@DU?$char_traits@D@std@@V?$allocator@D@2@@std@@@std@@YAAAV?$basic_string@DU?$char_traits@D@std@@V?$allocator@D@2@@0@AAV10@@Z 10023d00 f i XRobot.obj
 0002:00011d40       ??$forward@ABV?$basic_string@DU?$char_traits@D@std@@V?$allocator@D@2@@std@@@std@@YAABV?$basic_string@DU?$char_traits@D@std@@V?$allocator@D@2@@0@ABV10@@Z 10023d40 f i XRobot.obj
 0002:00011d80       ??$forward@V?$basic_string@DU?$char_traits@D@std@@V?$allocator@D@2@@std@@@std@@YA$$QAV?$basic_string@DU?$char_traits@D@std@@V?$allocator@D@2@@0@AAV10@@Z 10023d80 f i XRobot.obj
 0002:00011dc0       ??$forward@V?$vector@V?$basic_string@DU?$char_traits@D@std@@V?$allocator@D@2@@std@@V?$allocator@V?$basic_string@DU?$char_traits@D@std@@V?$allocator@D@2@@std@@@2@@std@@@std@@YA$$QAV?$vector@V?$basic_string@DU?$char_traits@D@std@@V?$allocator@D@2@@std@@V?$allocator@V?$basic_string@DU?$char_traits@D@std@@V?$allocator@D@2@@std@@@2@@0@AAV10@@Z 10023dc0 f i XRobot.obj
 0002:00011e00       ??$getline@DU?$char_traits@D@std@@V?$allocator@D@2@@std@@YAAAV?$basic_istream@DU?$char_traits@D@std@@@0@$$QAV10@AAV?$basic_string@DU?$char_traits@D@std@@V?$allocator@D@2@@0@D@Z 10023e00 f i XRobot.obj
 0002:000121b0       ??$getline@DU?$char_traits@D@std@@V?$allocator@D@2@@std@@YAAAV?$basic_istream@DU?$char_traits@D@std@@@0@AAV10@AAV?$basic_string@DU?$char_traits@D@std@@V?$allocator@D@2@@0@D@Z 100241b0 f i XRobot.obj
 0002:00012220       ??$move@AAV?$basic_istream@DU?$char_traits@D@std@@@std@@@std@@YA$$QAV?$basic_istream@DU?$char_traits@D@std@@@0@AAV10@@Z 10024220 f i XRobot.obj
 0002:00012260       ??0?$CArray@DABD@@QAE@XZ   10024260 f i XRobot.obj
 0002:000122f0       ??0?$CList@PAURCMDPair@@ABQAU1@@@QAE@H@Z 100242f0 f i XRobot.obj
 0002:00012400       ??0?$_Vector_alloc@$0A@U?$_Vec_base_types@V?$basic_string@DU?$char_traits@D@std@@V?$allocator@D@2@@std@@V?$allocator@V?$basic_string@DU?$char_traits@D@std@@V?$allocator@D@2@@std@@@2@@std@@@std@@QAE@ABV?$allocator@V?$basic_string@DU?$char_traits@D@std@@V?$allocator@D@2@@std@@@1@@Z 10024400 f i XRobot.obj
 0002:000124b0       ??0?$_Vector_val@U?$_Simple_types@V?$basic_string@DU?$char_traits@D@std@@V?$allocator@D@2@@std@@@std@@@std@@QAE@XZ 100244b0 f i XRobot.obj
 0002:00012540       ??0?$_Wrap_alloc@V?$allocator@D@std@@@std@@QAE@ABV?$allocator@D@1@@Z 10024540 f i XRobot.obj
 0002:000125a0       ??0?$_Wrap_alloc@V?$allocator@U_Container_proxy@std@@@std@@@std@@QAE@XZ 100245a0 f i XRobot.obj
 0002:00012600       ??0?$_Wrap_alloc@V?$allocator@V?$basic_string@DU?$char_traits@D@std@@V?$allocator@D@2@@std@@@std@@@std@@QAE@XZ 10024600 f i XRobot.obj
 0002:00012660       ??0?$allocator@D@std@@QAE@ABV01@@Z 10024660 f i XRobot.obj
 0002:000126a0       ??0?$allocator@V?$basic_string@DU?$char_traits@D@std@@V?$allocator@D@2@@std@@@std@@QAE@XZ 100246a0 f i XRobot.obj
 0002:000126e0       ??0?$basic_string@DU?$char_traits@D@std@@V?$allocator@D@2@@std@@QAE@$$QAV01@@Z 100246e0 f i XRobot.obj
 0002:00012780       ??0?$basic_string@DU?$char_traits@D@std@@V?$allocator@D@2@@std@@QAE@ABV01@@Z 10024780 f i XRobot.obj
 0002:00012870       ??0?$basic_string@DU?$char_traits@D@std@@V?$allocator@D@2@@std@@QAE@XZ 10024870 f i XRobot.obj
 0002:00012930       ??0?$basic_stringbuf@DU?$char_traits@D@std@@V?$allocator@D@2@@std@@QAE@ABV?$basic_string@DU?$char_traits@D@std@@V?$allocator@D@2@@1@H@Z 10024930 f i XRobot.obj
 0002:00012a30       ??0?$basic_stringstream@DU?$char_traits@D@std@@V?$allocator@D@2@@std@@QAE@ABV?$basic_string@DU?$char_traits@D@std@@V?$allocator@D@2@@1@H@Z 10024a30 f i XRobot.obj
 0002:00012ba0       ??0?$fpos@H@std@@QAE@_J@Z  10024ba0 f i XRobot.obj
 0002:00012c10       ??0?$vector@V?$basic_string@DU?$char_traits@D@std@@V?$allocator@D@2@@std@@V?$allocator@V?$basic_string@DU?$char_traits@D@std@@V?$allocator@D@2@@std@@@2@@std@@QAE@$$QAV01@@Z 10024c10 f i XRobot.obj
 0002:00012cf0       ??0?$vector@V?$basic_string@DU?$char_traits@D@std@@V?$allocator@D@2@@std@@V?$allocator@V?$basic_string@DU?$char_traits@D@std@@V?$allocator@D@2@@std@@@2@@std@@QAE@XZ 10024cf0 f i XRobot.obj
 0002:00012d60       ??0CTime@ATL@@QAE@_J@Z     10024d60 f i XRobot.obj
 0002:00012db0       ??0CTimeSpan@ATL@@QAE@_J@Z 10024db0 f i XRobot.obj
 0002:00012e00       ??0RCMDPair@@QAE@XZ        10024e00 f i XRobot.obj
 0002:00012eb0       ??0XRobot@@QAE@H@Z         10024eb0 f   XRobot.obj
 0002:00013150       ??0_Sentry_base@?$basic_istream@DU?$char_traits@D@std@@@std@@QAE@AAV12@@Z 10025150 f i XRobot.obj
 0002:00013240       ??0sentry@?$basic_istream@DU?$char_traits@D@std@@@std@@QAE@AAV12@_N@Z 10025240 f i XRobot.obj
 0002:00013310       ??1?$CArray@DABD@@UAE@XZ   10025310 f i XRobot.obj
 0002:00013420       ??1?$CList@PAURCMDPair@@ABQAU1@@@UAE@XZ 10025420 f i XRobot.obj
 0002:000134f0       ??1?$_Vector_alloc@$0A@U?$_Vec_base_types@V?$basic_string@DU?$char_traits@D@std@@V?$allocator@D@2@@std@@V?$allocator@V?$basic_string@DU?$char_traits@D@std@@V?$allocator@D@2@@std@@@2@@std@@@std@@QAE@XZ 100254f0 f i XRobot.obj
 0002:00013550       ??1?$_Vector_val@U?$_Simple_types@V?$basic_string@DU?$char_traits@D@std@@V?$allocator@D@2@@std@@@std@@@std@@QAE@XZ 10025550 f i XRobot.obj
 0002:000135b0       ??1?$basic_string@DU?$char_traits@D@std@@V?$allocator@D@2@@std@@QAE@XZ 100255b0 f i XRobot.obj
 0002:00013610       ??1?$basic_stringbuf@DU?$char_traits@D@std@@V?$allocator@D@2@@std@@UAE@XZ 10025610 f i XRobot.obj
 0002:00013680       ??1?$basic_stringstream@DU?$char_traits@D@std@@V?$allocator@D@2@@std@@UAE@XZ 10025680 f i XRobot.obj
 0002:00013730       ??1?$vector@V?$basic_string@DU?$char_traits@D@std@@V?$allocator@D@2@@std@@V?$allocator@V?$basic_string@DU?$char_traits@D@std@@V?$allocator@D@2@@std@@@2@@std@@QAE@XZ 10025730 f i XRobot.obj
 0002:00013790       ??1RCMDPair@@QAE@XZ        10025790 f i XRobot.obj
 0002:00013840       ??1RCMD_HEADER@@QAE@XZ     10025840 f i XRobot.obj
 0002:000138a0       ??1XRobot@@QAE@XZ          100258a0 f   XRobot.obj
 0002:00013a90       ??1_Sentry_base@?$basic_istream@DU?$char_traits@D@std@@@std@@QAE@XZ 10025a90 f i XRobot.obj
 0002:00013b70       ??1sentry@?$basic_istream@DU?$char_traits@D@std@@@std@@QAE@XZ 10025b70 f i XRobot.obj
 0002:00013bc0       ??A?$vector@V?$basic_string@DU?$char_traits@D@std@@V?$allocator@D@2@@std@@V?$allocator@V?$basic_string@DU?$char_traits@D@std@@V?$allocator@D@2@@std@@@2@@std@@QAEAAV?$basic_string@DU?$char_traits@D@std@@V?$allocator@D@2@@1@I@Z 10025bc0 f i XRobot.obj
 0002:00013cd0       ??B?$fpos@H@std@@QBE_JXZ   10025cd0 f i XRobot.obj
 0002:00013d20       ??Bsentry@?$basic_istream@DU?$char_traits@D@std@@@std@@QBE_NXZ 10025d20 f i XRobot.obj
 0002:00013d60       ??GCTime@ATL@@QBE?AVCTimeSpan@1@V01@@Z 10025d60 f i XRobot.obj
 0002:00013dd0       ??Y?$basic_string@DU?$char_traits@D@std@@V?$allocator@D@2@@std@@QAEAAV01@D@Z 10025dd0 f i XRobot.obj
 0002:00013e30       ??_D?$basic_stringstream@DU?$char_traits@D@std@@V?$allocator@D@2@@std@@QAEXXZ 10025e30 f i XRobot.obj
 0002:00013e9c       ??_E?$basic_stringstream@DU?$char_traits@D@std@@V?$allocator@D@2@@std@@$4PPPPPPPM@A@AEPAXI@Z 10025e9c f i XRobot.obj
 0002:00013eb0       ??_E?$CArray@DABD@@UAEPAXI@Z 10025eb0 f i XRobot.obj
 0002:00013eb0       ??_G?$CArray@DABD@@UAEPAXI@Z 10025eb0 f i XRobot.obj
 0002:00013f20       ??_E?$CList@PAURCMDPair@@ABQAU1@@@UAEPAXI@Z 10025f20 f i XRobot.obj
 0002:00013f20       ??_G?$CList@PAURCMDPair@@ABQAU1@@@UAEPAXI@Z 10025f20 f i XRobot.obj
 0002:00013f90       ??_G?$basic_string@DU?$char_traits@D@std@@V?$allocator@D@2@@std@@QAEPAXI@Z 10025f90 f i XRobot.obj
 0002:00014000       ??_E?$basic_stringbuf@DU?$char_traits@D@std@@V?$allocator@D@2@@std@@UAEPAXI@Z 10026000 f i XRobot.obj
 0002:00014000       ??_G?$basic_stringbuf@DU?$char_traits@D@std@@V?$allocator@D@2@@std@@UAEPAXI@Z 10026000 f i XRobot.obj
 0002:00014070       ??_G?$basic_stringstream@DU?$char_traits@D@std@@V?$allocator@D@2@@std@@UAEPAXI@Z 10026070 f i XRobot.obj
 0002:00014070       ??_E?$basic_stringstream@DU?$char_traits@D@std@@V?$allocator@D@2@@std@@UAEPAXI@Z 10026070 f i XRobot.obj
 0002:000140f0       ??_GRCMDPair@@QAEPAXI@Z    100260f0 f i XRobot.obj
 0002:00014160       ?AddTail@?$CList@PAURCMDPair@@ABQAU1@@@QAEPAU__POSITION@@ABQAURCMDPair@@@Z 10026160 f i XRobot.obj
 0002:00014220       ?AssertValid@?$CArray@DABD@@UBEXXZ 10026220 f i XRobot.obj
 0002:00014380       ?AssertValid@?$CList@PAURCMDPair@@ABQAU1@@@UBEXXZ 10026380 f i XRobot.obj
 0002:00014490       ?Dump@?$CArray@DABD@@UBEXAAVCDumpContext@@@Z 10026490 f i XRobot.obj
 0002:00014570       ?Dump@?$CList@PAURCMDPair@@ABQAU1@@@UBEXAAVCDumpContext@@@Z 10026570 f i XRobot.obj
 0002:000146c0       ?FreeNode@?$CList@PAURCMDPair@@ABQAU1@@@IAEXPAUCNode@1@@Z 100266c0 f i XRobot.obj
 0002:00014770       ?GetCount@?$CList@PAURCMDPair@@ABQAU1@@@QBEHXZ 10026770 f i XRobot.obj
 0002:000147b0       ?GetData@?$CArray@DABD@@QAEPADXZ 100267b0 f i XRobot.obj
 0002:000147f0       ?GetHeadPosition@?$CList@PAURCMDPair@@ABQAU1@@@QBEPAU__POSITION@@XZ 100267f0 f i XRobot.obj
 0002:00014830       ?GetNext@?$CList@PAURCMDPair@@ABQAU1@@@QAEAAPAURCMDPair@@AAPAU__POSITION@@@Z 10026830 f i XRobot.obj
 0002:000148d0       ?GetTickCount@CTime@ATL@@SG?AV12@XZ 100268d0 f i XRobot.obj
 0002:00014940       ?GetTotalSeconds@CTimeSpan@ATL@@QBE_JXZ 10026940 f i XRobot.obj
 0002:00014980       ?NewNode@?$CList@PAURCMDPair@@ABQAU1@@@IAEPAUCNode@1@PAU21@0@Z 10026980 f i XRobot.obj
 0002:00014b50       ?RemoveAll@?$CList@PAURCMDPair@@ABQAU1@@@QAEXXZ 10026b50 f i XRobot.obj
 0002:00014c20       ?RemoveHead@?$CList@PAURCMDPair@@ABQAU1@@@QAEPAURCMDPair@@XZ 10026c20 f i XRobot.obj
 0002:00014d80       ?Serialize@?$CArray@DABD@@UAEXAAVCArchive@@@Z 10026d80 f i XRobot.obj
 0002:00014e50       ?Serialize@?$CList@PAURCMDPair@@ABQAU1@@@UAEXAAVCArchive@@@Z 10026e50 f i XRobot.obj
 0002:00014ff0       ?SetSize@?$CArray@DABD@@QAEXHH@Z 10026ff0 f i XRobot.obj
 0002:00015540       ?_Alloc_proxy@?$_Vector_alloc@$0A@U?$_Vec_base_types@V?$basic_string@DU?$char_traits@D@std@@V?$allocator@D@2@@std@@V?$allocator@V?$basic_string@DU?$char_traits@D@std@@V?$allocator@D@2@@std@@@2@@std@@@std@@QAEXXZ 10027540 f i XRobot.obj
 0002:00015610       ?_Assign_rv@?$basic_string@DU?$char_traits@D@std@@V?$allocator@D@2@@std@@QAEX$$QAV12@@Z 10027610 f i XRobot.obj
 0002:00015700       ?_Assign_rv@?$vector@V?$basic_string@DU?$char_traits@D@std@@V?$allocator@D@2@@std@@V?$allocator@V?$basic_string@DU?$char_traits@D@std@@V?$allocator@D@2@@std@@@2@@std@@QAEX$$QAV12@U?$integral_constant@_N$00@2@@Z 10027700 f i XRobot.obj
 0002:000157c0       ?_Chassign@?$basic_string@DU?$char_traits@D@std@@V?$allocator@D@2@@std@@QAEXIID@Z 100277c0 f i XRobot.obj
 0002:00015860       ?_Clrcont@_Iterator_base12@std@@QAEXXZ 10027860 f i XRobot.obj
 0002:000158a0       ?_Destroy@?$vector@V?$basic_string@DU?$char_traits@D@std@@V?$allocator@D@2@@std@@V?$allocator@V?$basic_string@DU?$char_traits@D@std@@V?$allocator@D@2@@std@@@2@@std@@IAEXPAV?$basic_string@DU?$char_traits@D@std@@V?$allocator@D@2@@2@0@Z 100278a0 f i XRobot.obj
 0002:00015950       ?_Free_proxy@?$_Vector_alloc@$0A@U?$_Vec_base_types@V?$basic_string@DU?$char_traits@D@std@@V?$allocator@D@2@@std@@V?$allocator@V?$basic_string@DU?$char_traits@D@std@@V?$allocator@D@2@@std@@@2@@std@@@std@@QAEXXZ 10027950 f i XRobot.obj
 0002:00015a30       ?_Getal@?$_Vector_alloc@$0A@U?$_Vec_base_types@V?$basic_string@DU?$char_traits@D@std@@V?$allocator@D@2@@std@@V?$allocator@V?$basic_string@DU?$char_traits@D@std@@V?$allocator@D@2@@std@@@2@@std@@@std@@QBE?AU?$_Wrap_alloc@V?$allocator@V?$basic_string@DU?$char_traits@D@std@@V?$allocator@D@2@@std@@@std@@@2@XZ 10027a30 f i XRobot.obj
 0002:00015a90       ?_Getpnext@_Iterator_base12@std@@QAEPAPAU12@XZ 10027a90 f i XRobot.obj
 0002:00015ad0       ?_Getstate@?$basic_stringbuf@DU?$char_traits@D@std@@V?$allocator@D@2@@std@@AAEHH@Z 10027ad0 f i XRobot.obj
 0002:00015b70       ?_Grow_to@?$vector@V?$basic_string@DU?$char_traits@D@std@@V?$allocator@D@2@@std@@V?$allocator@V?$basic_string@DU?$char_traits@D@std@@V?$allocator@D@2@@std@@@2@@std@@IBEII@Z 10027b70 f i XRobot.obj
 0002:00015c20       ?_Init@?$basic_stringbuf@DU?$char_traits@D@std@@V?$allocator@D@2@@std@@IAEXPBDIH@Z 10027c20 f i XRobot.obj
 0002:00015dd0       ?_Inside@?$vector@V?$basic_string@DU?$char_traits@D@std@@V?$allocator@D@2@@std@@V?$allocator@V?$basic_string@DU?$char_traits@D@std@@V?$allocator@D@2@@std@@@2@@std@@IBE_NPBV?$basic_string@DU?$char_traits@D@std@@V?$allocator@D@2@@2@@Z 10027dd0 f i XRobot.obj
 0002:00015e50       ?_Orphan_range@?$vector@V?$basic_string@DU?$char_traits@D@std@@V?$allocator@D@2@@std@@V?$allocator@V?$basic_string@DU?$char_traits@D@std@@V?$allocator@D@2@@std@@@2@@std@@IBEXPAV?$basic_string@DU?$char_traits@D@std@@V?$allocator@D@2@@2@0@Z 10027e50 f i XRobot.obj
 0002:00015fd0       ?_Reallocate@?$vector@V?$basic_string@DU?$char_traits@D@std@@V?$allocator@D@2@@std@@V?$allocator@V?$basic_string@DU?$char_traits@D@std@@V?$allocator@D@2@@std@@@2@@std@@IAEXI@Z 10027fd0 f i XRobot.obj
 0002:000161b0       ?_Reserve@?$vector@V?$basic_string@DU?$char_traits@D@std@@V?$allocator@D@2@@std@@V?$allocator@V?$basic_string@DU?$char_traits@D@std@@V?$allocator@D@2@@std@@@2@@std@@IAEXI@Z 100281b0 f i XRobot.obj
 0002:00016260       ?_Tidy@?$basic_stringbuf@DU?$char_traits@D@std@@V?$allocator@D@2@@std@@IAEXXZ 10028260 f i XRobot.obj
 0002:000163c0       ?_Tidy@?$vector@V?$basic_string@DU?$char_traits@D@std@@V?$allocator@D@2@@std@@V?$allocator@V?$basic_string@DU?$char_traits@D@std@@V?$allocator@D@2@@std@@@2@@std@@IAEXXZ 100283c0 f i XRobot.obj
 0002:000164b0       ?_Unused_capacity@?$vector@V?$basic_string@DU?$char_traits@D@std@@V?$allocator@D@2@@std@@V?$allocator@V?$basic_string@DU?$char_traits@D@std@@V?$allocator@D@2@@std@@@2@@std@@QBEIXZ 100284b0 f i XRobot.obj
 0002:00016500       ?_Xlen@?$vector@V?$basic_string@DU?$char_traits@D@std@@V?$allocator@D@2@@std@@V?$allocator@V?$basic_string@DU?$char_traits@D@std@@V?$allocator@D@2@@std@@@2@@std@@IBEXXZ 10028500 f i XRobot.obj
 0002:00016560       ?allocate@?$_Wrap_alloc@V?$allocator@U_Container_proxy@std@@@std@@@std@@QAEPAU_Container_proxy@2@I@Z 10028560 f i XRobot.obj
 0002:000165c0       ?allocate@?$_Wrap_alloc@V?$allocator@V?$basic_string@DU?$char_traits@D@std@@V?$allocator@D@2@@std@@@std@@@std@@QAEPAV?$basic_string@DU?$char_traits@D@std@@V?$allocator@D@2@@2@I@Z 100285c0 f i XRobot.obj
 0002:00016620       ?allocate@?$allocator@V?$basic_string@DU?$char_traits@D@std@@V?$allocator@D@2@@std@@@std@@QAEPAV?$basic_string@DU?$char_traits@D@std@@V?$allocator@D@2@@2@I@Z 10028620 f i XRobot.obj
 0002:00016680       ?append@?$basic_string@DU?$char_traits@D@std@@V?$allocator@D@2@@std@@QAEAAV12@ID@Z 10028680 f i XRobot.obj
 0002:00016750       ?assign@?$char_traits@D@std@@SAPADPADID@Z 10028750 f i XRobot.obj
 0002:000167b0       ?c_str@?$basic_string@DU?$char_traits@D@std@@V?$allocator@D@2@@std@@QBEPBDXZ 100287b0 f i XRobot.obj
 0002:00016800       ?capacity@?$vector@V?$basic_string@DU?$char_traits@D@std@@V?$allocator@D@2@@std@@V?$allocator@V?$basic_string@DU?$char_traits@D@std@@V?$allocator@D@2@@std@@@2@@std@@QBEIXZ 10028800 f i XRobot.obj
 0002:00016950       ?construct@?$allocator@V?$basic_string@DU?$char_traits@D@std@@V?$allocator@D@2@@std@@@std@@QAEXPAV?$basic_string@DU?$char_traits@D@std@@V?$allocator@D@2@@2@ABV32@@Z 10028950 f i XRobot.obj
 0002:00016bb0       ?data@CPlex@@QAEPAXXZ      10028bb0 f i XRobot.obj
 0002:00016bf0       ?deallocate@?$_Wrap_alloc@V?$allocator@U_Container_proxy@std@@@std@@@std@@QAEXPAU_Container_proxy@2@I@Z 10028bf0 f i XRobot.obj
 0002:00016c50       ?deallocate@?$_Wrap_alloc@V?$allocator@V?$basic_string@DU?$char_traits@D@std@@V?$allocator@D@2@@std@@@std@@@std@@QAEXPAV?$basic_string@DU?$char_traits@D@std@@V?$allocator@D@2@@2@I@Z 10028c50 f i XRobot.obj
 0002:00016cb0       ?deallocate@?$allocator@V?$basic_string@DU?$char_traits@D@std@@V?$allocator@D@2@@std@@@std@@QAEXPAV?$basic_string@DU?$char_traits@D@std@@V?$allocator@D@2@@2@I@Z 10028cb0 f i XRobot.obj
 0002:00016d10       ?doRemoteControl@XRobot@@AAEHXZ 10028d10 f   XRobot.obj
 0002:00017350       ?eof@?$char_traits@D@std@@SAHXZ 10029350 f i XRobot.obj
 0002:00017390       ?eq@?$char_traits@D@std@@SA_NABD0@Z 10029390 f i XRobot.obj
 0002:00017400       ?eq_int_type@?$char_traits@D@std@@SA_NABH0@Z 10029400 f i XRobot.obj
 0002:00017460       ?executeCommand@XRobot@@QAEHPBD@Z 10029460 f   XRobot.obj
 0002:00017630       ?executeInstruction@XRobot@@QAEHPBD@Z 10029630 f   XRobot.obj
 0002:00017910       ?getErrorCode@XRobot@@QAEHXZ 10029910 f   XRobot.obj
 0002:00017950       ?getLockingStatus@XRobot@@QAEHAA_N@Z 10029950 f   XRobot.obj
 0002:00017b40       ?getLoggetCurPosition@XRobot@@QAEHHPAJ@Z 10029b40 f   XRobot.obj
 0002:00017d60       ?getLoggetCurTorqueque@XRobot@@QAEHHPAF@Z 10029d60 f   XRobot.obj
 0002:00017f80       ?getLoggetCurVelocityocity@XRobot@@QAEHHPAJ@Z 10029f80 f   XRobot.obj
 0002:000181a0       ?getNumberData@XRobot@@QAEMPBD@Z 1002a1a0 f   XRobot.obj
 0002:00018380       ?getProgramSteps@XRobot@@QAE?AV?$CStringT@_WV?$StrTraitMFC_DLL@_WV?$ChTraitsCRT@_W@ATL@@@@@ATL@@PBD@Z 1002a380 f   XRobot.obj
 0002:000185e0       ?getPrograms@XRobot@@QAE?AV?$CStringT@_WV?$StrTraitMFC_DLL@_WV?$ChTraitsCRT@_W@ATL@@@@@ATL@@XZ 1002a5e0 f   XRobot.obj
 0002:00018810       ?getServerAddress@XRobot@@QAE?AV?$CStringT@_WV?$StrTraitMFC_DLL@_WV?$ChTraitsCRT@_W@ATL@@@@@ATL@@XZ 1002a810 f   XRobot.obj
 0002:000188a0       ?getSystemLog@XRobot@@QAE?AV?$CStringT@_WV?$StrTraitMFC_DLL@_WV?$ChTraitsCRT@_W@ATL@@@@@ATL@@XZ 1002a8a0 f   XRobot.obj
 0002:00018ad0       ?getSystemLogSize@XRobot@@QAEHXZ 1002aad0 f   XRobot.obj
 0002:00018d40       ?isConnected@XRobot@@QAE_NXZ 1002ad40 f   XRobot.obj
 0002:00018d90       ?length@?$basic_string@DU?$char_traits@D@std@@V?$allocator@D@2@@std@@QBEIXZ 1002ad90 f i XRobot.obj
 0002:00018dd0       ?lock@XRobot@@QAEHXZ       1002add0 f   XRobot.obj
 0002:00018fa0       ?max_size@?$_Wrap_alloc@V?$allocator@V?$basic_string@DU?$char_traits@D@std@@V?$allocator@D@2@@std@@@std@@@std@@QBEIXZ 1002afa0 f i XRobot.obj
 0002:00019000       ?max_size@?$allocator@V?$basic_string@DU?$char_traits@D@std@@V?$allocator@D@2@@std@@@std@@QBEIXZ 1002b000 f i XRobot.obj
 0002:00019040       ?max_size@?$allocator_traits@V?$allocator@V?$basic_string@DU?$char_traits@D@std@@V?$allocator@D@2@@std@@@std@@@std@@SAIABV?$allocator@V?$basic_string@DU?$char_traits@D@std@@V?$allocator@D@2@@std@@@2@@Z 1002b040 f i XRobot.obj
 0002:00019090       ?max_size@?$vector@V?$basic_string@DU?$char_traits@D@std@@V?$allocator@D@2@@std@@V?$allocator@V?$basic_string@DU?$char_traits@D@std@@V?$allocator@D@2@@std@@@2@@std@@QBEIXZ 1002b090 f i XRobot.obj
 0002:000190f0       ?not_eof@?$char_traits@D@std@@SAHABH@Z 1002b0f0 f i XRobot.obj
 0002:00019190       ?overflow@?$basic_stringbuf@DU?$char_traits@D@std@@V?$allocator@D@2@@std@@MAEHH@Z 1002b190 f i XRobot.obj
 0002:000196a0       ?pbackfail@?$basic_stringbuf@DU?$char_traits@D@std@@V?$allocator@D@2@@std@@MAEHH@Z 1002b6a0 f i XRobot.obj
 0002:00019860       ?procRemoteControl@XRobot@@CGKPAX@Z 1002b860 f   XRobot.obj
 0002:000198c0       ?processReadStatus@XRobot@@AAEXXZ 1002b8c0 f   XRobot.obj
 0002:0001a190       ?push_back@?$vector@V?$basic_string@DU?$char_traits@D@std@@V?$allocator@D@2@@std@@V?$allocator@V?$basic_string@DU?$char_traits@D@std@@V?$allocator@D@2@@std@@@2@@std@@QAEXABV?$basic_string@DU?$char_traits@D@std@@V?$allocator@D@2@@2@@Z 1002c190 f i XRobot.obj
 0002:0001a320       ?receiveData@XRobot@@AAEHAAURCMD_HEADER@@@Z 1002c320 f   XRobot.obj
 0002:0001a7f0       ?resetEcatError@XRobot@@QAEXXZ 1002c7f0 f   XRobot.obj
 0002:0001a8a0       ?resetError@XRobot@@QAEXXZ 1002c8a0 f   XRobot.obj
 0002:0001a950       ?seekoff@?$basic_stringbuf@DU?$char_traits@D@std@@V?$allocator@D@2@@std@@MAE?AV?$fpos@H@2@_JHH@Z 1002c950 f i XRobot.obj
 0002:0001ae30       ?seekpos@?$basic_stringbuf@DU?$char_traits@D@std@@V?$allocator@D@2@@std@@MAE?AV?$fpos@H@2@V32@H@Z 1002ce30 f i XRobot.obj
 0002:0001b1f0       ?segetCoordinateinate@XRobot@@QAEXH@Z 1002d1f0 f   XRobot.obj
 0002:0001b290       ?select_on_container_copy_construction@?$_Wrap_alloc@V?$allocator@D@std@@@std@@QBE?AU12@XZ 1002d290 f i XRobot.obj
 0002:0001b300       ?select_on_container_copy_construction@?$allocator@D@std@@QBE?AV12@XZ 1002d300 f i XRobot.obj
 0002:0001b360       ?select_on_container_copy_construction@?$allocator_traits@V?$allocator@D@std@@@std@@SA?AV?$allocator@D@2@ABV32@@Z 1002d360 f i XRobot.obj
 0002:0001b3c0       ?sendCommandAndWait@XRobot@@AAEXPAURCMDPair@@@Z 1002d3c0 f   XRobot.obj
 0002:0001b580       ?setEMGOn@XRobot@@QAEX_N@Z 1002d580 f   XRobot.obj
 0002:0001b620       ?setEnableOn@XRobot@@QAEX_N@Z 1002d620 f   XRobot.obj
 0002:0001b6c0       ?setInchingOn@XRobot@@QAEX_N@Z 1002d6c0 f   XRobot.obj
 0002:0001b760       ?setJogOff@XRobot@@QAEHII@Z 1002d760 f   XRobot.obj
 0002:0001b800       ?setJogOn@XRobot@@QAEHII@Z 1002d800 f   XRobot.obj
 0002:0001b890       ?setLogStart@XRobot@@QAEH_N@Z 1002d890 f   XRobot.obj
 0002:0001ba50       ?setProgramSteps@XRobot@@QAEHPBD0@Z 1002da50 f   XRobot.obj
 0002:0001be00       ?setServerAddress@XRobot@@QAEXABV?$CStringT@_WV?$StrTraitMFC_DLL@_WV?$ChTraitsCRT@_W@ATL@@@@@ATL@@@Z 1002de00 f   XRobot.obj
 0002:0001be70       ?setServoOn@XRobot@@QAEX_N@Z 1002de70 f   XRobot.obj
 0002:0001bf10       ?setTeachMode@XRobot@@QAEX_N@Z 1002df10 f   XRobot.obj
 0002:0001bfb0       ?setTeachSpeed@XRobot@@QAEXH@Z 1002dfb0 f   XRobot.obj
 0002:0001c050       ?size@?$vector@V?$basic_string@DU?$char_traits@D@std@@V?$allocator@D@2@@std@@V?$allocator@V?$basic_string@DU?$char_traits@D@std@@V?$allocator@D@2@@std@@@2@@std@@QBEIXZ 1002e050 f i XRobot.obj
 0002:0001c2c0       ?startService@XRobot@@QAEXXZ 1002e2c0 f   XRobot.obj
 0002:0001c3b0       ?stopService@XRobot@@QAEXXZ 1002e3b0 f   XRobot.obj
 0002:0001c470       ?to_char_type@?$char_traits@D@std@@SADABH@Z 1002e470 f i XRobot.obj
 0002:0001c4b0       ?to_int_type@?$char_traits@D@std@@SAHABD@Z 1002e4b0 f i XRobot.obj
 0002:0001c4f0       ?unLock@XRobot@@QAEHXZ     1002e4f0 f   XRobot.obj
 0002:0001c6c0       ?underflow@?$basic_stringbuf@DU?$char_traits@D@std@@V?$allocator@D@2@@std@@MAEHXZ 1002e6c0 f i XRobot.obj
 0002:0001c8e0       ??$DumpElements@PAVXRobot@@@@YGXAAVCDumpContext@@PBQAVXRobot@@H@Z 1002e8e0 f i XRobotDoc.obj
 0002:0001c9d0       ??$SerializeElements@PAVXRobot@@@@YGXAAVCArchive@@PAPAVXRobot@@H@Z 1002e9d0 f i XRobotDoc.obj
 0002:0001cbc0       ??0?$CArray@PAVXRobot@@ABQAV1@@@QAE@XZ 1002ebc0 f i XRobotDoc.obj
 0002:0001cc50       ??0XRobotDoc@@AAE@XZ       1002ec50 f   XRobotDoc.obj
 0002:0001ccb0       ??1?$CArray@PAVXRobot@@ABQAV1@@@UAE@XZ 1002ecb0 f i XRobotDoc.obj
 0002:0001cdc0       ??1XRobotDoc@@QAE@XZ       1002edc0 f   XRobotDoc.obj
 0002:0001cef0       ??A?$CArray@PAVXRobot@@ABQAV1@@@QAEAAPAVXRobot@@H@Z 1002eef0 f i XRobotDoc.obj
 0002:0001cf50       ??_E?$CArray@PAVXRobot@@ABQAV1@@@UAEPAXI@Z 1002ef50 f i XRobotDoc.obj
 0002:0001cf50       ??_G?$CArray@PAVXRobot@@ABQAV1@@@UAEPAXI@Z 1002ef50 f i XRobotDoc.obj
 0002:0001cfc0       ??_GXRobot@@QAEPAXI@Z      1002efc0 f i XRobotDoc.obj
 0002:0001d030       ??_GXRobotDoc@@QAEPAXI@Z   1002f030 f i XRobotDoc.obj
 0002:0001d0a0       ?Add@?$CArray@PAVXRobot@@ABQAV1@@@QAEHABQAVXRobot@@@Z 1002f0a0 f i XRobotDoc.obj
 0002:0001d110       ?AssertValid@?$CArray@PAVXRobot@@ABQAV1@@@UBEXXZ 1002f110 f i XRobotDoc.obj
 0002:0001d270       ?Dump@?$CArray@PAVXRobot@@ABQAV1@@@UBEXAAVCDumpContext@@@Z 1002f270 f i XRobotDoc.obj
 0002:0001d350       ?ElementAt@?$CArray@PAVXRobot@@ABQAV1@@@QAEAAPAVXRobot@@H@Z 1002f350 f i XRobotDoc.obj
 0002:0001d400       ?GetSize@?$CArray@PAVXRobot@@ABQAV1@@@QBEHXZ 1002f400 f i XRobotDoc.obj
 0002:0001d440       ?RemoveAll@?$CArray@PAVXRobot@@ABQAV1@@@QAEXXZ 1002f440 f i XRobotDoc.obj
 0002:0001d4a0       ?RemoveAt@?$CArray@PAVXRobot@@ABQAV1@@@QAEXHH@Z 1002f4a0 f i XRobotDoc.obj
 0002:0001d650       ?Serialize@?$CArray@PAVXRobot@@ABQAV1@@@UAEXAAVCArchive@@@Z 1002f650 f i XRobotDoc.obj
 0002:0001d720       ?SetAtGrow@?$CArray@PAVXRobot@@ABQAV1@@@QAEXHABQAVXRobot@@@Z 1002f720 f i XRobotDoc.obj
 0002:0001d7f0       ?SetSize@?$CArray@PAVXRobot@@ABQAV1@@@QAEXHH@Z 1002f7f0 f i XRobotDoc.obj
 0002:0001dd80       ?addRobot@XRobotDoc@@QAEPAVXRobot@@XZ 1002fd80 f   XRobotDoc.obj
 0002:0001df00       ?clean@XRobotDoc@@SAXXZ    1002ff00 f   XRobotDoc.obj
 0002:0001dfb0       ?deleteRobot@XRobotDoc@@QAEHPAVXRobot@@@Z 1002ffb0 f   XRobotDoc.obj
 0002:0001e0b0       ?getInstance@XRobotDoc@@SAPAV1@XZ 100300b0 f   XRobotDoc.obj
 0002:0001e1b0       ?getRobot@XRobotDoc@@QAEPAVXRobot@@H@Z 100301b0 f   XRobotDoc.obj
 0002:0001e250       ?getRobotCount@XRobotDoc@@QAEHXZ 10030250 f   XRobotDoc.obj
 0002:0001e2a0       ?memmove_s@Checked@ATL@@YAXPAXIPBXI@Z 100302a0 f i XRobotDoc.obj
 0002:0001e314       ??3@YAXPAX@Z               10030314 f   mfc120ud:mfc120ud.dll
 0002:0001e31a       ??_U@YAPAXI@Z              1003031a f   mfc120ud:mfc120ud.dll
 0002:0001e320       ??_V@YAXPAX@Z              10030320 f   mfc120ud:mfc120ud.dll
 0002:0001e326       ?AfxAssertFailedLine@@YGHPBDH@Z 10030326 f   mfc120ud:mfc120ud.dll
 0002:0001e32c       ?AfxThrowInvalidArgException@@YGXXZ 1003032c f   mfc120ud:mfc120ud.dll
 0002:0001e332       ?GetBuffer@?$CSimpleStringT@_W$00@ATL@@QAEPA_WXZ 10030332 f   mfc120ud:mfc120ud.dll
 0002:0001e338       ?GetLength@?$CSimpleStringT@_W$00@ATL@@QBEHXZ 10030338 f   mfc120ud:mfc120ud.dll
 0002:0001e33e       ?ReleaseBuffer@?$CSimpleStringT@_W$00@ATL@@QAEXH@Z 1003033e f   mfc120ud:mfc120ud.dll
 0002:0001e344       ?SetString@?$CSimpleStringT@_W$00@ATL@@QAEXPB_WH@Z 10030344 f   mfc120ud:mfc120ud.dll
 0002:0001e34a       ??0?$CStringT@_WV?$StrTraitMFC_DLL@_WV?$ChTraitsCRT@_W@ATL@@@@@ATL@@QAE@XZ 1003034a f   mfc120ud:mfc120ud.dll
 0002:0001e350       ??0?$CStringT@_WV?$StrTraitMFC_DLL@_WV?$ChTraitsCRT@_W@ATL@@@@@ATL@@QAE@ABV01@@Z 10030350 f   mfc120ud:mfc120ud.dll
 0002:0001e356       ??1?$CStringT@_WV?$StrTraitMFC_DLL@_WV?$ChTraitsCRT@_W@ATL@@@@@ATL@@QAE@XZ 10030356 f   mfc120ud:mfc120ud.dll
 0002:0001e35c       ??2@YAPAXI@Z               1003035c f   mfc120ud:mfc120ud.dll
 0002:0001e362       ?GetBuffer@?$CSimpleStringT@D$00@ATL@@QAEPADXZ 10030362 f   mfc120ud:mfc120ud.dll
 0002:0001e368       ??0?$CStringT@DV?$StrTraitMFC_DLL@DV?$ChTraitsCRT@D@ATL@@@@@ATL@@QAE@PB_W@Z 10030368 f   mfc120ud:mfc120ud.dll
 0002:0001e36e       ??1?$CStringT@DV?$StrTraitMFC_DLL@DV?$ChTraitsCRT@D@ATL@@@@@ATL@@QAE@XZ 1003036e f   mfc120ud:mfc120ud.dll
 0002:0001e374       ??B?$CSimpleStringT@_W$00@ATL@@QBEPB_WXZ 10030374 f   mfc120ud:mfc120ud.dll
 0002:0001e37a       ?GetAt@?$CSimpleStringT@_W$00@ATL@@QBE_WH@Z 1003037a f   mfc120ud:mfc120ud.dll
 0002:0001e380       ??0?$CStringT@_WV?$StrTraitMFC_DLL@_WV?$ChTraitsCRT@_W@ATL@@@@@ATL@@QAE@PBD@Z 10030380 f   mfc120ud:mfc120ud.dll
 0002:0001e386       ?Format@?$CStringT@_WV?$StrTraitMFC_DLL@_WV?$ChTraitsCRT@_W@ATL@@@@@ATL@@QAAXPB_WZZ 10030386 f   mfc120ud:mfc120ud.dll
 0002:0001e38c       ??2CObject@@SGPAXIPBDH@Z   1003038c f   mfc120ud:mfc120ud.dll
 0002:0001e392       ?AfxGetModuleState@@YGPAVAFX_MODULE_STATE@@XZ 10030392 f   mfc120ud:mfc120ud.dll
 0002:0001e398       ??0CDynLinkLibrary@@QAE@AAUAFX_EXTENSION_MODULE@@H@Z 10030398 f   mfc120ud:mfc120ud.dll
 0002:0001e39e       ?AfxInitExtensionModule@@YGHAAUAFX_EXTENSION_MODULE@@PAUHINSTANCE__@@@Z 1003039e f   mfc120ud:mfc120ud.dll
 0002:0001e3a4       ?AfxTermExtensionModule@@YGXAAUAFX_EXTENSION_MODULE@@H@Z 100303a4 f   mfc120ud:mfc120ud.dll
 0002:0001e3aa       ?AfxAssertValidObject@@YGXPBVCObject@@PBDH@Z 100303aa f   mfc120ud:mfc120ud.dll
 0002:0001e3b0       ?AfxThrowMemoryException@@YGXXZ 100303b0 f   mfc120ud:mfc120ud.dll
 0002:0001e3b6       ?GetRuntimeClass@CObject@@UBEPAUCRuntimeClass@@XZ 100303b6 f   mfc120ud:mfc120ud.dll
 0002:0001e3bc       ??1CObject@@UAE@XZ         100303bc f   mfc120ud:mfc120ud.dll
 0002:0001e3c2       ??3CObject@@SGXPAX@Z       100303c2 f   mfc120ud:mfc120ud.dll
 0002:0001e3c8       ??0CObject@@IAE@XZ         100303c8 f   mfc120ud:mfc120ud.dll
 0002:0001e3ce       ?Serialize@CObject@@UAEXAAVCArchive@@@Z 100303ce f   mfc120ud:mfc120ud.dll
 0002:0001e3d4       ?AssertValid@CObject@@UBEXXZ 100303d4 f   mfc120ud:mfc120ud.dll
 0002:0001e3da       ?Dump@CObject@@UBEXAAVCDumpContext@@@Z 100303da f   mfc120ud:mfc120ud.dll
 0002:0001e3e0       ?AfxIsValidAddress@@YGHPBXIH@Z 100303e0 f   mfc120ud:mfc120ud.dll
 0002:0001e3e6       ??_U@YAPAXIPBDH@Z          100303e6 f   mfc120ud:mfc120ud.dll
 0002:0001e3ec       ?IsStoring@CArchive@@QBEHXZ 100303ec f   mfc120ud:mfc120ud.dll
 0002:0001e3f2       ?EnsureRead@CArchive@@QAEXPAXI@Z 100303f2 f   mfc120ud:mfc120ud.dll
 0002:0001e3f8       ?Write@CArchive@@QAEXPBXI@Z 100303f8 f   mfc120ud:mfc120ud.dll
 0002:0001e3fe       ?ReadCount@CArchive@@QAEKXZ 100303fe f   mfc120ud:mfc120ud.dll
 0002:0001e404       ?WriteCount@CArchive@@QAEXK@Z 10030404 f   mfc120ud:mfc120ud.dll
 0002:0001e40a       ?GetDepth@CDumpContext@@QBEHXZ 1003040a f   mfc120ud:mfc120ud.dll
 0002:0001e410       ??6CDumpContext@@QAEAAV0@PBD@Z 10030410 f   mfc120ud:mfc120ud.dll
 0002:0001e416       ??6CDumpContext@@QAEAAV0@H@Z 10030416 f   mfc120ud:mfc120ud.dll
 0002:0001e41c       ?GetRuntimeClass@CException@@UBEPAUCRuntimeClass@@XZ 1003041c f   mfc120ud:mfc120ud.dll
 0002:0001e422       ??0CException@@QAE@XZ      10030422 f   mfc120ud:mfc120ud.dll
 0002:0001e428       ?GetErrorMessage@CException@@UBEHPA_WIPAI@Z 10030428 f   mfc120ud:mfc120ud.dll
 0002:0001e42e       ?GetErrorMessage@CException@@UAEHPA_WIPAI@Z 1003042e f   mfc120ud:mfc120ud.dll
 0002:0001e434       ?ReportError@CException@@UAEHII@Z 10030434 f   mfc120ud:mfc120ud.dll
 0002:0001e43a       ??1CException@@UAE@XZ      1003043a f   mfc120ud:mfc120ud.dll
 0002:0001e440       ??3CException@@SGXPAX@Z    10030440 f   mfc120ud:mfc120ud.dll
 0002:0001e446       ??2CObject@@SGPAXI@Z       10030446 f   mfc120ud:mfc120ud.dll
 0002:0001e44c       ?Delete@CException@@QAEXXZ 1003044c f   mfc120ud:mfc120ud.dll
 0002:0001e452       ??4?$CStringT@_WV?$StrTraitMFC_DLL@_WV?$ChTraitsCRT@_W@ATL@@@@@ATL@@QAEAAV01@ABV01@@Z 10030452 f   mfc120ud:mfc120ud.dll
 0002:0001e458       ??4?$CStringT@_WV?$StrTraitMFC_DLL@_WV?$ChTraitsCRT@_W@ATL@@@@@ATL@@QAEAAV01@PB_W@Z 10030458 f   mfc120ud:mfc120ud.dll
 0002:0001e45e       ?Trim@?$CStringT@_WV?$StrTraitMFC_DLL@_WV?$ChTraitsCRT@_W@ATL@@@@@ATL@@QAEAAV12@XZ 1003045e f   mfc120ud:mfc120ud.dll
 0002:0001e464       ?Create@CPlex@@SGPAU1@AAPAU1@II@Z 10030464 f   mfc120ud:mfc120ud.dll
 0002:0001e46a       ?FreeDataChain@CPlex@@QAEXXZ 1003046a f   mfc120ud:mfc120ud.dll
 0002:0001e470       ?AfxMessageBox@@YGHPB_WII@Z 10030470 f   mfc120ud:mfc120ud.dll
 0002:0001e476       ??0CMutex@@QAE@HPB_WPAU_SECURITY_ATTRIBUTES@@@Z 10030476 f   mfc120ud:mfc120ud.dll
 0002:0001e47c       ??1CMutex@@UAE@XZ          1003047c f   mfc120ud:mfc120ud.dll
 0002:0001e482       ??0CEvent@@QAE@HHPB_WPAU_SECURITY_ATTRIBUTES@@@Z 10030482 f   mfc120ud:mfc120ud.dll
 0002:0001e488       ?SetEvent@CEvent@@QAEHXZ   10030488 f   mfc120ud:mfc120ud.dll
 0002:0001e48e       ?ResetEvent@CEvent@@QAEHXZ 1003048e f   mfc120ud:mfc120ud.dll
 0002:0001e4a0       ??1CComBSTR@ATL@@QAE@XZ    100304a0 f i mfcs120ud:nolib.obj
 0002:0001e4e0       ??1stringdispid@CComTypeInfoHolder@ATL@@QAE@XZ 100304e0 f i mfcs120ud:nolib.obj
 0002:0001e510       ??_Estringdispid@CComTypeInfoHolder@ATL@@QAEPAXI@Z 10030510 f i mfcs120ud:nolib.obj
 0002:0001e5b0       _IsolationAwareActivateActCtx@8 100305b0 f i mfcs120ud:nolib.obj
 0002:0001e650       _IsolationAwareCreateActCtxW@4 10030650 f i mfcs120ud:nolib.obj
 0002:0001e6e0       _IsolationAwareDeactivateActCtx@8 100306e0 f i mfcs120ud:nolib.obj
 0002:0001e780       _IsolationAwareFindActCtxSectionStringW@20 10030780 f i mfcs120ud:nolib.obj
 0002:0001e830       _IsolationAwarePrivatenPgViNgRzlnPgpgk@4 10030830 f i mfcs120ud:nolib.obj
 0002:0001e940       _IsolationAwarePrivatezltRgCebPnQQeRff@12 10030940 f i mfcs120ud:nolib.obj
 0002:0001e9f0       _IsolationAwarePrivatezltRgzbQhYRuNaQYRJ@4 100309f0 f i mfcs120ud:nolib.obj
 0002:0001ea20       _IsolationAwarePrivatezltRgzbQhYRuNaQYRn@4 10030a20 f i mfcs120ud:nolib.obj
 0002:0001ea50       _IsolationAwareQueryActCtxW@28 10030a50 f i mfcs120ud:nolib.obj
 0002:0001eb00       _IsolationAwareUnregisterClassW@8 10030b00 f i mfcs120ud:nolib.obj
 0002:0001ed00       _WinbaseIsolationAwarePrivatetRgCebPnQQeRff_xReaRYQP_QYY@4 10030d00 f i mfcs120ud:nolib.obj
 0002:0001ed30       _WinbaseIsolationAwarePrivatetRgzlnPgpgk@0 10030d30 f i mfcs120ud:nolib.obj
 0002:0001f150       ?AfxSocketInit@@YGHPAUWSAData@@@Z 10031150 f   mfcs120ud:sockexp.obj
 0002:0001f17e       _wcscpy_s                  1003117e f   msvcrtd:MSVCR120D.dll
 0002:0001f184       __CrtDbgReportW            10031184 f   msvcrtd:MSVCR120D.dll
 0002:0001f190       @_RTC_AllocaHelper@12      10031190 f   msvcrtd:stack.obj
 0002:0001f1d0       @_RTC_CheckStackVars2@12   100311d0 f   msvcrtd:stack.obj
 0002:0001f2e0       @_RTC_CheckStackVars@8     100312e0 f   msvcrtd:stack.obj
 0002:0001f350       __RTC_CheckEsp             10031350 f   msvcrtd:stack.obj
 0002:0001f380       @__security_check_cookie@4 10031380 f   msvcrtd:secchk.obj
 0002:0001f3a0       __RTC_InitBase             100313a0 f   msvcrtd:init.obj
 0002:0001f3e0       __RTC_Shutdown             100313e0 f   msvcrtd:init.obj
 0002:0001f3f8       ___CxxFrameHandler3        100313f8 f   msvcrtd:MSVCR120D.dll
 0002:0001f400       __purecall                 10031400 f   msvcrtd:MSVCR120D.dll
 0002:0001f410       ___atonexitinit            10031410 f   msvcrtd:atonexit.obj
 0002:0001f4f0       __onexit                   100314f0 f   msvcrtd:atonexit.obj
 0002:0001f630       _atexit                    10031630 f   msvcrtd:atonexit.obj
 0002:0001f666       _memcpy                    10031666 f   msvcrtd:MSVCR120D.dll
 0002:0001f66c       _strcpy                    1003166c f   msvcrtd:MSVCR120D.dll
 0002:0001f672       _strlen                    10031672 f   msvcrtd:MSVCR120D.dll
 0002:0001f678       _memmove                   10031678 f   msvcrtd:MSVCR120D.dll
 0002:0001f67e       __CxxThrowException@8      1003167e f   msvcrtd:MSVCR120D.dll
 0002:0001f684       _memset                    10031684 f   msvcrtd:MSVCR120D.dll
 0002:0001f690       ??0type_info@@AAE@ABV0@@Z  10031690 f   msvcrtd:ti_inst.obj
 0002:0001f6b0       ??4type_info@@AAEAAV0@ABV0@@Z 100316b0 f   msvcrtd:ti_inst.obj
 0002:0001f6d0       ??_Etype_info@@UAEPAXI@Z   100316d0 f i msvcrtd:ti_inst.obj
 0002:0001f754       _swprintf_s                10031754 f   msvcrtd:MSVCR120D.dll
 0002:0001f75a       __vsnwprintf_s             1003175a f   msvcrtd:MSVCR120D.dll
 0002:0001f760       _free                      10031760 f   msvcrtd:MSVCR120D.dll
 0002:0001f766       __hypot                    10031766 f   msvcrtd:MSVCR120D.dll
 0002:0001f76c       _memcpy_s                  1003176c f   msvcrtd:MSVCR120D.dll
 0002:0001f772       __invalid_parameter        10031772 f   msvcrtd:MSVCR120D.dll
 0002:0001f778       _strerror                  10031778 f   msvcrtd:MSVCR120D.dll
 0002:0001f77e       __time64                   1003177e f   msvcrtd:MSVCR120D.dll
 0002:0001f784       _memmove_s                 10031784 f   msvcrtd:MSVCR120D.dll
 0002:0001f830       _NtCurrentTeb              10031830 f i msvcrtd:crtdll.obj
 0002:0001f840       __CRT_INIT@12              10031840 f   msvcrtd:crtdll.obj
 0002:0001fbd0       __DllMainCRTStartup@12     10031bd0 f   msvcrtd:crtdll.obj
 0002:0001fe30       ??_M@YGXPAXIHP6EX0@Z@Z     10031e30 f   msvcrtd:ehvecdtr.obj
 0002:0001ff50       ?__ArrayUnwind@@YGXPAXIHP6EX0@Z@Z 10031f50 f   msvcrtd:ehvecdtr.obj
 0002:00020000       __except_handler4          10032000 f   msvcrtd:chandler4gs.obj
 0002:000201d0       ?_RTC_AllocaFailure@@YAXPAXPAU_RTC_ALLOCA_NODE@@H@Z 100321d0 f   msvcrtd:error.obj
 0002:000203b0       ?_RTC_Failure@@YAXPAXH@Z   100323b0 f   msvcrtd:error.obj
 0002:00020420       ?_RTC_StackFailure@@YAXPAXPBD@Z 10032420 f   msvcrtd:error.obj
 0002:00020880       __RTC_UninitUse            10032880 f   msvcrtd:error.obj
 0002:000209b0       ___raise_securityfailure   100329b0 f   msvcrtd:gs_report.obj
 0002:00020a10       ___report_gsfailure        10032a10 f   msvcrtd:gs_report.obj
 0002:00020b60       ___report_rangecheckfailure 10032b60 f   msvcrtd:gs_report.obj
 0002:00020b70       ___report_securityfailure  10032b70 f   msvcrtd:gs_report.obj
 0002:00020c80       ___report_securityfailureEx 10032c80 f   msvcrtd:gs_report.obj
 0002:00020df0       ?_RTC_GetErrorFunc@@YAP6AHHPBDH00ZZPBX@Z 10032df0 f   msvcrtd:userapi.obj
 0002:00020e00       ?_RTC_GetErrorFuncW@@YAP6AHHPB_WH00ZZPBX@Z 10032e00 f   msvcrtd:userapi.obj
 0002:00020e10       __RTC_GetErrDesc           10032e10 f   msvcrtd:userapi.obj
 0002:00020e30       __RTC_NumErrors            10032e30 f   msvcrtd:userapi.obj
 0002:00020e40       __RTC_SetErrorFunc         10032e40 f   msvcrtd:userapi.obj
 0002:00020e70       __RTC_SetErrorFuncW        10032e70 f   msvcrtd:userapi.obj
 0002:00020ea0       __RTC_SetErrorType         10032ea0 f   msvcrtd:userapi.obj
 0002:00020ecc       __CRT_RTC_INITW            10032ecc f   msvcrtd:MSVCR120D.dll
 0002:00020ed2       __lock                     10032ed2 f   msvcrtd:MSVCR120D.dll
 0002:00020ed8       __unlock                   10032ed8 f   msvcrtd:MSVCR120D.dll
 0002:00020ede       __calloc_dbg               10032ede f   msvcrtd:MSVCR120D.dll
 0002:00020ee4       ___dllonexit               10032ee4 f   msvcrtd:MSVCR120D.dll
 0002:00020eea       ??1type_info@@UAE@XZ       10032eea f   msvcrtd:MSVCR120D.dll
 0002:00020ef0       ___CppXcptFilter           10032ef0 f   msvcrtd:MSVCR120D.dll
 0002:00020ef6       __amsg_exit                10032ef6 f   msvcrtd:MSVCR120D.dll
 0002:00020efc       __malloc_dbg               10032efc f   msvcrtd:MSVCR120D.dll
 0002:00020f02       __free_dbg                 10032f02 f   msvcrtd:MSVCR120D.dll
 0002:00020f08       __CrtSetCheckCount         10032f08 f   msvcrtd:MSVCR120D.dll
 0002:00020f10       __FindPESection            10032f10 f   msvcrtd:pesect.obj
 0002:00020fa0       __IsNonwritableInCurrentImage 10032fa0 f   msvcrtd:pesect.obj
 0002:00021120       __ValidateImageBase        10033120 f   msvcrtd:pesect.obj
 0002:000211a0       ___security_init_cookie    100331a0 f   msvcrtd:gs_support.obj
 0002:000212c0       __RTC_Initialize           100332c0 f   msvcrtd:initsect.obj
 0002:000212f0       __RTC_Terminate            100332f0 f   msvcrtd:initsect.obj
 0002:0002131e       __initterm                 1003331e f   msvcrtd:MSVCR120D.dll
 0002:00021324       __initterm_e               10033324 f   msvcrtd:MSVCR120D.dll
 0002:00021330       ___clean_type_info_names   10033330 f   msvcrtd:tncleanup.obj
 0002:00021346       ?terminate@@YAXXZ          10033346 f   msvcrtd:MSVCR120D.dll
 0002:0002134c       __except_handler4_common   1003334c f   msvcrtd:MSVCR120D.dll
 0002:000218c0       ?_RTC_GetSrcLine@@YAHPAEPA_WKPAH1K@Z 100338c0 f   msvcrtd:pdblkup.obj
 0002:00021c1a       __crt_debugger_hook        10033c1a f   msvcrtd:MSVCR120D.dll
 0002:00021c20       ___crtUnhandledException   10033c20 f   msvcrtd:MSVCR120D.dll
 0002:00021c26       ___crtTerminateProcess     10033c26 f   msvcrtd:MSVCR120D.dll
 0002:00021c2c       ___clean_type_info_names_internal 10033c2c f   msvcrtd:MSVCR120D.dll
 0002:00021c32       __wmakepath_s              10033c32 f   msvcrtd:MSVCR120D.dll
 0002:00021c38       __wsplitpath_s             10033c38 f   msvcrtd:MSVCR120D.dll
[...]
 0005:0000015c       __imp_??0id@locale@std@@QAE@I@Z 1004415c     msvcprtd:MSVCP120D.dll
 0005:00000160       __imp_?_Syserror_map@std@@YAPBDH@Z 10044160     msvcprtd:MSVCP120D.dll
 0005:00000164       __imp_?_Winerror_map@std@@YAPBDH@Z 10044164     msvcprtd:MSVCP120D.dll
 0005:00000168       __imp_??0_Lockit@std@@QAE@H@Z 10044168     msvcprtd:MSVCP120D.dll
 0005:0000016c       __imp_??1_Lockit@std@@QAE@XZ 1004416c     msvcprtd:MSVCP120D.dll
 0005:00000170       __imp_?_Getpfirst@_Container_base12@std@@QBEPAPAU_Iterator_base12@2@XZ 10044170     msvcprtd:MSVCP120D.dll
 0005:00000174       __imp_?_Swap_all@_Container_base12@std@@QAEXAAU12@@Z 10044174     msvcprtd:MSVCP120D.dll
 0005:00000178       __imp_??Bios_base@std@@QBE_NXZ 10044178     msvcprtd:MSVCP120D.dll
 0005:0000017c       __imp_??0?$basic_streambuf@DU?$char_traits@D@std@@@std@@IAE@XZ 1004417c     msvcprtd:MSVCP120D.dll
 0005:00000180       __imp_??1?$basic_streambuf@DU?$char_traits@D@std@@@std@@UAE@XZ 10044180     msvcprtd:MSVCP120D.dll
 0005:00000184       __imp_?sbumpc@?$basic_streambuf@DU?$char_traits@D@std@@@std@@QAEHXZ 10044184     msvcprtd:MSVCP120D.dll
 0005:00000188       __imp_?sgetc@?$basic_streambuf@DU?$char_traits@D@std@@@std@@QAEHXZ 10044188     msvcprtd:MSVCP120D.dll
 0005:0000018c       __imp_?snextc@?$basic_streambuf@DU?$char_traits@D@std@@@std@@QAEHXZ 1004418c     msvcprtd:MSVCP120D.dll
 0005:00000190       __imp_?eback@?$basic_streambuf@DU?$char_traits@D@std@@@std@@IBEPADXZ 10044190     msvcprtd:MSVCP120D.dll
 0005:00000194       __imp_?gptr@?$basic_streambuf@DU?$char_traits@D@std@@@std@@IBEPADXZ 10044194     msvcprtd:MSVCP120D.dll
 0005:00000198       __imp_?_Debug_message@std@@YAXPB_W0I@Z 10044198     msvcprtd:MSVCP120D.dll
 0005:0000019c       __imp_?pbase@?$basic_streambuf@DU?$char_traits@D@std@@@std@@IBEPADXZ 1004419c     msvcprtd:MSVCP120D.dll
 0005:000001a0       __imp_?pptr@?$basic_streambuf@DU?$char_traits@D@std@@@std@@IBEPADXZ 100441a0     msvcprtd:MSVCP120D.dll
 0005:000001a4       __imp_?egptr@?$basic_streambuf@DU?$char_traits@D@std@@@std@@IBEPADXZ 100441a4     msvcprtd:MSVCP120D.dll
 0005:000001a8       \177MSVCP120D_NULL_THUNK_DATA 100441a8     msvcprtd:MSVCP120D.dll
 0005:000001f8       __imp_??1type_info@@UAE@XZ 100441f8     msvcrtd:MSVCR120D.dll
 0005:000001fc       __imp____CppXcptFilter     100441fc     msvcrtd:MSVCR120D.dll
 0005:00000200       __imp___amsg_exit          10044200     msvcrtd:MSVCR120D.dll
 0005:00000204       __imp___malloc_dbg         10044204     msvcrtd:MSVCR120D.dll
 0005:00000208       __imp___free_dbg           10044208     msvcrtd:MSVCR120D.dll
 0005:0000020c       __imp___CrtSetCheckCount   1004420c     msvcrtd:MSVCR120D.dll
 0005:00000210       __imp___initterm           10044210     msvcrtd:MSVCR120D.dll
 0005:00000214       __imp___initterm_e         10044214     msvcrtd:MSVCR120D.dll
 0005:00000218       __imp_?terminate@@YAXXZ    10044218     msvcrtd:MSVCR120D.dll
 0005:0000021c       __imp___except_handler4_common 1004421c     msvcrtd:MSVCR120D.dll
 0005:00000220       __imp___crt_debugger_hook  10044220     msvcrtd:MSVCR120D.dll
 0005:00000224       __imp____crtUnhandledException 10044224     msvcrtd:MSVCR120D.dll
 0005:00000228       __imp____crtTerminateProcess 10044228     msvcrtd:MSVCR120D.dll
 0005:0000022c       __imp____clean_type_info_names_internal 1004422c     msvcrtd:MSVCR120D.dll
 0005:00000230       __imp___wmakepath_s        10044230     msvcrtd:MSVCR120D.dll
 0005:00000234       __imp___wsplitpath_s       10044234     msvcrtd:MSVCR120D.dll
 0005:00000238       __imp___onexit             10044238     msvcrtd:MSVCR120D.dll
 0005:0000023c       __imp____dllonexit         1004423c     msvcrtd:MSVCR120D.dll
 0005:00000240       __imp___calloc_dbg         10044240     msvcrtd:MSVCR120D.dll
 0005:00000244       __imp___lock               10044244     msvcrtd:MSVCR120D.dll
 0005:00000248       __imp___CRT_RTC_INITW      10044248     msvcrtd:MSVCR120D.dll
 0005:0000024c       __imp__memmove_s           1004424c     msvcrtd:MSVCR120D.dll
 0005:00000250       __imp___time64             10044250     msvcrtd:MSVCR120D.dll
 0005:00000254       __imp__strerror            10044254     msvcrtd:MSVCR120D.dll
 0005:00000258       __imp___invalid_parameter  10044258     msvcrtd:MSVCR120D.dll
 0005:0000025c       __imp__memcpy_s            1004425c     msvcrtd:MSVCR120D.dll
 0005:00000260       __imp___hypot              10044260     msvcrtd:MSVCR120D.dll
 0005:00000264       __imp__free                10044264     msvcrtd:MSVCR120D.dll
 0005:00000268       __imp___vsnwprintf_s       10044268     msvcrtd:MSVCR120D.dll
 0005:0000026c       __imp__swprintf_s          1004426c     msvcrtd:MSVCR120D.dll
 0005:00000270       __imp__memset              10044270     msvcrtd:MSVCR120D.dll
 0005:00000274       __imp___CxxThrowException@8 10044274     msvcrtd:MSVCR120D.dll
 0005:00000278       __imp__memmove             10044278     msvcrtd:MSVCR120D.dll
 0005:0000027c       __imp__strlen              1004427c     msvcrtd:MSVCR120D.dll
 0005:00000280       __imp___recalloc           10044280     msvcrtd:MSVCR120D.dll
 0005:00000284       __imp__strcpy              10044284     msvcrtd:MSVCR120D.dll
 0005:00000288       __imp__memcpy              10044288     msvcrtd:MSVCR120D.dll
 0005:0000028c       __imp___purecall           1004428c     msvcrtd:MSVCR120D.dll
 0005:00000290       __imp____CxxFrameHandler3  10044290     msvcrtd:MSVCR120D.dll
 0005:00000294       __imp___CrtDbgReportW      10044294     msvcrtd:MSVCR120D.dll
 0005:00000298       __imp__wcscpy_s            10044298     msvcrtd:MSVCR120D.dll
 0005:0000029c       __imp___unlock             1004429c     msvcrtd:MSVCR120D.dll
 0005:000002a0       \177MSVCR120D_NULL_THUNK_DATA 100442a0     msvcrtd:MSVCR120D.dll
 0005:000002ec       __imp__SysFreeString@4     100442ec     oleaut32:OLEAUT32.dll
 0005:000002f0       \177OLEAUT32_NULL_THUNK_DATA 100442f0     oleaut32:OLEAUT32.dll
 0005:0000031c       __imp__UnregisterClassW@8  1004431c     user32:USER32.dll
 0005:00000320       \177USER32_NULL_THUNK_DATA 10044320     user32:USER32.dll
 0005:0000034c       __imp__shutdown@8          1004434c     ws2_32:WS2_32.dll
 0005:00000350       __imp__setsockopt@20       10044350     ws2_32:WS2_32.dll
 0005:00000354       __imp__gethostbyname@4     10044354     ws2_32:WS2_32.dll
 0005:00000358       __imp__recv@16             10044358     ws2_32:WS2_32.dll
 0005:0000035c       __imp__htons@4             1004435c     ws2_32:WS2_32.dll
 0005:00000360       __imp__ioctlsocket@12      10044360     ws2_32:WS2_32.dll
 0005:00000364       __imp__WSAStartup@8        10044364     ws2_32:WS2_32.dll
 0005:00000368       __imp__socket@12           10044368     ws2_32:WS2_32.dll
 0005:0000036c       __imp__WSAGetLastError@0   1004436c     ws2_32:WS2_32.dll
 0005:00000370       __imp__send@16             10044370     ws2_32:WS2_32.dll
 0005:00000374       __imp__closesocket@4       10044374     ws2_32:WS2_32.dll
 0005:00000378       __imp__connect@12          10044378     ws2_32:WS2_32.dll
 0005:0000037c       \177WS2_32_NULL_THUNK_DATA 1004437c     ws2_32:WS2_32.dll
 0005:000003b0       __imp_?AfxAssertFailedLine@@YGHPBDH@Z 100443b0     mfc120ud:mfc120ud.dll
 0005:000003b4       __imp_?AfxThrowInvalidArgException@@YGXXZ 100443b4     mfc120ud:mfc120ud.dll
 0005:000003b8       __imp_?GetBuffer@?$CSimpleStringT@_W$00@ATL@@QAEPA_WXZ 100443b8     mfc120ud:mfc120ud.dll
 0005:000003bc       __imp_?GetLength@?$CSimpleStringT@_W$00@ATL@@QBEHXZ 100443bc     mfc120ud:mfc120ud.dll
 0005:000003c0       __imp_?ReleaseBuffer@?$CSimpleStringT@_W$00@ATL@@QAEXH@Z 100443c0     mfc120ud:mfc120ud.dll
 0005:000003c4       __imp_?SetString@?$CSimpleStringT@_W$00@ATL@@QAEXPB_WH@Z 100443c4     mfc120ud:mfc120ud.dll
 0005:000003c8       __imp_??0?$CStringT@_WV?$StrTraitMFC_DLL@_WV?$ChTraitsCRT@_W@ATL@@@@@ATL@@QAE@XZ 100443c8     mfc120ud:mfc120ud.dll
 0005:000003cc       __imp_??0?$CStringT@_WV?$StrTraitMFC_DLL@_WV?$ChTraitsCRT@_W@ATL@@@@@ATL@@QAE@ABV01@@Z 100443cc     mfc120ud:mfc120ud.dll
 0005:000003d0       __imp_??1?$CStringT@_WV?$StrTraitMFC_DLL@_WV?$ChTraitsCRT@_W@ATL@@@@@ATL@@QAE@XZ 100443d0     mfc120ud:mfc120ud.dll
 0005:000003d4       __imp_??2@YAPAXI@Z         100443d4     mfc120ud:mfc120ud.dll
 0005:000003d8       __imp_?GetBuffer@?$CSimpleStringT@D$00@ATL@@QAEPADXZ 100443d8     mfc120ud:mfc120ud.dll
 0005:000003dc       __imp_??0?$CStringT@DV?$StrTraitMFC_DLL@DV?$ChTraitsCRT@D@ATL@@@@@ATL@@QAE@PB_W@Z 100443dc     mfc120ud:mfc120ud.dll
 0005:000003e0       __imp_??1?$CStringT@DV?$StrTraitMFC_DLL@DV?$ChTraitsCRT@D@ATL@@@@@ATL@@QAE@XZ 100443e0     mfc120ud:mfc120ud.dll
 0005:000003e4       __imp_??B?$CSimpleStringT@_W$00@ATL@@QBEPB_WXZ 100443e4     mfc120ud:mfc120ud.dll
 0005:000003e8       __imp_?GetAt@?$CSimpleStringT@_W$00@ATL@@QBE_WH@Z 100443e8     mfc120ud:mfc120ud.dll
 0005:000003ec       __imp_??0?$CStringT@_WV?$StrTraitMFC_DLL@_WV?$ChTraitsCRT@_W@ATL@@@@@ATL@@QAE@PBD@Z 100443ec     mfc120ud:mfc120ud.dll
 0005:000003f0       __imp_?Format@?$CStringT@_WV?$StrTraitMFC_DLL@_WV?$ChTraitsCRT@_W@ATL@@@@@ATL@@QAAXPB_WZZ 100443f0     mfc120ud:mfc120ud.dll
 0005:000003f4       __imp_??2CObject@@SGPAXIPBDH@Z 100443f4     mfc120ud:mfc120ud.dll
 0005:000003f8       __imp_??0CDynLinkLibrary@@QAE@AAUAFX_EXTENSION_MODULE@@H@Z 100443f8     mfc120ud:mfc120ud.dll
 0005:000003fc       __imp_?AfxInitExtensionModule@@YGHAAUAFX_EXTENSION_MODULE@@PAUHINSTANCE__@@@Z 100443fc     mfc120ud:mfc120ud.dll
 0005:00000400       __imp_?AfxTermExtensionModule@@YGXAAUAFX_EXTENSION_MODULE@@H@Z 10044400     mfc120ud:mfc120ud.dll
 0005:00000404       __imp_?AfxAssertValidObject@@YGXPBVCObject@@PBDH@Z 10044404     mfc120ud:mfc120ud.dll
 0005:00000408       __imp_?AfxThrowMemoryException@@YGXXZ 10044408     mfc120ud:mfc120ud.dll
 0005:0000040c       __imp_?GetRuntimeClass@CObject@@UBEPAUCRuntimeClass@@XZ 1004440c     mfc120ud:mfc120ud.dll
 0005:00000410       __imp_??1CObject@@UAE@XZ   10044410     mfc120ud:mfc120ud.dll
 0005:00000414       __imp_??3CObject@@SGXPAX@Z 10044414     mfc120ud:mfc120ud.dll
 0005:00000418       __imp_??0CObject@@IAE@XZ   10044418     mfc120ud:mfc120ud.dll
 0005:0000041c       __imp_?Serialize@CObject@@UAEXAAVCArchive@@@Z 1004441c     mfc120ud:mfc120ud.dll
 0005:00000420       __imp_?AssertValid@CObject@@UBEXXZ 10044420     mfc120ud:mfc120ud.dll
 0005:00000424       __imp_?Dump@CObject@@UBEXAAVCDumpContext@@@Z 10044424     mfc120ud:mfc120ud.dll
 0005:00000428       __imp_?AfxIsValidAddress@@YGHPBXIH@Z 10044428     mfc120ud:mfc120ud.dll
 0005:0000042c       __imp_??_U@YAPAXIPBDH@Z    1004442c     mfc120ud:mfc120ud.dll
 0005:00000430       __imp_?IsStoring@CArchive@@QBEHXZ 10044430     mfc120ud:mfc120ud.dll
 0005:00000434       __imp_?EnsureRead@CArchive@@QAEXPAXI@Z 10044434     mfc120ud:mfc120ud.dll
 0005:00000438       __imp_?Write@CArchive@@QAEXPBXI@Z 10044438     mfc120ud:mfc120ud.dll
 0005:0000043c       __imp_?ReadCount@CArchive@@QAEKXZ 1004443c     mfc120ud:mfc120ud.dll
 0005:00000440       __imp_?ResetEvent@CEvent@@QAEHXZ 10044440     mfc120ud:mfc120ud.dll
 0005:00000444       __imp_?SetEvent@CEvent@@QAEHXZ 10044444     mfc120ud:mfc120ud.dll
 0005:00000448       __imp_??0CEvent@@QAE@HHPB_WPAU_SECURITY_ATTRIBUTES@@@Z 10044448     mfc120ud:mfc120ud.dll
 0005:0000044c       __imp_??1CMutex@@UAE@XZ    1004444c     mfc120ud:mfc120ud.dll
 0005:00000450       __imp_??0CMutex@@QAE@HPB_WPAU_SECURITY_ATTRIBUTES@@@Z 10044450     mfc120ud:mfc120ud.dll
 0005:00000454       __imp_?AfxMessageBox@@YGHPB_WII@Z 10044454     mfc120ud:mfc120ud.dll
 0005:00000458       __imp_?FreeDataChain@CPlex@@QAEXXZ 10044458     mfc120ud:mfc120ud.dll
 0005:0000045c       __imp_?Create@CPlex@@SGPAU1@AAPAU1@II@Z 1004445c     mfc120ud:mfc120ud.dll
 0005:00000460       __imp_?Trim@?$CStringT@_WV?$StrTraitMFC_DLL@_WV?$ChTraitsCRT@_W@ATL@@@@@ATL@@QAEAAV12@XZ 10044460     mfc120ud:mfc120ud.dll
 0005:00000464       __imp_??4?$CStringT@_WV?$StrTraitMFC_DLL@_WV?$ChTraitsCRT@_W@ATL@@@@@ATL@@QAEAAV01@PB_W@Z 10044464     mfc120ud:mfc120ud.dll
 0005:00000468       __imp_??4?$CStringT@_WV?$StrTraitMFC_DLL@_WV?$ChTraitsCRT@_W@ATL@@@@@ATL@@QAEAAV01@ABV01@@Z 10044468     mfc120ud:mfc120ud.dll
 0005:0000046c       __imp_?Delete@CException@@QAEXXZ 1004446c     mfc120ud:mfc120ud.dll
 0005:00000470       __imp_??2CObject@@SGPAXI@Z 10044470     mfc120ud:mfc120ud.dll
 0005:00000474       __imp_??3CException@@SGXPAX@Z 10044474     mfc120ud:mfc120ud.dll
 0005:00000478       __imp_??1CException@@UAE@XZ 10044478     mfc120ud:mfc120ud.dll
 0005:0000047c       __imp_?ReportError@CException@@UAEHII@Z 1004447c     mfc120ud:mfc120ud.dll
 0005:00000480       __imp_?GetErrorMessage@CException@@UAEHPA_WIPAI@Z 10044480     mfc120ud:mfc120ud.dll
 0005:00000484       __imp_?GetErrorMessage@CException@@UBEHPA_WIPAI@Z 10044484     mfc120ud:mfc120ud.dll
 0005:00000488       __imp_??0CException@@QAE@XZ 10044488     mfc120ud:mfc120ud.dll
 0005:0000048c       __imp_?GetRuntimeClass@CException@@UBEPAUCRuntimeClass@@XZ 1004448c     mfc120ud:mfc120ud.dll
 0005:00000490       __imp_??6CDumpContext@@QAEAAV0@H@Z 10044490     mfc120ud:mfc120ud.dll
 0005:00000494       __imp_??6CDumpContext@@QAEAAV0@PBD@Z 10044494     mfc120ud:mfc120ud.dll
 0005:00000498       __imp_?GetDepth@CDumpContext@@QBEHXZ 10044498     mfc120ud:mfc120ud.dll
 0005:0000049c       __imp_?AfxGetModuleState@@YGPAVAFX_MODULE_STATE@@XZ 1004449c     mfc120ud:mfc120ud.dll
 0005:000004a0       __imp_?_AfxSocketInit@@YGHPAUWSAData@@@Z 100444a0     mfc120ud:mfc120ud.dll
 0005:000004a4       __imp_?WriteCount@CArchive@@QAEXK@Z 100444a4     mfc120ud:mfc120ud.dll
 0005:000004a8       __imp_??_V@YAXPAX@Z        100444a8     mfc120ud:mfc120ud.dll
 0005:000004ac       __imp_??_U@YAPAXI@Z        100444ac     mfc120ud:mfc120ud.dll
 0005:000004b0       __imp_??3@YAXPAX@Z         100444b0     mfc120ud:mfc120ud.dll
 0005:000004b4       \177mfc120ud_NULL_THUNK_DATA 100444b4     mfc120ud:mfc120ud.dll
 0005:00000514       __IMPORT_DESCRIPTOR_mfc120ud 10044514     mfc120ud:mfc120ud.dll
 0005:00000528       __IMPORT_DESCRIPTOR_MSVCR120D 10044528     msvcrtd:MSVCR120D.dll
 0005:0000053c       __IMPORT_DESCRIPTOR_KERNEL32 1004453c     kernel32:KERNEL32.dll
 0005:00000550       __IMPORT_DESCRIPTOR_USER32 10044550     user32:USER32.dll
 0005:00000564       __IMPORT_DESCRIPTOR_OLEAUT32 10044564     oleaut32:OLEAUT32.dll
 0005:00000578       __IMPORT_DESCRIPTOR_WS2_32 10044578     ws2_32:WS2_32.dll
 0005:0000058c       __IMPORT_DESCRIPTOR_MSVCP120D 1004458c     msvcprtd:MSVCP120D.dll
 0005:000005a0       __NULL_IMPORT_DESCRIPTOR   100445a0     mfc120ud:mfc120ud.dll

 entry point at        0002:000008b6


 Exports

  ordinal    name

        1    _cmon_create_robot
               exported name: cmon_create_robot
        2    _cmon_delete_robot
               exported name: cmon_delete_robot
        3    _cmon_execute_command
               exported name: cmon_execute_command
        4    _cmon_execute_instruction
               exported name: cmon_execute_instruction
        5    _cmon_get_cur_position
               exported name: cmon_get_cur_position
        6    _cmon_get_cur_torque
               exported name: cmon_get_cur_torque
        7    _cmon_get_cur_velocity
               exported name: cmon_get_cur_velocity
        8    _cmon_get_din
               exported name: cmon_get_din
        9    _cmon_get_dout
               exported name: cmon_get_dout
       10    _cmon_get_error_code
               exported name: cmon_get_error_code
       11    _cmon_get_error_status
               exported name: cmon_get_error_status
       12    _cmon_get_hold_done_status
               exported name: cmon_get_hold_done_status
       13    _cmon_get_hold_status
               exported name: cmon_get_hold_status
       14    _cmon_get_inching_status
               exported name: cmon_get_inching_status
       15    _cmon_get_joint_position
               exported name: cmon_get_joint_position
       16    _cmon_get_lock_status
               exported name: cmon_get_lock_status
       17    _cmon_get_log_cur_position
               exported name: cmon_get_log_cur_position
       18    _cmon_get_log_cur_torque
               exported name: cmon_get_log_cur_torque
       19    _cmon_get_log_cur_velocity
               exported name: cmon_get_log_cur_velocity
       20    _cmon_get_maintask_cur_cycle
               exported name: cmon_get_maintask_cur_cycle
       21    _cmon_get_maintask_cur_step
               exported name: cmon_get_maintask_cur_step
       22    _cmon_get_maintask_cycle
               exported name: cmon_get_maintask_cycle
       23    _cmon_get_maintask_move_step
               exported name: cmon_get_maintask_move_step
       24    _cmon_get_maintask_name
               exported name: cmon_get_maintask_name
       25    _cmon_get_maintask_status
               exported name: cmon_get_maintask_status
       26    _cmon_get_motor_on_status
               exported name: cmon_get_motor_on_status
       27    _cmon_get_moving_status
               exported name: cmon_get_moving_status
       28    _cmon_get_number_data
               exported name: cmon_get_number_data
       29    _cmon_get_program_list
               exported name: cmon_get_program_list
       30    _cmon_get_program_steps
               exported name: cmon_get_program_steps
       31    _cmon_get_robot_address
               exported name: cmon_get_robot_address
       32    _cmon_get_robot_connection_status
               exported name: cmon_get_robot_connection_status
       33    _cmon_get_slog
               exported name: cmon_get_slog
       34    _cmon_get_slog_size
               exported name: cmon_get_slog_size
       35    _cmon_get_string_data
               exported name: cmon_get_string_data
       36    _cmon_get_subtask_cur_cycle
               exported name: cmon_get_subtask_cur_cycle
       37    _cmon_get_subtask_cur_step
               exported name: cmon_get_subtask_cur_step
       38    _cmon_get_subtask_cycle
               exported name: cmon_get_subtask_cycle
       39    _cmon_get_subtask_name
               exported name: cmon_get_subtask_name
       40    _cmon_get_tcr_mode
               exported name: cmon_get_tcr_mode
       41    _cmon_get_teach_coordinate
               exported name: cmon_get_teach_coordinate
       42    _cmon_get_teach_speed
               exported name: cmon_get_teach_speed
       43    _cmon_get_tp_enable_status
               exported name: cmon_get_tp_enable_status
       44    _cmon_get_trans_position
               exported name: cmon_get_trans_position
       45    _cmon_reset_error
               exported name: cmon_reset_error
       46    _cmon_set_inching_on
               exported name: cmon_set_inching_on
       47    _cmon_set_jog_off
               exported name: cmon_set_jog_off
       48    _cmon_set_jog_on
               exported name: cmon_set_jog_on
       49    _cmon_set_lock
               exported name: cmon_set_lock
       50    _cmon_set_log_start
               exported name: cmon_set_log_start
       51    _cmon_set_motor_on
               exported name: cmon_set_motor_on
       52    _cmon_set_number_data
               exported name: cmon_set_number_data
       53    _cmon_set_program_steps
               exported name: cmon_set_program_steps
       54    _cmon_set_teach_coordinate
               exported name: cmon_set_teach_coordinate
       55    _cmon_set_teach_mode
               exported name: cmon_set_teach_mode
       56    _cmon_set_teach_speed
               exported name: cmon_set_teach_speed
       57    _cmon_set_tp_enable
               exported name: cmon_set_tp_enable
       58    _cmon_set_unlock
               exported name: cmon_set_unlock
       59    _cmon_start_remote_control
               exported name: cmon_start_remote_control
       60    _cmon_stop_remote_control
               exported name: cmon_stop_remote_control
